Archive member included to satisfy reference by file (symbol)

../rc/librclib.a(filter.c.obj)
                              CMakeFiles/bballbot.dir/bballbot.c.obj (rc_filter_march)
../rc/librclib.a(polynomial.c.obj)
                              ../rc/librclib.a(filter.c.obj) (rc_poly_conv)
../rc/librclib.a(ring_buffer.c.obj)
                              ../rc/librclib.a(filter.c.obj) (rc_ringbuf_alloc)
../rc/librclib.a(vector.c.obj)
                              ../rc/librclib.a(filter.c.obj) (rc_vector_alloc)
../rc/librclib.a(motor.c.obj)
                              CMakeFiles/bballbot.dir/bballbot.c.obj (rc_motor_cleanup)
../rc/librclib.a(encoder.c.obj)
                              CMakeFiles/bballbot.dir/bballbot.c.obj (rc_encoder_init)
../rc/librclib.a(mpu.c.obj)   CMakeFiles/bballbot.dir/bballbot.c.obj (mb_mpu_default_config)
../rc/librclib.a(current.c.obj)
                              CMakeFiles/bballbot.dir/bballbot.c.obj (rc_current_sense_init)
../rc/librclib.a(fram.c.obj)  ../rc/librclib.a(mpu.c.obj) (mb_read_fram)
../rc/librclib.a(algebra_common.c.obj)
                              ../rc/librclib.a(vector.c.obj) (__vectorized_mult_accumulate)
../rc/librclib.a(algebra.c.obj)
                              ../rc/librclib.a(mpu.c.obj) (rc_algebra_fit_ellipsoid)
../rc/librclib.a(matrix.c.obj)
                              ../rc/librclib.a(mpu.c.obj) (rc_matrix_empty)
../rc/librclib.a(other.c.obj)
                              ../rc/librclib.a(vector.c.obj) (rc_get_random_double)
../rc/librclib.a(quaternion.c.obj)
                              ../rc/librclib.a(mpu.c.obj) (rc_quaternion_to_tb_array)
../comms/libcomms.a(protocol.c.obj)
                              CMakeFiles/bballbot.dir/bballbot.c.obj (comms_init_protocol)
../comms/libcomms.a(listener.c.obj)
                              CMakeFiles/bballbot.dir/bballbot.c.obj (comms_listener_loop)
../comms/libcomms.a(topic_data.c.obj)
                              CMakeFiles/bballbot.dir/bballbot.c.obj (comms_init_topic_data)
../comms/libcomms.a(messages.c.obj)
                              CMakeFiles/bballbot.dir/bballbot.c.obj (mo_cmds_t_deserialize)
../comms/libcomms.a(common.c.obj)
                              ../comms/libcomms.a(listener.c.obj) (checksum)
/usr/lib/gcc/arm-none-eabi/8.3.1/thumb/v6-m/nofp/libgcc.a(_dvmd_tls.o)
                              CMakeFiles/bballbot.dir/__/lib/pico-sdk/src/rp2_common/pico_divider/divider.S.obj (__aeabi_idiv0)
/usr/lib/gcc/arm-none-eabi/8.3.1/../../../arm-none-eabi/lib/thumb/v6-m/nofp/libc.a(lib_a-atexit.o)
                              /usr/lib/gcc/arm-none-eabi/8.3.1/../../../arm-none-eabi/lib/thumb/v6-m/nofp/crt0.o (atexit)
/usr/lib/gcc/arm-none-eabi/8.3.1/../../../arm-none-eabi/lib/thumb/v6-m/nofp/libc.a(lib_a-calloc.o)
                              CMakeFiles/bballbot.dir/__/lib/pico-sdk/src/rp2_common/pico_malloc/pico_malloc.c.obj (calloc)
/usr/lib/gcc/arm-none-eabi/8.3.1/../../../arm-none-eabi/lib/thumb/v6-m/nofp/libc.a(lib_a-callocr.o)
                              /usr/lib/gcc/arm-none-eabi/8.3.1/../../../arm-none-eabi/lib/thumb/v6-m/nofp/libc.a(lib_a-calloc.o) (_calloc_r)
/usr/lib/gcc/arm-none-eabi/8.3.1/../../../arm-none-eabi/lib/thumb/v6-m/nofp/libc.a(lib_a-fflush.o)
                              ../rc/librclib.a(mpu.c.obj) (fflush)
/usr/lib/gcc/arm-none-eabi/8.3.1/../../../arm-none-eabi/lib/thumb/v6-m/nofp/libc.a(lib_a-findfp.o)
                              /usr/lib/gcc/arm-none-eabi/8.3.1/../../../arm-none-eabi/lib/thumb/v6-m/nofp/libc.a(lib_a-fflush.o) (__sinit)
/usr/lib/gcc/arm-none-eabi/8.3.1/../../../arm-none-eabi/lib/thumb/v6-m/nofp/libc.a(lib_a-fini.o)
                              /usr/lib/gcc/arm-none-eabi/8.3.1/../../../arm-none-eabi/lib/thumb/v6-m/nofp/crt0.o (__libc_fini_array)
/usr/lib/gcc/arm-none-eabi/8.3.1/../../../arm-none-eabi/lib/thumb/v6-m/nofp/libc.a(lib_a-fprintf.o)
                              ../rc/librclib.a(matrix.c.obj) (fprintf)
/usr/lib/gcc/arm-none-eabi/8.3.1/../../../arm-none-eabi/lib/thumb/v6-m/nofp/libc.a(lib_a-freer.o)
                              /usr/lib/gcc/arm-none-eabi/8.3.1/../../../arm-none-eabi/lib/thumb/v6-m/nofp/libc.a(lib_a-fflush.o) (_free_r)
/usr/lib/gcc/arm-none-eabi/8.3.1/../../../arm-none-eabi/lib/thumb/v6-m/nofp/libc.a(lib_a-fwalk.o)
                              /usr/lib/gcc/arm-none-eabi/8.3.1/../../../arm-none-eabi/lib/thumb/v6-m/nofp/libc.a(lib_a-findfp.o) (_fwalk)
/usr/lib/gcc/arm-none-eabi/8.3.1/../../../arm-none-eabi/lib/thumb/v6-m/nofp/libc.a(lib_a-fwrite.o)
                              ../rc/librclib.a(filter.c.obj) (fwrite)
/usr/lib/gcc/arm-none-eabi/8.3.1/../../../arm-none-eabi/lib/thumb/v6-m/nofp/libc.a(lib_a-impure.o)
                              /usr/lib/gcc/arm-none-eabi/8.3.1/../../../arm-none-eabi/lib/thumb/v6-m/nofp/libc.a(lib_a-fflush.o) (_global_impure_ptr)
/usr/lib/gcc/arm-none-eabi/8.3.1/../../../arm-none-eabi/lib/thumb/v6-m/nofp/libc.a(lib_a-init.o)
[...]
Memory Configuration

Name             Origin             Length             Attributes
FLASH            0x10000000         0x00200000         xr
RAM              0x20000000         0x00040000         xrw
SCRATCH_X        0x20040000         0x00001000         xrw
SCRATCH_Y        0x20041000         0x00001000         xrw
*default*        0x00000000         0xffffffff

Linker script and memory map

LOAD /usr/lib/gcc/arm-none-eabi/8.3.1/thumb/v6-m/nofp/crti.o
LOAD /usr/lib/gcc/arm-none-eabi/8.3.1/thumb/v6-m/nofp/crtbegin.o
LOAD /usr/lib/gcc/arm-none-eabi/8.3.1/../../../arm-none-eabi/lib/thumb/v6-m/nofp/crt0.o

.flash_begin    0x10000000        0x0
                0x10000000                __flash_binary_start = .

.boot2          0x10000000      0x100
                0x10000000                __boot2_start__ = .
 *(.boot2)
 .boot2         0x10000000      0x100 /tmp/ccJkdTpH.o
                0x10000100                __boot2_end__ = .
                0x00000001                ASSERT (((__boot2_end__ - __boot2_start__) == 0x100), ERROR: Pico second stage bootloader must be 256 bytes in size)

.text           0x10000100    0x10220
                0x10000100                __logical_binary_start = .
 *(.vectors)
 .vectors       0x10000100       0xd4 CMakeFiles/bballbot.dir/__/lib/pico-sdk/src/rp2_common/pico_standard_link/crt0.S.obj
                0x10000100                __vectors
                0x10000100                __VECTOR_TABLE
                0x100001c0                isr_invalid
                0x100001c0                __default_isrs_start
                0x100001c2                isr_nmi
                0x100001c4                isr_hardfault
                0x100001c6                isr_svcall
                0x100001c8                isr_pendsv
                0x100001ca                isr_systick
                0x100001cc                isr_irq30
                0x100001cc                __unhandled_user_irq
                0x100001cc                isr_irq13
                0x100001cc                isr_irq27
                0x100001cc                isr_irq31
                0x100001cc                isr_irq5
                0x100001cc                isr_irq11
                0x100001cc                isr_irq23
                0x100001cc                isr_irq18
                0x100001cc                isr_irq28
                0x100001cc                isr_irq19
                0x100001cc                isr_irq0
                0x100001cc                isr_irq6
                0x100001cc                isr_irq22
                0x100001cc                isr_irq17
                0x100001cc                isr_irq14
                0x100001cc                isr_irq2
                0x100001cc                isr_irq10
                0x100001cc                isr_irq8
                0x100001cc                isr_irq24
                0x100001cc                isr_irq1
                0x100001cc                isr_irq7
                0x100001cc                isr_irq21
                0x100001cc                isr_irq20
                0x100001cc                isr_irq15
                0x100001cc                isr_irq25
                0x100001cc                isr_irq4
                0x100001cc                isr_irq16
                0x100001cc                isr_irq29
                0x100001cc                isr_irq26
                0x100001cc                __default_isrs_end
                0x100001cc                isr_irq3
                0x100001cc                isr_irq12
                0x100001cc                isr_irq9
                0x100001d2                unhandled_user_irq_num_in_r0
 *(.binary_info_header)
 .binary_info_header
                0x100001d4       0x14 CMakeFiles/bballbot.dir/__/lib/pico-sdk/src/rp2_common/pico_standard_link/crt0.S.obj
                0x100001e8                __binary_info_header_end = .
 *(.reset)
 .reset         0x100001e8       0xa8 CMakeFiles/bballbot.dir/__/lib/pico-sdk/src/rp2_common/pico_standard_link/crt0.S.obj
                0x100001e8                _entry_point
                0x10000266                __get_current_exception
 .reset         0x10000290       0x30 CMakeFiles/bballbot.dir/__/lib/pico-sdk/src/rp2_common/pico_standard_link/binary_info.c.obj
 *(.init)
 .init          0x100002c0        0x4 /usr/lib/gcc/arm-none-eabi/8.3.1/thumb/v6-m/nofp/crti.o
                0x100002c0                _init
 *(EXCLUDE_FILE(*libm.a: *libc.a:*lib_a-mem*.o *libgcc.a:) .text*)
 .text          0x100002c4       0x98 /usr/lib/gcc/arm-none-eabi/8.3.1/thumb/v6-m/nofp/crtbegin.o
 .text.register_topics
                0x1000035c       0x40 CMakeFiles/bballbot.dir/bballbot.c.obj
                0x1000035c                register_topics
 .text.startup.main
                0x1000039c      0x818 CMakeFiles/bballbot.dir/bballbot.c.obj
                0x1000039c                main
 .text.gpio_default_irq_handler
                0x10000bb4      0x24c CMakeFiles/bballbot.dir/__/lib/pico-sdk/src/rp2_common/hardware_gpio/gpio.c.obj
 .text.gpio_set_function
                0x10000e00       0x30 CMakeFiles/bballbot.dir/__/lib/pico-sdk/src/rp2_common/hardware_gpio/gpio.c.obj
                0x10000e00                gpio_set_function
 .text.gpio_get_function
                0x10000e30       0x14 CMakeFiles/bballbot.dir/__/lib/pico-sdk/src/rp2_common/hardware_gpio/gpio.c.obj
                0x10000e30                gpio_get_function
 .text.gpio_set_pulls
                0x10000e44       0x30 CMakeFiles/bballbot.dir/__/lib/pico-sdk/src/rp2_common/hardware_gpio/gpio.c.obj
                0x10000e44                gpio_set_pulls
 .text.gpio_set_irq_enabled_with_callback
                0x10000e74       0xac CMakeFiles/bballbot.dir/__/lib/pico-sdk/src/rp2_common/hardware_gpio/gpio.c.obj
                0x10000e74                gpio_set_irq_enabled_with_callback
 .text.gpio_set_input_enabled
                0x10000f20       0x28 CMakeFiles/bballbot.dir/__/lib/pico-sdk/src/rp2_common/hardware_gpio/gpio.c.obj
                0x10000f20                gpio_set_input_enabled
 .text.gpio_init
                0x10000f48       0x3c CMakeFiles/bballbot.dir/__/lib/pico-sdk/src/rp2_common/hardware_gpio/gpio.c.obj
                0x10000f48                gpio_init
 .text.hw_claim_lock
                0x10000f84       0x18 CMakeFiles/bballbot.dir/__/lib/pico-sdk/src/rp2_common/hardware_claim/claim.c.obj
                0x10000f84                hw_claim_lock
 .text.hw_claim_unlock
                0x10000f9c       0x14 CMakeFiles/bballbot.dir/__/lib/pico-sdk/src/rp2_common/hardware_claim/claim.c.obj
                0x10000f9c                hw_claim_unlock
 .text.hw_is_claimed
                0x10000fb0       0x18 CMakeFiles/bballbot.dir/__/lib/pico-sdk/src/rp2_common/hardware_claim/claim.c.obj
                0x10000fb0                hw_is_claimed
 .text.hw_claim_or_assert
                0x10000fc8       0x44 CMakeFiles/bballbot.dir/__/lib/pico-sdk/src/rp2_common/hardware_claim/claim.c.obj
                0x10000fc8                hw_claim_or_assert
 .text.hw_claim_unused_from_range
                0x1000100c       0x9c CMakeFiles/bballbot.dir/__/lib/pico-sdk/src/rp2_common/hardware_claim/claim.c.obj
                0x1000100c                hw_claim_unused_from_range
 .text.running_on_fpga
                0x100010a8       0x10 CMakeFiles/bballbot.dir/__/lib/pico-sdk/src/rp2_common/pico_platform/platform.c.obj
                0x100010a8                running_on_fpga
 .text.spin_locks_reset
                0x100010b8       0x1c CMakeFiles/bballbot.dir/__/lib/pico-sdk/src/rp2_common/hardware_sync/sync.c.obj
                0x100010b8                spin_locks_reset
 .text.next_striped_spin_lock_num
                0x100010d4       0x18 CMakeFiles/bballbot.dir/__/lib/pico-sdk/src/rp2_common/hardware_sync/sync.c.obj
                0x100010d4                next_striped_spin_lock_num
 .text.spin_lock_claim_unused
                0x100010ec       0x20 CMakeFiles/bballbot.dir/__/lib/pico-sdk/src/rp2_common/hardware_sync/sync.c.obj
                0x100010ec                spin_lock_claim_unused
 .text.irq_set_enabled
                0x1000110c       0x24 CMakeFiles/bballbot.dir/__/lib/pico-sdk/src/rp2_common/hardware_irq/irq.c.obj
                0x1000110c                irq_set_enabled
 .text.irq_is_enabled
                0x10001130       0x18 CMakeFiles/bballbot.dir/__/lib/pico-sdk/src/rp2_common/hardware_irq/irq.c.obj
                0x10001130                irq_is_enabled
 .text.irq_set_pending
                0x10001148       0x10 CMakeFiles/bballbot.dir/__/lib/pico-sdk/src/rp2_common/hardware_irq/irq.c.obj
                0x10001148                irq_set_pending
 .text.irq_has_shared_handler
                0x10001158       0x2c CMakeFiles/bballbot.dir/__/lib/pico-sdk/src/rp2_common/hardware_irq/irq.c.obj
                0x10001158                irq_has_shared_handler
 .text.irq_get_vtable_handler
                0x10001184       0x10 CMakeFiles/bballbot.dir/__/lib/pico-sdk/src/rp2_common/hardware_irq/irq.c.obj
                0x10001184                irq_get_vtable_handler
 .text.irq_set_exclusive_handler
                0x10001194       0x54 CMakeFiles/bballbot.dir/__/lib/pico-sdk/src/rp2_common/hardware_irq/irq.c.obj
                0x10001194                irq_set_exclusive_handler
 .text.irq_add_shared_handler
                0x100011e8      0x1c8 CMakeFiles/bballbot.dir/__/lib/pico-sdk/src/rp2_common/hardware_irq/irq.c.obj
                0x100011e8                irq_add_shared_handler
 .text.irq_remove_handler
                0x100013b0      0x1b4 CMakeFiles/bballbot.dir/__/lib/pico-sdk/src/rp2_common/hardware_irq/irq.c.obj
                0x100013b0                irq_remove_handler
 .text.irq_add_tail_to_free_list
                0x10001564       0xb4 CMakeFiles/bballbot.dir/__/lib/pico-sdk/src/rp2_common/hardware_irq/irq.c.obj
                0x10001564                irq_add_tail_to_free_list
 .text.irq_init_priorities
                0x10001618       0x24 CMakeFiles/bballbot.dir/__/lib/pico-sdk/src/rp2_common/hardware_irq/irq.c.obj
                0x10001618                irq_init_priorities
 .text.user_irq_claim_unused
                0x1000163c       0x30 CMakeFiles/bballbot.dir/__/lib/pico-sdk/src/rp2_common/hardware_irq/irq.c.obj
                0x1000163c                user_irq_claim_unused
 .text.lock_init
                0x1000166c       0x10 CMakeFiles/bballbot.dir/__/lib/pico-sdk/src/common/pico_sync/lock_core.c.obj
                0x1000166c                lock_init
 .text.timer_pool_entry_comparator
                0x1000167c       0x34 CMakeFiles/bballbot.dir/__/lib/pico-sdk/src/common/pico_time/time.c.obj
                0x1000167c                timer_pool_entry_comparator
 .text.sleep_until_callback
                0x100016b0       0x30 CMakeFiles/bballbot.dir/__/lib/pico-sdk/src/common/pico_time/time.c.obj
 .text.add_alarm_under_lock
                0x100016e0      0x114 CMakeFiles/bballbot.dir/__/lib/pico-sdk/src/common/pico_time/time.c.obj
 .text.alarm_pool_alarm_callback
                0x100017f4      0x1d0 CMakeFiles/bballbot.dir/__/lib/pico-sdk/src/common/pico_time/time.c.obj
 .text.alarm_pool_init_default
                0x100019c4       0x64 CMakeFiles/bballbot.dir/__/lib/pico-sdk/src/common/pico_time/time.c.obj
                0x100019c4                alarm_pool_init_default
 .text.alarm_pool_get_default
                0x10001a28        0x8 CMakeFiles/bballbot.dir/__/lib/pico-sdk/src/common/pico_time/time.c.obj
                0x10001a28                alarm_pool_get_default
 .text.alarm_pool_add_alarm_at
                0x10001a30      0x19c CMakeFiles/bballbot.dir/__/lib/pico-sdk/src/common/pico_time/time.c.obj
                0x10001a30                alarm_pool_add_alarm_at
 .text.alarm_pool_cancel_alarm
                0x10001bcc       0x70 CMakeFiles/bballbot.dir/__/lib/pico-sdk/src/common/pico_time/time.c.obj
                0x10001bcc                alarm_pool_cancel_alarm
 .text.sleep_until
                0x10001c3c       0xc4 CMakeFiles/bballbot.dir/__/lib/pico-sdk/src/common/pico_time/time.c.obj
                0x10001c3c                sleep_until
 .text.sleep_us
                0x10001d00       0xe8 CMakeFiles/bballbot.dir/__/lib/pico-sdk/src/common/pico_time/time.c.obj
                0x10001d00                sleep_us
 .text.sleep_ms
                0x10001de8       0x38 CMakeFiles/bballbot.dir/__/lib/pico-sdk/src/common/pico_time/time.c.obj
                0x10001de8                sleep_ms
 .text.best_effort_wfe_or_timeout
                0x10001e20       0x58 CMakeFiles/bballbot.dir/__/lib/pico-sdk/src/common/pico_time/time.c.obj
                0x10001e20                best_effort_wfe_or_timeout
 .text.hardware_alarm_irq_handler
                0x10001e78       0xb0 CMakeFiles/bballbot.dir/__/lib/pico-sdk/src/rp2_common/hardware_timer/timer.c.obj
 .text.hardware_alarm_claim
                0x10001f28       0x18 CMakeFiles/bballbot.dir/__/lib/pico-sdk/src/rp2_common/hardware_timer/timer.c.obj
                0x10001f28                hardware_alarm_claim
 .text.time_us_64
                0x10001f40       0x18 CMakeFiles/bballbot.dir/__/lib/pico-sdk/src/rp2_common/hardware_timer/timer.c.obj
                0x10001f40                time_us_64
 .text.busy_wait_us
                0x10001f58       0x60 CMakeFiles/bballbot.dir/__/lib/pico-sdk/src/rp2_common/hardware_timer/timer.c.obj
                0x10001f58                busy_wait_us
 .text.busy_wait_until
                0x10001fb8       0x20 CMakeFiles/bballbot.dir/__/lib/pico-sdk/src/rp2_common/hardware_timer/timer.c.obj
                0x10001fb8                busy_wait_until
 .text.hardware_alarm_set_callback
                0x10001fd8       0x8c CMakeFiles/bballbot.dir/__/lib/pico-sdk/src/rp2_common/hardware_timer/timer.c.obj
                0x10001fd8                hardware_alarm_set_callback
 .text.hardware_alarm_set_target
                0x10002064       0xe8 CMakeFiles/bballbot.dir/__/lib/pico-sdk/src/rp2_common/hardware_timer/timer.c.obj
                0x10002064                hardware_alarm_set_target
 .text.hardware_alarm_cancel
                0x1000214c       0x40 CMakeFiles/bballbot.dir/__/lib/pico-sdk/src/rp2_common/hardware_timer/timer.c.obj
                0x1000214c                hardware_alarm_cancel
 .text.ph_merge_nodes
                0x1000218c       0x5c CMakeFiles/bballbot.dir/__/lib/pico-sdk/src/common/pico_util/pheap.c.obj
 .text.ph_post_alloc_init
                0x100021e8      0x1b8 CMakeFiles/bballbot.dir/__/lib/pico-sdk/src/common/pico_util/pheap.c.obj
                0x100021e8                ph_post_alloc_init
 .text.ph_merge_two_pass
                0x100023a0       0x4c CMakeFiles/bballbot.dir/__/lib/pico-sdk/src/common/pico_util/pheap.c.obj
                0x100023a0                ph_merge_two_pass
 .text.ph_remove_any_head
                0x100023ec      0x1b8 CMakeFiles/bballbot.dir/__/lib/pico-sdk/src/common/pico_util/pheap.c.obj
 .text.ph_remove_head
                0x100025a4      0x1bc CMakeFiles/bballbot.dir/__/lib/pico-sdk/src/common/pico_util/pheap.c.obj
                0x100025a4                ph_remove_head
 .text.ph_remove_and_free_node
                0x10002760       0x7c CMakeFiles/bballbot.dir/__/lib/pico-sdk/src/common/pico_util/pheap.c.obj
                0x10002760                ph_remove_and_free_node
 .text.mutex_init
                0x100027dc       0x1c CMakeFiles/bballbot.dir/__/lib/pico-sdk/src/common/pico_sync/mutex.c.obj
                0x100027dc                mutex_init
 .text.recursive_mutex_init
                0x100027f8       0x1c CMakeFiles/bballbot.dir/__/lib/pico-sdk/src/common/pico_sync/mutex.c.obj
                0x100027f8                recursive_mutex_init
 .text.critical_section_init
                0x10002814       0x20 CMakeFiles/bballbot.dir/__/lib/pico-sdk/src/common/pico_sync/critical_section.c.obj
                0x10002814                critical_section_init
 .text.runtime_init
                0x10002834       0xf4 CMakeFiles/bballbot.dir/__/lib/pico-sdk/src/rp2_common/pico_runtime/runtime.c.obj
                0x10002834                runtime_init
 .text._sbrk    0x10002928       0x34 CMakeFiles/bballbot.dir/__/lib/pico-sdk/src/rp2_common/pico_runtime/runtime.c.obj
                0x10002928                _sbrk
 .text.exit     0x1000295c        0x4 CMakeFiles/bballbot.dir/__/lib/pico-sdk/src/rp2_common/pico_runtime/runtime.c.obj
                0x1000295c                exit
 .text.panic    0x10002960       0x30 CMakeFiles/bballbot.dir/__/lib/pico-sdk/src/rp2_common/pico_runtime/runtime.c.obj
                0x10002960                panic
 .text.hard_assertion_failure
                0x10002990        0xc CMakeFiles/bballbot.dir/__/lib/pico-sdk/src/rp2_common/pico_runtime/runtime.c.obj
                0x10002990                hard_assertion_failure
 .text.clocks_init
                0x1000299c      0x2c0 CMakeFiles/bballbot.dir/__/lib/pico-sdk/src/rp2_common/hardware_clocks/clocks.c.obj
                0x1000299c                clocks_init
 .text.clock_get_hz
                0x10002c5c        0xc CMakeFiles/bballbot.dir/__/lib/pico-sdk/src/rp2_common/hardware_clocks/clocks.c.obj
                0x10002c5c                clock_get_hz
 .text.pll_init
                0x10002c68       0xa8 CMakeFiles/bballbot.dir/__/lib/pico-sdk/src/rp2_common/hardware_pll/pll.c.obj
                0x10002c68                pll_init
 .text.watchdog_start_tick
                0x10002d10       0x10 CMakeFiles/bballbot.dir/__/lib/pico-sdk/src/rp2_common/hardware_watchdog/watchdog.c.obj
                0x10002d10                watchdog_start_tick
 .text.watchdog_reboot
                0x10002d20       0x98 CMakeFiles/bballbot.dir/__/lib/pico-sdk/src/rp2_common/hardware_watchdog/watchdog.c.obj
                0x10002d20                watchdog_reboot
 .text.xosc_init
                0x10002db8       0x28 CMakeFiles/bballbot.dir/__/lib/pico-sdk/src/rp2_common/hardware_xosc/xosc.c.obj
                0x10002db8                xosc_init
 .text._out_null
                0x10002de0        0x4 CMakeFiles/bballbot.dir/__/lib/pico-sdk/src/rp2_common/pico_printf/printf.c.obj
 .text._out_rev
                0x10002de4       0x9c CMakeFiles/bballbot.dir/__/lib/pico-sdk/src/rp2_common/pico_printf/printf.c.obj
 .text._ntoa_format
                0x10002e80      0x1c8 CMakeFiles/bballbot.dir/__/lib/pico-sdk/src/rp2_common/pico_printf/printf.c.obj
 .text._out_char
                0x10003048       0x10 CMakeFiles/bballbot.dir/__/lib/pico-sdk/src/rp2_common/pico_printf/printf.c.obj
 .text._out_fct
                0x10003058       0x10 CMakeFiles/bballbot.dir/__/lib/pico-sdk/src/rp2_common/pico_printf/printf.c.obj
 .text._etoa    0x10003068      0x45c CMakeFiles/bballbot.dir/__/lib/pico-sdk/src/rp2_common/pico_printf/printf.c.obj
 .text._ftoa    0x100034c4      0x4c0 CMakeFiles/bballbot.dir/__/lib/pico-sdk/src/rp2_common/pico_printf/printf.c.obj
 .text._vsnprintf
                0x10003984      0xad0 CMakeFiles/bballbot.dir/__/lib/pico-sdk/src/rp2_common/pico_printf/printf.c.obj
 .text.vfctprintf
                0x10004454       0x20 CMakeFiles/bballbot.dir/__/lib/pico-sdk/src/rp2_common/pico_printf/printf.c.obj
                0x10004454                vfctprintf
 .text.weak_raw_vprintf
                0x10004474       0x30 CMakeFiles/bballbot.dir/__/lib/pico-sdk/src/rp2_common/pico_printf/printf.c.obj
                0x10004474                weak_raw_vprintf
 .text          0x100044a4       0x10 CMakeFiles/bballbot.dir/__/lib/pico-sdk/src/rp2_common/pico_bit_ops/bit_ops_aeabi.S.obj
 .text.rom_func_lookup
                0x100044b4       0x10 CMakeFiles/bballbot.dir/__/lib/pico-sdk/src/rp2_common/pico_bootrom/bootrom.c.obj
                0x100044b4                rom_func_lookup
 .text.rom_data_lookup
                0x100044c4       0x10 CMakeFiles/bballbot.dir/__/lib/pico-sdk/src/rp2_common/pico_bootrom/bootrom.c.obj
                0x100044c4                rom_data_lookup
 .text.rom_funcs_lookup
                0x100044d4       0x3c CMakeFiles/bballbot.dir/__/lib/pico-sdk/src/rp2_common/pico_bootrom/bootrom.c.obj
                0x100044d4                rom_funcs_lookup
 .text.__wrap___aeabi_idiv
                0x10004510       0x50 CMakeFiles/bballbot.dir/__/lib/pico-sdk/src/rp2_common/pico_divider/divider.S.obj
                0x10004510                __wrap___aeabi_idivmod
                0x10004510                divmod_s32s32
                0x10004510                div_s32s32
                0x10004510                __wrap___aeabi_idiv
                0x10004518                divmod_s32s32_unsafe
                0x10004544                divmod_s32s32_savestate
 .text.__wrap___aeabi_uidiv
                0x10004560       0x4c CMakeFiles/bballbot.dir/__/lib/pico-sdk/src/rp2_common/pico_divider/divider.S.obj
                0x10004560                __wrap___aeabi_uidiv
                0x10004560                __wrap___aeabi_uidivmod
                0x10004560                div_u32u32
                0x10004560                divmod_u32u32
                0x10004568                divmod_u32u32_unsafe
                0x10004590                divmod_u32u32_savestate
 .text.__wrap___aeabi_ldiv
                0x100045ac      0x434 CMakeFiles/bballbot.dir/__/lib/pico-sdk/src/rp2_common/pico_divider/divider.S.obj
                0x100045ac                div_s64s64
                0x100045ac                divmod_s64s64
                0x100045ac                __wrap___aeabi_ldivmod
                0x100045e4                div_u64u64
                0x100045e4                divmod_u64u64
                0x100045e4                __wrap___aeabi_uldivmod
                0x100045f4                divmod_u64u64_savestate
                0x1000461c                divmod_s64s64_unsafe
                0x100046a4                divmod_u64u64_unsafe
 .text.push_r8_r11
                0x100049e0        0xc CMakeFiles/bballbot.dir/__/lib/pico-sdk/src/rp2_common/pico_double/double_aeabi.S.obj
                0x100049e0                push_r8_r11
 .text.pop_r8_r11
                0x100049ec        0xc CMakeFiles/bballbot.dir/__/lib/pico-sdk/src/rp2_common/pico_double/double_aeabi.S.obj
                0x100049ec                pop_r8_r11
 .text.__wrap___aeabi_darithmetic
                0x100049f8       0x80 CMakeFiles/bballbot.dir/__/lib/pico-sdk/src/rp2_common/pico_double/double_aeabi.S.obj
                0x100049f8                __wrap___aeabi_drsub
                0x100049fe                __wrap___aeabi_dsub
                0x10004a10                __wrap___aeabi_dadd
                0x10004a22                __wrap___aeabi_ddiv
                0x10004a5e                __wrap___aeabi_dmul
 .text.__wrap___aeabi_cdcmple
                0x10004a78       0x6c CMakeFiles/bballbot.dir/__/lib/pico-sdk/src/rp2_common/pico_double/double_aeabi.S.obj
                0x10004a78                __wrap___aeabi_cdrcmple
                0x10004a88                __wrap___aeabi_cdcmple
                0x10004a88                __wrap___aeabi_cdcmpeq
 .text.__wrap___aeabi_dcmplt
                0x10004ae4        0xc CMakeFiles/bballbot.dir/__/lib/pico-sdk/src/rp2_common/pico_double/double_aeabi.S.obj
                0x10004ae4                __wrap___aeabi_dcmplt
 .text.__wrap___aeabi_dcmple
                0x10004af0       0x10 CMakeFiles/bballbot.dir/__/lib/pico-sdk/src/rp2_common/pico_double/double_aeabi.S.obj
                0x10004af0                __wrap___aeabi_dcmple
 .text.__wrap___aeabi_dcmpge
                0x10004b00       0x10 CMakeFiles/bballbot.dir/__/lib/pico-sdk/src/rp2_common/pico_double/double_aeabi.S.obj
                0x10004b00                __wrap___aeabi_dcmpge
 .text.__wrap___aeabi_dcmpgt
                0x10004b10        0xa CMakeFiles/bballbot.dir/__/lib/pico-sdk/src/rp2_common/pico_double/double_aeabi.S.obj
                0x10004b10                __wrap___aeabi_dcmpgt
 .text.__wrap___aeabi_dcmpun
                0x10004b1a       0x1c CMakeFiles/bballbot.dir/__/lib/pico-sdk/src/rp2_common/pico_double/double_aeabi.S.obj
                0x10004b1a                __wrap___aeabi_dcmpun
 *fill*         0x10004b36        0x2 
 .text.__wrap___aeabi_i2d
                0x10004b38       0x38 CMakeFiles/bballbot.dir/__/lib/pico-sdk/src/rp2_common/pico_double/double_aeabi.S.obj
                0x10004b38                __wrap___aeabi_ui2d
                0x10004b40                __wrap___aeabi_i2d
 .text.__wrap___aeabi_d2iz
                0x10004b70       0x48 CMakeFiles/bballbot.dir/__/lib/pico-sdk/src/rp2_common/pico_double/double_aeabi.S.obj
                0x10004b70                __wrap___aeabi_d2iz
                0x10004b70                double2int_z
 .text.__wrap___aeabi_d2uiz
                0x10004bb8       0x18 CMakeFiles/bballbot.dir/__/lib/pico-sdk/src/rp2_common/pico_double/double_aeabi.S.obj
                0x10004bb8                double2uint
                0x10004bb8                __wrap___aeabi_d2uiz
 .text.fix642double
                0x10004bd0       0x18 CMakeFiles/bballbot.dir/__/lib/pico-sdk/src/rp2_common/pico_double/double_aeabi.S.obj
                0x10004bd0                fix642double
 .text.__wrap___aeabi_ul2d
                0x10004be8       0x18 CMakeFiles/bballbot.dir/__/lib/pico-sdk/src/rp2_common/pico_double/double_aeabi.S.obj
                0x10004be8                __wrap___aeabi_ul2d
 .text.__wrap___aeabi_d2f
                0x10004c00       0x18 CMakeFiles/bballbot.dir/__/lib/pico-sdk/src/rp2_common/pico_double/double_aeabi.S.obj
                0x10004c00                __wrap___aeabi_d2f
 .text.__wrap_srqt
                0x10004c18       0x18 CMakeFiles/bballbot.dir/__/lib/pico-sdk/src/rp2_common/pico_double/double_aeabi.S.obj
                0x10004c18                __wrap_sqrt
 .text.__wrap_sincostan_remainder
                0x10004c30       0x14 CMakeFiles/bballbot.dir/__/lib/pico-sdk/src/rp2_common/pico_double/double_aeabi.S.obj
                0x10004c30                sincostan_remainder
 .text.__wrap_cos
                0x10004c44       0x2c CMakeFiles/bballbot.dir/__/lib/pico-sdk/src/rp2_common/pico_double/double_aeabi.S.obj
                0x10004c44                __wrap_cos
 .text.__wrap_sin
                0x10004c70       0x2c CMakeFiles/bballbot.dir/__/lib/pico-sdk/src/rp2_common/pico_double/double_aeabi.S.obj
                0x10004c70                __wrap_sin
 .text.__wrap_atan2
                0x10004c9c       0x18 CMakeFiles/bballbot.dir/__/lib/pico-sdk/src/rp2_common/pico_double/double_aeabi.S.obj
                0x10004c9c                __wrap_atan2
 .text.__aeabi_double_init
                0x10004cb4       0xbc CMakeFiles/bballbot.dir/__/lib/pico-sdk/src/rp2_common/pico_double/double_init_rom.c.obj
                0x10004cb4                __aeabi_double_init
 .text.__wrap_round
                0x10004d70       0xa0 CMakeFiles/bballbot.dir/__/lib/pico-sdk/src/rp2_common/pico_double/double_math.c.obj
                0x10004d70                __wrap_round
 .text.__wrap_asin
                0x10004e10       0x58 CMakeFiles/bballbot.dir/__/lib/pico-sdk/src/rp2_common/pico_double/double_math.c.obj
                0x10004e10                __wrap_asin
 .text.__wrap_fmod
                0x10004e68      0x17c CMakeFiles/bballbot.dir/__/lib/pico-sdk/src/rp2_common/pico_double/double_math.c.obj
                0x10004e68                __wrap_fmod
 .text.__wrap_remquo
                0x10004fe4      0x288 CMakeFiles/bballbot.dir/__/lib/pico-sdk/src/rp2_common/pico_double/double_math.c.obj
                0x10004fe4                __wrap_remquo
 .text.__wrap_remainder
                0x1000526c       0x10 CMakeFiles/bballbot.dir/__/lib/pico-sdk/src/rp2_common/pico_double/double_math.c.obj
                0x1000526c                __wrap_remainder
 .text.double_table_shim_on_use_helper
                0x1000527c       0x2c CMakeFiles/bballbot.dir/__/lib/pico-sdk/src/rp2_common/pico_double/double_v1_rom_shim.S.obj
                0x1000527c                double_table_shim_on_use_helper
 .text.__wrap___aeabi_dsub
                0x100052a8       0x10 CMakeFiles/bballbot.dir/__/lib/pico-sdk/src/rp2_common/pico_double/double_v1_rom_shim.S.obj
                0x100052a8                drsub_shim
                0x100052ae                dsub_shim
 .text.dadd_shim
                0x100052b8      0x15c CMakeFiles/bballbot.dir/__/lib/pico-sdk/src/rp2_common/pico_double/double_v1_rom_shim.S.obj
                0x100052b8                dadd_shim
 .text.dmul_shim
                0x10005414      0x15c CMakeFiles/bballbot.dir/__/lib/pico-sdk/src/rp2_common/pico_double/double_v1_rom_shim.S.obj
                0x10005414                dmul_shim
 .text.ddiv_shim
                0x10005570      0x1b0 CMakeFiles/bballbot.dir/__/lib/pico-sdk/src/rp2_common/pico_double/double_v1_rom_shim.S.obj
                0x10005570                ddiv_shim
 .text.dsqrt_shim
                0x10005720      0x1a8 CMakeFiles/bballbot.dir/__/lib/pico-sdk/src/rp2_common/pico_double/double_v1_rom_shim.S.obj
                0x1000573c                dsqrt_shim
 .text.dcordic_vec_step
                0x100058c8        0xe CMakeFiles/bballbot.dir/__/lib/pico-sdk/src/rp2_common/pico_double/double_v1_rom_shim.S.obj
                0x100058c8                dcordic_vec_step
 .text.dcordic_rot_step
                0x100058d6       0x76 CMakeFiles/bballbot.dir/__/lib/pico-sdk/src/rp2_common/pico_double/double_v1_rom_shim.S.obj
                0x100058d6                dcordic_rot_step
 .text.double2uint_shim
                0x1000594c        0xe CMakeFiles/bballbot.dir/__/lib/pico-sdk/src/rp2_common/pico_double/double_v1_rom_shim.S.obj
                0x1000594c                double2uint_shim
                0x1000594e                double2ufix_shim
 .text.double2int64_shim
                0x1000595a       0x1a CMakeFiles/bballbot.dir/__/lib/pico-sdk/src/rp2_common/pico_double/double_v1_rom_shim.S.obj
                0x1000595a                double2int64_shim
                0x1000595c                double2fix64_shim
 .text.double2uint64_shim
                0x10005974       0x70 CMakeFiles/bballbot.dir/__/lib/pico-sdk/src/rp2_common/pico_double/double_v1_rom_shim.S.obj
                0x10005974                double2uint64_shim
                0x10005976                double2ufix64_shim
                0x10005996                d2fix_a
 .text.double2float_shim
                0x100059e4       0x5c CMakeFiles/bballbot.dir/__/lib/pico-sdk/src/rp2_common/pico_double/double_v1_rom_shim.S.obj
                0x100059e4                double2float_shim
 .text.x2double_shims
                0x10005a40       0x90 CMakeFiles/bballbot.dir/__/lib/pico-sdk/src/rp2_common/pico_double/double_v1_rom_shim.S.obj
                0x10005a40                uint2double_shim
                0x10005a42                ufix2double_shim
                0x10005a48                int2double_shim
                0x10005a4a                fix2double_shim
                0x10005a50                uint642double_shim
                0x10005a52                ufix642double_shim
                0x10005a58                int642double_shim
                0x10005a5a                fix642double_shim
 .text.dunpacks
                0x10005ad0       0x3c CMakeFiles/bballbot.dir/__/lib/pico-sdk/src/rp2_common/pico_double/double_v1_rom_shim.S.obj
                0x10005ad0                dunpacks
 .text.dreduce  0x10005b0c       0x82 CMakeFiles/bballbot.dir/__/lib/pico-sdk/src/rp2_common/pico_double/double_v1_rom_shim.S.obj
                0x10005b0c                dreduce
 .text.dcos_shim
                0x10005b8e       0x10 CMakeFiles/bballbot.dir/__/lib/pico-sdk/src/rp2_common/pico_double/double_v1_rom_shim.S.obj
                0x10005b8e                dcos_shim
 .text.dsin_shim
                0x10005b9e       0x14 CMakeFiles/bballbot.dir/__/lib/pico-sdk/src/rp2_common/pico_double/double_v1_rom_shim.S.obj
                0x10005b9e                dsin_shim
 *fill*         0x10005bb2        0x2 
 .text.dtrig_guts
                0x10005bb4      0x2ec CMakeFiles/bballbot.dir/__/lib/pico-sdk/src/rp2_common/pico_double/double_v1_rom_shim.S.obj
                0x10005c8c                datan2_shim
 .text.__aeabi_lmul
                0x10005ea0       0x32 CMakeFiles/bballbot.dir/__/lib/pico-sdk/src/rp2_common/pico_int64_ops/pico_int64_ops_aeabi.S.obj
                0x10005ea0                __wrap___aeabi_lmul
 *fill*         0x10005ed2        0x2 
 .text.__wrap___aeabi_farithmetic
                0x10005ed4       0x48 CMakeFiles/bballbot.dir/__/lib/pico-sdk/src/rp2_common/pico_float/float_aeabi.S.obj
                0x10005ed4                __wrap___aeabi_frsub
                0x10005eda                __wrap___aeabi_fsub
                0x10005ee0                __wrap___aeabi_fadd
                0x10005ee6                __wrap___aeabi_fdiv
                0x10005f0e                __wrap___aeabi_fmul
 .text.__wrap___aeabi_cfcmple
                0x10005f1c       0x50 CMakeFiles/bballbot.dir/__/lib/pico-sdk/src/rp2_common/pico_float/float_aeabi.S.obj
                0x10005f1c                __wrap___aeabi_cfrcmple
                0x10005f28                __wrap___aeabi_cfcmpeq
                0x10005f28                __wrap___aeabi_cfcmple
 .text.__wrap___aeabi_fcmplt
                0x10005f6c        0xc CMakeFiles/bballbot.dir/__/lib/pico-sdk/src/rp2_common/pico_float/float_aeabi.S.obj
                0x10005f6c                __wrap___aeabi_fcmplt
 .text.__wrap___aeabi_i2f
                0x10005f78       0x44 CMakeFiles/bballbot.dir/__/lib/pico-sdk/src/rp2_common/pico_float/float_aeabi.S.obj
                0x10005f78                __wrap___aeabi_i2f
 .text.__wrap___aeabi_l2f
                0x10005fbc       0x20 CMakeFiles/bballbot.dir/__/lib/pico-sdk/src/rp2_common/pico_float/float_aeabi.S.obj
                0x10005fc0                __wrap___aeabi_l2f
 .text.__wrap___aeabi_f2d
                0x10005fdc       0x14 CMakeFiles/bballbot.dir/__/lib/pico-sdk/src/rp2_common/pico_float/float_aeabi.S.obj
                0x10005fdc                __wrap___aeabi_f2d
 .text.__wrap_srqtf
                0x10005ff0       0x20 CMakeFiles/bballbot.dir/__/lib/pico-sdk/src/rp2_common/pico_float/float_aeabi.S.obj
                0x10005ff0                __wrap_sqrtf
 .text.__aeabi_float_init
                0x10006010       0x68 CMakeFiles/bballbot.dir/__/lib/pico-sdk/src/rp2_common/pico_float/float_init_rom.c.obj
                0x10006010                __aeabi_float_init
 .text.float_table_shim_on_use_helper
                0x10006078       0x2c CMakeFiles/bballbot.dir/__/lib/pico-sdk/src/rp2_common/pico_float/float_v1_rom_shim.S.obj
                0x10006078                float_table_shim_on_use_helper
 .text.642float_shims
                0x100060a4       0x44 CMakeFiles/bballbot.dir/__/lib/pico-sdk/src/rp2_common/pico_float/float_v1_rom_shim.S.obj
                0x100060a4                uint642float_shim
                0x100060a6                ufix642float_shim
                0x100060b6                int642float_shim
                0x100060b8                fix642float_shim
 .text.float2double_shim
                0x100060e8       0x30 CMakeFiles/bballbot.dir/__/lib/pico-sdk/src/rp2_common/pico_float/float_v1_rom_shim.S.obj
                0x100060e8                float2double_shim
 .text.__wrap_malloc
                0x10006118       0x3c CMakeFiles/bballbot.dir/__/lib/pico-sdk/src/rp2_common/pico_malloc/pico_malloc.c.obj
                0x10006118                __wrap_malloc
 .text.__wrap_calloc
                0x10006154       0x40 CMakeFiles/bballbot.dir/__/lib/pico-sdk/src/rp2_common/pico_malloc/pico_malloc.c.obj
                0x10006154                __wrap_calloc
 .text.__wrap_free
                0x10006194       0x20 CMakeFiles/bballbot.dir/__/lib/pico-sdk/src/rp2_common/pico_malloc/pico_malloc.c.obj
                0x10006194                __wrap_free
 .text          0x100061b4       0x10 CMakeFiles/bballbot.dir/__/lib/pico-sdk/src/rp2_common/pico_mem_ops/mem_ops_aeabi.S.obj
                0x100061b4                __aeabi_mem_init
 .text.memset   0x100061c4        0xc CMakeFiles/bballbot.dir/__/lib/pico-sdk/src/rp2_common/pico_mem_ops/mem_ops_aeabi.S.obj
                0x100061c4                __wrap_memset
 .text.memcpy   0x100061d0        0xc CMakeFiles/bballbot.dir/__/lib/pico-sdk/src/rp2_common/pico_mem_ops/mem_ops_aeabi.S.obj
                0x100061d0                __wrap___aeabi_memcpy
                0x100061d0                __wrap_memcpy
 .text.stdio_out_chars_no_crlf
                0x100061dc       0x10 CMakeFiles/bballbot.dir/__/lib/pico-sdk/src/rp2_common/pico_stdio/stdio.c.obj
 .text.stdio_out_chars_crlf
                0x100061ec       0xac CMakeFiles/bballbot.dir/__/lib/pico-sdk/src/rp2_common/pico_stdio/stdio.c.obj
 .text.stdio_stack_buffer_flush.part.1
                0x10006298       0xe8 CMakeFiles/bballbot.dir/__/lib/pico-sdk/src/rp2_common/pico_stdio/stdio.c.obj
 .text.stdio_buffered_printer
                0x10006380       0x20 CMakeFiles/bballbot.dir/__/lib/pico-sdk/src/rp2_common/pico_stdio/stdio.c.obj
 .text.stdio_put_string
                0x100063a0       0xf8 CMakeFiles/bballbot.dir/__/lib/pico-sdk/src/rp2_common/pico_stdio/stdio.c.obj
 .text.__wrap_putchar
                0x10006498       0xa4 CMakeFiles/bballbot.dir/__/lib/pico-sdk/src/rp2_common/pico_stdio/stdio.c.obj
                0x10006498                __wrap_putchar
 .text.__wrap_puts
                0x1000653c       0x3c CMakeFiles/bballbot.dir/__/lib/pico-sdk/src/rp2_common/pico_stdio/stdio.c.obj
                0x1000653c                __wrap_puts
 .text._read    0x10006578       0x94 CMakeFiles/bballbot.dir/__/lib/pico-sdk/src/rp2_common/pico_stdio/stdio.c.obj
                0x10006578                _read
 .text._write   0x1000660c       0x24 CMakeFiles/bballbot.dir/__/lib/pico-sdk/src/rp2_common/pico_stdio/stdio.c.obj
                0x1000660c                _write
 .text.stdio_set_driver_enabled
                0x10006630       0x30 CMakeFiles/bballbot.dir/__/lib/pico-sdk/src/rp2_common/pico_stdio/stdio.c.obj
                0x10006630                stdio_set_driver_enabled
 .text.__wrap_vprintf
                0x10006660       0x98 CMakeFiles/bballbot.dir/__/lib/pico-sdk/src/rp2_common/pico_stdio/stdio.c.obj
                0x10006660                __wrap_vprintf
 .text.__wrap_printf
                0x100066f8       0x18 CMakeFiles/bballbot.dir/__/lib/pico-sdk/src/rp2_common/pico_stdio/stdio.c.obj
                0x100066f8                __wrap_printf
 .text.stdio_init_all
                0x10006710        0x8 CMakeFiles/bballbot.dir/__/lib/pico-sdk/src/rp2_common/pico_stdio/stdio.c.obj
                0x10006710                stdio_init_all
 .text.resetd_init
                0x10006718        0x4 CMakeFiles/bballbot.dir/__/lib/pico-sdk/src/rp2_common/pico_stdio_usb/reset_interface.c.obj
 .text.resetd_reset
                0x1000671c        0xc CMakeFiles/bballbot.dir/__/lib/pico-sdk/src/rp2_common/pico_stdio_usb/reset_interface.c.obj
 .text.resetd_open
                0x10006728       0x28 CMakeFiles/bballbot.dir/__/lib/pico-sdk/src/rp2_common/pico_stdio_usb/reset_interface.c.obj
 .text.resetd_xfer_cb
                0x10006750        0x4 CMakeFiles/bballbot.dir/__/lib/pico-sdk/src/rp2_common/pico_stdio_usb/reset_interface.c.obj
 .text.resetd_control_xfer_cb
                0x10006754       0x64 CMakeFiles/bballbot.dir/__/lib/pico-sdk/src/rp2_common/pico_stdio_usb/reset_interface.c.obj
 .text.usbd_app_driver_get_cb
                0x100067b8        0xc CMakeFiles/bballbot.dir/__/lib/pico-sdk/src/rp2_common/pico_stdio_usb/reset_interface.c.obj
                0x100067b8                usbd_app_driver_get_cb
 .text.tud_cdc_line_coding_cb
                0x100067c4       0x34 CMakeFiles/bballbot.dir/__/lib/pico-sdk/src/rp2_common/pico_stdio_usb/reset_interface.c.obj
                0x100067c4                tud_cdc_line_coding_cb
 .text.stdio_usb_in_chars
                0x100067f8       0x68 CMakeFiles/bballbot.dir/__/lib/pico-sdk/src/rp2_common/pico_stdio_usb/stdio_usb.c.obj
                0x100067f8                stdio_usb_in_chars
 .text.stdio_usb_out_chars
                0x10006860       0xf0 CMakeFiles/bballbot.dir/__/lib/pico-sdk/src/rp2_common/pico_stdio_usb/stdio_usb.c.obj
 .text.timer_task
                0x10006950       0x18 CMakeFiles/bballbot.dir/__/lib/pico-sdk/src/rp2_common/pico_stdio_usb/stdio_usb.c.obj
 .text.usb_irq  0x10006968       0x10 CMakeFiles/bballbot.dir/__/lib/pico-sdk/src/rp2_common/pico_stdio_usb/stdio_usb.c.obj
 .text.low_priority_worker_irq
                0x10006978       0x24 CMakeFiles/bballbot.dir/__/lib/pico-sdk/src/rp2_common/pico_stdio_usb/stdio_usb.c.obj
 .text.stdio_usb_in_chars_itf
                0x1000699c       0x6c CMakeFiles/bballbot.dir/__/lib/pico-sdk/src/rp2_common/pico_stdio_usb/stdio_usb.c.obj
                0x1000699c                stdio_usb_in_chars_itf
 .text.stdio_usb_out_chars_itf
                0x10006a08       0xf8 CMakeFiles/bballbot.dir/__/lib/pico-sdk/src/rp2_common/pico_stdio_usb/stdio_usb.c.obj
                0x10006a08                stdio_usb_out_chars_itf
 .text.stdio_usb_init
                0x10006b00       0xac CMakeFiles/bballbot.dir/__/lib/pico-sdk/src/rp2_common/pico_stdio_usb/stdio_usb.c.obj
                0x10006b00                stdio_usb_init
 .text.tud_descriptor_device_cb
                0x10006bac        0x8 CMakeFiles/bballbot.dir/__/lib/pico-sdk/src/rp2_common/pico_stdio_usb/stdio_usb_descriptors.c.obj
                0x10006bac                tud_descriptor_device_cb
 .text.tud_descriptor_configuration_cb
                0x10006bb4        0x8 CMakeFiles/bballbot.dir/__/lib/pico-sdk/src/rp2_common/pico_stdio_usb/stdio_usb_descriptors.c.obj
                0x10006bb4                tud_descriptor_configuration_cb
 .text.tud_descriptor_string_cb
                0x10006bbc       0x70 CMakeFiles/bballbot.dir/__/lib/pico-sdk/src/rp2_common/pico_stdio_usb/stdio_usb_descriptors.c.obj
                0x10006bbc                tud_descriptor_string_cb
 .text.dcd_rp2040_irq
                0x10006c2c      0x21c CMakeFiles/bballbot.dir/__/lib/pico-sdk/lib/tinyusb/src/portable/raspberrypi/rp2040/dcd_rp2040.c.obj
 .text.dcd_int_enable
                0x10006e48        0xc CMakeFiles/bballbot.dir/__/lib/pico-sdk/lib/tinyusb/src/portable/raspberrypi/rp2040/dcd_rp2040.c.obj
                0x10006e48                dcd_int_enable
 .text.dcd_set_address
                0x10006e54       0x14 CMakeFiles/bballbot.dir/__/lib/pico-sdk/lib/tinyusb/src/portable/raspberrypi/rp2040/dcd_rp2040.c.obj
                0x10006e54                dcd_set_address
 .text.dcd_connect
                0x10006e68       0x10 CMakeFiles/bballbot.dir/__/lib/pico-sdk/lib/tinyusb/src/portable/raspberrypi/rp2040/dcd_rp2040.c.obj
                0x10006e68                dcd_connect
 .text.dcd_init
                0x10006e78      0x144 CMakeFiles/bballbot.dir/__/lib/pico-sdk/lib/tinyusb/src/portable/raspberrypi/rp2040/dcd_rp2040.c.obj
                0x10006e78                dcd_init
 .text.dcd_edpt0_status_complete
                0x10006fbc       0x1c CMakeFiles/bballbot.dir/__/lib/pico-sdk/lib/tinyusb/src/portable/raspberrypi/rp2040/dcd_rp2040.c.obj
                0x10006fbc                dcd_edpt0_status_complete
 .text.dcd_edpt_open
                0x10006fd8       0xe4 CMakeFiles/bballbot.dir/__/lib/pico-sdk/lib/tinyusb/src/portable/raspberrypi/rp2040/dcd_rp2040.c.obj
                0x10006fd8                dcd_edpt_open
 .text.dcd_edpt_close_all
                0x100070bc       0xbc CMakeFiles/bballbot.dir/__/lib/pico-sdk/lib/tinyusb/src/portable/raspberrypi/rp2040/dcd_rp2040.c.obj
                0x100070bc                dcd_edpt_close_all
 .text.dcd_edpt_xfer
                0x10007178       0x24 CMakeFiles/bballbot.dir/__/lib/pico-sdk/lib/tinyusb/src/portable/raspberrypi/rp2040/dcd_rp2040.c.obj
                0x10007178                dcd_edpt_xfer
 .text.dcd_edpt_stall
                0x1000719c       0x34 CMakeFiles/bballbot.dir/__/lib/pico-sdk/lib/tinyusb/src/portable/raspberrypi/rp2040/dcd_rp2040.c.obj
                0x1000719c                dcd_edpt_stall
 .text.dcd_edpt_clear_stall
                0x100071d0       0x2c CMakeFiles/bballbot.dir/__/lib/pico-sdk/lib/tinyusb/src/portable/raspberrypi/rp2040/dcd_rp2040.c.obj
                0x100071d0                dcd_edpt_clear_stall
 .text._hw_endpoint_buffer_control_update32.part.2
                0x100071fc       0x20 CMakeFiles/bballbot.dir/__/lib/pico-sdk/lib/tinyusb/src/portable/raspberrypi/rp2040/rp2040_usb.c.obj
 .text.rp2040_usb_init
                0x1000721c       0x4c CMakeFiles/bballbot.dir/__/lib/pico-sdk/lib/tinyusb/src/portable/raspberrypi/rp2040/rp2040_usb.c.obj
                0x1000721c                rp2040_usb_init
 .text.hw_endpoint_reset_transfer
                0x10007268        0xc CMakeFiles/bballbot.dir/__/lib/pico-sdk/lib/tinyusb/src/portable/raspberrypi/rp2040/rp2040_usb.c.obj
                0x10007268                hw_endpoint_reset_transfer
 .text._hw_endpoint_buffer_control_update32
                0x10007274       0x40 CMakeFiles/bballbot.dir/__/lib/pico-sdk/lib/tinyusb/src/portable/raspberrypi/rp2040/rp2040_usb.c.obj
                0x10007274                _hw_endpoint_buffer_control_update32
 .text.hw_endpoint_xfer_start
                0x100072b4      0x138 CMakeFiles/bballbot.dir/__/lib/pico-sdk/lib/tinyusb/src/portable/raspberrypi/rp2040/rp2040_usb.c.obj
                0x100072b4                hw_endpoint_xfer_start
 .text.hw_endpoint_xfer_continue
                0x100073ec      0x1e0 CMakeFiles/bballbot.dir/__/lib/pico-sdk/lib/tinyusb/src/portable/raspberrypi/rp2040/rp2040_usb.c.obj
                0x100073ec                hw_endpoint_xfer_continue
 .text.tud_mounted
                0x100075cc       0x10 CMakeFiles/bballbot.dir/__/lib/pico-sdk/lib/tinyusb/src/device/usbd.c.obj
                0x100075cc                tud_mounted
 .text.tud_suspended
                0x100075dc       0x10 CMakeFiles/bballbot.dir/__/lib/pico-sdk/lib/tinyusb/src/device/usbd.c.obj
                0x100075dc                tud_suspended
 .text.tud_inited
                0x100075ec        0xc CMakeFiles/bballbot.dir/__/lib/pico-sdk/lib/tinyusb/src/device/usbd.c.obj
                0x100075ec                tud_inited
 .text.tud_init
                0x100075f8       0xd4 CMakeFiles/bballbot.dir/__/lib/pico-sdk/lib/tinyusb/src/device/usbd.c.obj
                0x100075f8                tud_init
 .text.tud_task
                0x100076cc      0x928 CMakeFiles/bballbot.dir/__/lib/pico-sdk/lib/tinyusb/src/device/usbd.c.obj
                0x100076cc                tud_task
 .text.dcd_event_bus_signal
                0x10007ff4      0x124 CMakeFiles/bballbot.dir/__/lib/pico-sdk/lib/tinyusb/src/device/usbd.c.obj
                0x10007ff4                dcd_event_bus_signal
 .text.dcd_event_bus_reset
                0x10008118       0x58 CMakeFiles/bballbot.dir/__/lib/pico-sdk/lib/tinyusb/src/device/usbd.c.obj
                0x10008118                dcd_event_bus_reset
 .text.dcd_event_setup_received
                0x10008170       0x50 CMakeFiles/bballbot.dir/__/lib/pico-sdk/lib/tinyusb/src/device/usbd.c.obj
                0x10008170                dcd_event_setup_received
 .text.dcd_event_xfer_complete
                0x100081c0       0x68 CMakeFiles/bballbot.dir/__/lib/pico-sdk/lib/tinyusb/src/device/usbd.c.obj
                0x100081c0                dcd_event_xfer_complete
 .text.usbd_open_edpt_pair
                0x10008228       0x9c CMakeFiles/bballbot.dir/__/lib/pico-sdk/lib/tinyusb/src/device/usbd.c.obj
                0x10008228                usbd_open_edpt_pair
 .text.usbd_edpt_open
                0x100082c4       0x30 CMakeFiles/bballbot.dir/__/lib/pico-sdk/lib/tinyusb/src/device/usbd.c.obj
                0x100082c4                usbd_edpt_open
 .text.usbd_edpt_claim
                0x100082f4       0x60 CMakeFiles/bballbot.dir/__/lib/pico-sdk/lib/tinyusb/src/device/usbd.c.obj
                0x100082f4                usbd_edpt_claim
 .text.usbd_edpt_release
                0x10008354       0x4c CMakeFiles/bballbot.dir/__/lib/pico-sdk/lib/tinyusb/src/device/usbd.c.obj
                0x10008354                usbd_edpt_release
 .text.usbd_edpt_xfer
                0x100083a0       0x48 CMakeFiles/bballbot.dir/__/lib/pico-sdk/lib/tinyusb/src/device/usbd.c.obj
                0x100083a0                usbd_edpt_xfer
 .text.tud_control_status
                0x100083e8       0x30 CMakeFiles/bballbot.dir/__/lib/pico-sdk/lib/tinyusb/src/device/usbd_control.c.obj
                0x100083e8                tud_control_status
 .text.tud_control_xfer
                0x10008418       0xb4 CMakeFiles/bballbot.dir/__/lib/pico-sdk/lib/tinyusb/src/device/usbd_control.c.obj
                0x10008418                tud_control_xfer
 .text.usbd_control_reset
                0x100084cc       0x14 CMakeFiles/bballbot.dir/__/lib/pico-sdk/lib/tinyusb/src/device/usbd_control.c.obj
                0x100084cc                usbd_control_reset
 .text.usbd_control_set_complete_callback
                0x100084e0        0xc CMakeFiles/bballbot.dir/__/lib/pico-sdk/lib/tinyusb/src/device/usbd_control.c.obj
                0x100084e0                usbd_control_set_complete_callback
 .text.usbd_control_set_request
                0x100084ec       0x1c CMakeFiles/bballbot.dir/__/lib/pico-sdk/lib/tinyusb/src/device/usbd_control.c.obj
                0x100084ec                usbd_control_set_request
 .text.usbd_control_xfer_cb
                0x10008508       0xfc CMakeFiles/bballbot.dir/__/lib/pico-sdk/lib/tinyusb/src/device/usbd_control.c.obj
                0x10008508                usbd_control_xfer_cb
 .text.tud_cdc_n_connected
                0x10008604       0x30 CMakeFiles/bballbot.dir/__/lib/pico-sdk/lib/tinyusb/src/class/cdc/cdc_device.c.obj
                0x10008604                tud_cdc_n_connected
 .text.tud_cdc_n_available
                0x10008634       0x18 CMakeFiles/bballbot.dir/__/lib/pico-sdk/lib/tinyusb/src/class/cdc/cdc_device.c.obj
                0x10008634                tud_cdc_n_available
 .text.tud_cdc_n_read
                0x1000864c       0x70 CMakeFiles/bballbot.dir/__/lib/pico-sdk/lib/tinyusb/src/class/cdc/cdc_device.c.obj
                0x1000864c                tud_cdc_n_read
 .text.tud_cdc_n_write_flush
                0x100086bc       0x78 CMakeFiles/bballbot.dir/__/lib/pico-sdk/lib/tinyusb/src/class/cdc/cdc_device.c.obj
                0x100086bc                tud_cdc_n_write_flush
 .text.tud_cdc_n_write
                0x10008734       0x34 CMakeFiles/bballbot.dir/__/lib/pico-sdk/lib/tinyusb/src/class/cdc/cdc_device.c.obj
                0x10008734                tud_cdc_n_write
 .text.tud_cdc_n_write_available
                0x10008768       0x18 CMakeFiles/bballbot.dir/__/lib/pico-sdk/lib/tinyusb/src/class/cdc/cdc_device.c.obj
                0x10008768                tud_cdc_n_write_available
 .text.cdcd_init
                0x10008780      0x118 CMakeFiles/bballbot.dir/__/lib/pico-sdk/lib/tinyusb/src/class/cdc/cdc_device.c.obj
                0x10008780                cdcd_init
 .text.cdcd_reset
                0x10008898       0x5c CMakeFiles/bballbot.dir/__/lib/pico-sdk/lib/tinyusb/src/class/cdc/cdc_device.c.obj
                0x10008898                cdcd_reset
 .text.cdcd_open
                0x100088f4      0x140 CMakeFiles/bballbot.dir/__/lib/pico-sdk/lib/tinyusb/src/class/cdc/cdc_device.c.obj
                0x100088f4                cdcd_open
 .text.cdcd_control_xfer_cb
                0x10008a34       0xf4 CMakeFiles/bballbot.dir/__/lib/pico-sdk/lib/tinyusb/src/class/cdc/cdc_device.c.obj
                0x10008a34                cdcd_control_xfer_cb
 .text.cdcd_xfer_cb
                0x10008b28      0x180 CMakeFiles/bballbot.dir/__/lib/pico-sdk/lib/tinyusb/src/class/cdc/cdc_device.c.obj
                0x10008b28                cdcd_xfer_cb
 .text.tusb_init
                0x10008ca8        0xc CMakeFiles/bballbot.dir/__/lib/pico-sdk/lib/tinyusb/src/tusb.c.obj
                0x10008ca8                tusb_init
 .text.tusb_inited
                0x10008cb4        0x8 CMakeFiles/bballbot.dir/__/lib/pico-sdk/lib/tinyusb/src/tusb.c.obj
                0x10008cb4                tusb_inited
 .text.tu_edpt_validate
                0x10008cbc       0x74 CMakeFiles/bballbot.dir/__/lib/pico-sdk/lib/tinyusb/src/tusb.c.obj
                0x10008cbc                tu_edpt_validate
 .text.tu_edpt_bind_driver
                0x10008d30       0x2c CMakeFiles/bballbot.dir/__/lib/pico-sdk/lib/tinyusb/src/tusb.c.obj
                0x10008d30                tu_edpt_bind_driver
 .text.tu_fifo_config
                0x10008d5c       0x78 CMakeFiles/bballbot.dir/__/lib/pico-sdk/lib/tinyusb/src/common/tusb_fifo.c.obj
                0x10008d5c                tu_fifo_config
 .text.tu_fifo_count
                0x10008dd4       0x24 CMakeFiles/bballbot.dir/__/lib/pico-sdk/lib/tinyusb/src/common/tusb_fifo.c.obj
                0x10008dd4                tu_fifo_count
 .text.tu_fifo_empty
                0x10008df8       0x10 CMakeFiles/bballbot.dir/__/lib/pico-sdk/lib/tinyusb/src/common/tusb_fifo.c.obj
                0x10008df8                tu_fifo_empty
 .text.tu_fifo_remaining
                0x10008e08       0x20 CMakeFiles/bballbot.dir/__/lib/pico-sdk/lib/tinyusb/src/common/tusb_fifo.c.obj
                0x10008e08                tu_fifo_remaining
 .text.tu_fifo_read
                0x10008e28       0xa0 CMakeFiles/bballbot.dir/__/lib/pico-sdk/lib/tinyusb/src/common/tusb_fifo.c.obj
                0x10008e28                tu_fifo_read
 .text.tu_fifo_read_n
                0x10008ec8       0xf8 CMakeFiles/bballbot.dir/__/lib/pico-sdk/lib/tinyusb/src/common/tusb_fifo.c.obj
                0x10008ec8                tu_fifo_read_n
 .text.tu_fifo_write
                0x10008fc0       0x80 CMakeFiles/bballbot.dir/__/lib/pico-sdk/lib/tinyusb/src/common/tusb_fifo.c.obj
                0x10008fc0                tu_fifo_write
 .text.tu_fifo_write_n
                0x10009040       0xfc CMakeFiles/bballbot.dir/__/lib/pico-sdk/lib/tinyusb/src/common/tusb_fifo.c.obj
                0x10009040                tu_fifo_write_n
 .text.tu_fifo_clear
                0x1000913c       0x4c CMakeFiles/bballbot.dir/__/lib/pico-sdk/lib/tinyusb/src/common/tusb_fifo.c.obj
                0x1000913c                tu_fifo_clear
 .text.tu_fifo_set_overwritable
                0x10009188       0x3c CMakeFiles/bballbot.dir/__/lib/pico-sdk/lib/tinyusb/src/common/tusb_fifo.c.obj
                0x10009188                tu_fifo_set_overwritable
 .text.startup._retrieve_unique_id_on_boot
                0x100091c4       0x10 CMakeFiles/bballbot.dir/__/lib/pico-sdk/src/rp2_common/pico_unique_id/unique_id.c.obj
 .text.pico_get_unique_board_id_string
                0x100091d4      0x1cc CMakeFiles/bballbot.dir/__/lib/pico-sdk/src/rp2_common/pico_unique_id/unique_id.c.obj
                0x100091d4                pico_get_unique_board_id_string
 .text.flash_get_unique_id
                0x100093a0       0x3c CMakeFiles/bballbot.dir/__/lib/pico-sdk/src/rp2_common/hardware_flash/flash.c.obj
                0x100093a0                flash_get_unique_id
 .text.core1_trampoline
                0x100093dc        0x4 CMakeFiles/bballbot.dir/__/lib/pico-sdk/src/rp2_common/pico_multicore/multicore.c.obj
 .text.core1_wrapper
                0x100093e0        0xc CMakeFiles/bballbot.dir/__/lib/pico-sdk/src/rp2_common/pico_multicore/multicore.c.obj
                0x100093e0                core1_wrapper
 .text.multicore_launch_core1
                0x100093ec       0xc0 CMakeFiles/bballbot.dir/__/lib/pico-sdk/src/rp2_common/pico_multicore/multicore.c.obj
                0x100093ec                multicore_launch_core1
 .text.i2c_init
                0x100094ac      0x108 CMakeFiles/bballbot.dir/__/lib/pico-sdk/src/rp2_common/hardware_i2c/i2c.c.obj
                0x100094ac                i2c_init
 .text.i2c_write_blocking
                0x100095b4       0xd4 CMakeFiles/bballbot.dir/__/lib/pico-sdk/src/rp2_common/hardware_i2c/i2c.c.obj
                0x100095b4                i2c_write_blocking
 .text.i2c_read_blocking
                0x10009688       0x9c CMakeFiles/bballbot.dir/__/lib/pico-sdk/src/rp2_common/hardware_i2c/i2c.c.obj
                0x10009688                i2c_read_blocking
 .text.pio_claim_unused_sm
                0x10009724       0x3c CMakeFiles/bballbot.dir/__/lib/pico-sdk/src/rp2_common/hardware_pio/pio.c.obj
                0x10009724                pio_claim_unused_sm
 .text.pio_sm_is_claimed
                0x10009760       0x20 CMakeFiles/bballbot.dir/__/lib/pico-sdk/src/rp2_common/hardware_pio/pio.c.obj
                0x10009760                pio_sm_is_claimed
 .text.pio_add_program
                0x10009780       0xc8 CMakeFiles/bballbot.dir/__/lib/pico-sdk/src/rp2_common/hardware_pio/pio.c.obj
                0x10009780                pio_add_program
 .text.pio_sm_set_consecutive_pindirs
                0x10009848       0x88 CMakeFiles/bballbot.dir/__/lib/pico-sdk/src/rp2_common/hardware_pio/pio.c.obj
                0x10009848                pio_sm_set_consecutive_pindirs
 .text.pio_sm_init
                0x100098d0       0x90 CMakeFiles/bballbot.dir/__/lib/pico-sdk/src/rp2_common/hardware_pio/pio.c.obj
                0x100098d0                pio_sm_init
 .text.adc_init
                0x10009960       0x38 CMakeFiles/bballbot.dir/__/lib/pico-sdk/src/rp2_common/hardware_adc/adc.c.obj
                0x10009960                adc_init
 .text.rc_filter_free
                0x10009998       0x70 ../rc/librclib.a(filter.c.obj)
                0x10009998                rc_filter_free
 .text.rc_filter_alloc
                0x10009a08      0x1c0 ../rc/librclib.a(filter.c.obj)
                0x10009a08                rc_filter_alloc
 .text.rc_filter_march
                0x10009bc8      0x2c0 ../rc/librclib.a(filter.c.obj)
                0x10009bc8                rc_filter_march
 .text.rc_filter_enable_saturation
                0x10009e88       0x6c ../rc/librclib.a(filter.c.obj)
                0x10009e88                rc_filter_enable_saturation
 .text.rc_filter_prefill_inputs
                0x10009ef4       0x60 ../rc/librclib.a(filter.c.obj)
                0x10009ef4                rc_filter_prefill_inputs
 .text.rc_filter_prefill_outputs
                0x10009f54       0x60 ../rc/librclib.a(filter.c.obj)
                0x10009f54                rc_filter_prefill_outputs
 .text.rc_filter_first_order_lowpass
                0x10009fb4      0x1f8 ../rc/librclib.a(filter.c.obj)
                0x10009fb4                rc_filter_first_order_lowpass
 .text.rc_filter_first_order_highpass
                0x1000a1ac      0x20c ../rc/librclib.a(filter.c.obj)
                0x1000a1ac                rc_filter_first_order_highpass
 .text.rc_filter_pid
                0x1000a3b8      0x428 ../rc/librclib.a(filter.c.obj)
                0x1000a3b8                rc_filter_pid
 .text.rc_ringbuf_alloc
                0x1000a7e0       0x9c ../rc/librclib.a(ring_buffer.c.obj)
                0x1000a7e0                rc_ringbuf_alloc
 .text.rc_ringbuf_free
                0x1000a87c       0x54 ../rc/librclib.a(ring_buffer.c.obj)
                0x1000a87c                rc_ringbuf_free
 .text.rc_ringbuf_insert
                0x1000a8d0       0x6c ../rc/librclib.a(ring_buffer.c.obj)
                0x1000a8d0                rc_ringbuf_insert
 .text.rc_ringbuf_get_value
                0x1000a93c       0x84 ../rc/librclib.a(ring_buffer.c.obj)
                0x1000a93c                rc_ringbuf_get_value
 .text.rc_vector_alloc
                0x1000a9c0       0x90 ../rc/librclib.a(vector.c.obj)
                0x1000a9c0                rc_vector_alloc
 .text.rc_vector_free
                0x1000aa50       0x40 ../rc/librclib.a(vector.c.obj)
                0x1000aa50                rc_vector_free
 .text.rc_vector_from_array
                0x1000aa90       0xc4 ../rc/librclib.a(vector.c.obj)
                0x1000aa90                rc_vector_from_array
 .text.rc_vector_duplicate
                0x1000ab54       0xcc ../rc/librclib.a(vector.c.obj)
                0x1000ab54                rc_vector_duplicate
 .text.rc_motor_cleanup
                0x1000ac20       0xc8 ../rc/librclib.a(motor.c.obj)
                0x1000ac20                rc_motor_cleanup
 .text.rc_motor_set
                0x1000ace8      0x11c ../rc/librclib.a(motor.c.obj)
                0x1000ace8                rc_motor_set
 .text.rc_motor_init
                0x1000ae04      0x134 ../rc/librclib.a(motor.c.obj)
                0x1000ae04                rc_motor_init
 .text.rc_encoder_init
                0x1000af38      0x340 ../rc/librclib.a(encoder.c.obj)
                0x1000af38                rc_encoder_init
 .text.rc_encoder_read_delta
                0x1000b278       0xb0 ../rc/librclib.a(encoder.c.obj)
                0x1000b278                rc_encoder_read_delta
 .text.rc_encoder_read_count
                0x1000b328       0x60 ../rc/librclib.a(encoder.c.obj)
                0x1000b328                rc_encoder_read_count
 .text.__mag_correct_orientation
                0x1000b388      0x180 ../rc/librclib.a(mpu.c.obj)
 .text.__mpu_write_mem
                0x1000b508       0xc8 ../rc/librclib.a(mpu.c.obj)
 .text.__mpu_set_bypass.constprop.12
                0x1000b5d0       0x6c ../rc/librclib.a(mpu.c.obj)
 .text.__mpu_reset_fifo
                0x1000b63c      0x118 ../rc/librclib.a(mpu.c.obj)
 .text.__init_magnetometer.isra.5
                0x1000b754      0x1fc ../rc/librclib.a(mpu.c.obj)
 .text.mb_mpu_default_config
                0x1000b950       0x44 ../rc/librclib.a(mpu.c.obj)
                0x1000b950                mb_mpu_default_config
 .text.mb_mpu_read_mag
                0x1000b994      0x1bc ../rc/librclib.a(mpu.c.obj)
                0x1000b994                mb_mpu_read_mag
 .text.mb_mpu_initialize_dmp
                0x1000bb50     0x1390 ../rc/librclib.a(mpu.c.obj)
                0x1000bb50                mb_mpu_initialize_dmp
 .text.mb_dmp_callback
                0x1000cee0      0x840 ../rc/librclib.a(mpu.c.obj)
                0x1000cee0                mb_dmp_callback
 .text.rc_current_sense_init
                0x1000d720       0x58 ../rc/librclib.a(current.c.obj)
                0x1000d720                rc_current_sense_init
 .text.mb_read_fram
                0x1000d778       0x44 ../rc/librclib.a(fram.c.obj)
                0x1000d778                mb_read_fram
 .text.rc_normalize_quaternion_array
                0x1000d7bc       0xec ../rc/librclib.a(quaternion.c.obj)
                0x1000d7bc                rc_normalize_quaternion_array
 .text.rc_quaternion_to_tb_array
                0x1000d8a8      0x1a0 ../rc/librclib.a(quaternion.c.obj)
                0x1000d8a8                rc_quaternion_to_tb_array
 .text.rc_quaternion_from_tb_array
                0x1000da48      0x1c4 ../rc/librclib.a(quaternion.c.obj)
                0x1000da48                rc_quaternion_from_tb_array
 .text.rc_quaternion_multiply_array
                0x1000dc0c      0x268 ../rc/librclib.a(quaternion.c.obj)
                0x1000dc0c                rc_quaternion_multiply_array
 .text.rc_quaternion_rotate_vector_array
                0x1000de74      0x290 ../rc/librclib.a(quaternion.c.obj)
                0x1000de74                rc_quaternion_rotate_vector_array
 .text.comms_init_protocol
                0x1000e104       0x18 ../comms/libcomms.a(protocol.c.obj)
                0x1000e104                comms_init_protocol
 .text.comms_get_topic_serializers
                0x1000e11c       0xdc ../comms/libcomms.a(protocol.c.obj)
                0x1000e11c                comms_get_topic_serializers
 .text.comms_register_topic
                0x1000e1f8       0x80 ../comms/libcomms.a(protocol.c.obj)
                0x1000e1f8                comms_register_topic
 .text.comms_write_topic
                0x1000e278      0x13c ../comms/libcomms.a(protocol.c.obj)
                0x1000e278                comms_write_topic
 .text.comms_listener_loop
                0x1000e3b4      0x150 ../comms/libcomms.a(listener.c.obj)
                0x1000e3b4                comms_listener_loop
 .text.comms_init_topic_data
                0x1000e504       0x18 ../comms/libcomms.a(topic_data.c.obj)
                0x1000e504                comms_init_topic_data
 .text.comms_get_topic_data
                0x1000e51c      0x1ec ../comms/libcomms.a(topic_data.c.obj)
                0x1000e51c                comms_get_topic_data
 .text.comms_set_topic_data
                0x1000e708       0xa8 ../comms/libcomms.a(topic_data.c.obj)
                0x1000e708                comms_set_topic_data
 .text.mo_cmds_t_deserialize
                0x1000e7b0       0x14 ../comms/libcomms.a(messages.c.obj)
                0x1000e7b0                mo_cmds_t_deserialize
 .text.mo_cmds_t_serialize
                0x1000e7c4       0x14 ../comms/libcomms.a(messages.c.obj)
                0x1000e7c4                mo_cmds_t_serialize
 .text.mo_pid_params_t_deserialize
                0x1000e7d8       0x14 ../comms/libcomms.a(messages.c.obj)
                0x1000e7d8                mo_pid_params_t_deserialize
 .text.mo_pid_params_t_serialize
                0x1000e7ec       0x14 ../comms/libcomms.a(messages.c.obj)
                0x1000e7ec                mo_pid_params_t_serialize
 .text.mo_states_t_deserialize
                0x1000e800       0x14 ../comms/libcomms.a(messages.c.obj)
                0x1000e800                mo_states_t_deserialize
 .text.mo_states_t_serialize
                0x1000e814       0x14 ../comms/libcomms.a(messages.c.obj)
                0x1000e814                mo_states_t_serialize
 .text.checksum
                0x1000e828       0x1c ../comms/libcomms.a(common.c.obj)
                0x1000e828                checksum
 .text.encode_msg
                0x1000e844      0x14c ../comms/libcomms.a(common.c.obj)
                0x1000e844                encode_msg
 .text          0x1000e990       0x18 /usr/lib/gcc/arm-none-eabi/8.3.1/../../../arm-none-eabi/lib/thumb/v6-m/nofp/libc.a(lib_a-calloc.o)
                0x1000e990                calloc
 .text          0x1000e9a8       0x5c /usr/lib/gcc/arm-none-eabi/8.3.1/../../../arm-none-eabi/lib/thumb/v6-m/nofp/libc.a(lib_a-callocr.o)
                0x1000e9a8                _calloc_r
 .text          0x1000ea04      0x1b4 /usr/lib/gcc/arm-none-eabi/8.3.1/../../../arm-none-eabi/lib/thumb/v6-m/nofp/libc.a(lib_a-fflush.o)
                0x1000ea04                __sflush_r
                0x1000eb64                _fflush_r
                0x1000eb90                fflush
 .text          0x1000ebb8      0x220 /usr/lib/gcc/arm-none-eabi/8.3.1/../../../arm-none-eabi/lib/thumb/v6-m/nofp/libc.a(lib_a-findfp.o)
                0x1000ebbc                _cleanup_r
                0x1000ecb8                __sfmoreglue
                0x1000ece8                __sfp
                0x1000ed70                _cleanup
                0x1000ed88                __sinit
                0x1000ed98                __sfp_lock_acquire
                0x1000ed9c                __sfp_lock_release
                0x1000eda0                __sinit_lock_acquire
                0x1000eda4                __sinit_lock_release
                0x1000eda8                __fp_lock_all
                0x1000edc0                __fp_unlock_all
 .text          0x1000edd8      0x27c /usr/lib/gcc/arm-none-eabi/8.3.1/../../../arm-none-eabi/lib/thumb/v6-m/nofp/libc.a(lib_a-freer.o)
                0x1000edd8                _malloc_trim_r
                0x1000ee78                _free_r
 .text          0x1000f054       0x90 /usr/lib/gcc/arm-none-eabi/8.3.1/../../../arm-none-eabi/lib/thumb/v6-m/nofp/libc.a(lib_a-fwalk.o)
                0x1000f054                _fwalk
                0x1000f098                _fwalk_reent
 .text          0x1000f0e4       0x90 /usr/lib/gcc/arm-none-eabi/8.3.1/../../../arm-none-eabi/lib/thumb/v6-m/nofp/libc.a(lib_a-fwrite.o)
                0x1000f0e4                _fwrite_r
                0x1000f154                fwrite
 .text          0x1000f174       0x28 /usr/lib/gcc/arm-none-eabi/8.3.1/../../../arm-none-eabi/lib/thumb/v6-m/nofp/libc.a(lib_a-malloc.o)
                0x1000f174                malloc
                0x1000f188                free
 .text          0x1000f19c      0x58c /usr/lib/gcc/arm-none-eabi/8.3.1/../../../arm-none-eabi/lib/thumb/v6-m/nofp/libc.a(lib_a-mallocr.o)
                0x1000f19c                _malloc_r
 .text          0x1000f728        0x8 /usr/lib/gcc/arm-none-eabi/8.3.1/../../../arm-none-eabi/lib/thumb/v6-m/nofp/libc.a(lib_a-mlock.o)
                0x1000f728                __malloc_lock
                0x1000f72c                __malloc_unlock
 .text          0x1000f730      0x35c /usr/lib/gcc/arm-none-eabi/8.3.1/../../../arm-none-eabi/lib/thumb/v6-m/nofp/libc.a(lib_a-reallocr.o)
                0x1000f730                _realloc_r
 .text          0x1000fa8c       0x24 /usr/lib/gcc/arm-none-eabi/8.3.1/../../../arm-none-eabi/lib/thumb/v6-m/nofp/libc.a(lib_a-sbrkr.o)
                0x1000fa8c                _sbrk_r
 .text          0x1000fab0       0xa4 /usr/lib/gcc/arm-none-eabi/8.3.1/../../../arm-none-eabi/lib/thumb/v6-m/nofp/libc.a(lib_a-stdio.o)
                0x1000fab0                __sread
                0x1000fad8                __seofread
                0x1000fadc                __swrite
                0x1000fb1c                __sseek
                0x1000fb48                __sclose
 .text          0x1000fb54       0x68 /usr/lib/gcc/arm-none-eabi/8.3.1/../../../arm-none-eabi/lib/thumb/v6-m/nofp/libc.a(lib_a-strlen-stub.o)
                0x1000fb54                strlen
 .text          0x1000fbbc       0x28 /usr/lib/gcc/arm-none-eabi/8.3.1/../../../arm-none-eabi/lib/thumb/v6-m/nofp/libc.a(lib_a-writer.o)
                0x1000fbbc                _write_r
 .text          0x1000fbe4       0xdc /usr/lib/gcc/arm-none-eabi/8.3.1/../../../arm-none-eabi/lib/thumb/v6-m/nofp/libc.a(lib_a-wsetup.o)
                0x1000fbe4                __swsetup_r
 .text          0x1000fcc0       0x24 /usr/lib/gcc/arm-none-eabi/8.3.1/../../../arm-none-eabi/lib/thumb/v6-m/nofp/libc.a(lib_a-closer.o)
                0x1000fcc0                _close_r
 .text          0x1000fce4       0xac /usr/lib/gcc/arm-none-eabi/8.3.1/../../../arm-none-eabi/lib/thumb/v6-m/nofp/libc.a(lib_a-fclose.o)
                0x1000fce4                _fclose_r
                0x1000fd7c                fclose
 .text          0x1000fd90      0x320 /usr/lib/gcc/arm-none-eabi/8.3.1/../../../arm-none-eabi/lib/thumb/v6-m/nofp/libc.a(lib_a-fvwrite.o)
                0x1000fd90                __sfvwrite_r
 .text          0x100100b0       0x28 /usr/lib/gcc/arm-none-eabi/8.3.1/../../../arm-none-eabi/lib/thumb/v6-m/nofp/libc.a(lib_a-lseekr.o)
                0x100100b0                _lseek_r
 .text          0x100100d8       0xf0 /usr/lib/gcc/arm-none-eabi/8.3.1/../../../arm-none-eabi/lib/thumb/v6-m/nofp/libc.a(lib_a-makebuf.o)
                0x100100d8                __swhatbuf_r
                0x10010138                __smakebuf_r
 .text          0x100101c8       0x28 /usr/lib/gcc/arm-none-eabi/8.3.1/../../../arm-none-eabi/lib/thumb/v6-m/nofp/libc.a(lib_a-readr.o)
                0x100101c8                _read_r
 .text          0x100101f0       0x28 /usr/lib/gcc/arm-none-eabi/8.3.1/../../../arm-none-eabi/lib/thumb/v6-m/nofp/libc.a(lib_a-fstatr.o)
                0x100101f0                _fstat_r
 .text          0x10010218       0x24 /usr/lib/gcc/arm-none-eabi/8.3.1/../../../arm-none-eabi/lib/thumb/v6-m/nofp/libc.a(lib_a-isattyr.o)
                0x10010218                _isatty_r
 .text          0x1001023c       0x10 /usr/lib/gcc/arm-none-eabi/8.3.1/../../../arm-none-eabi/lib/thumb/v6-m/nofp/libnosys.a(close.o)
                0x1001023c                _close
 .text          0x1001024c       0x10 /usr/lib/gcc/arm-none-eabi/8.3.1/../../../arm-none-eabi/lib/thumb/v6-m/nofp/libnosys.a(fstat.o)
                0x1001024c                _fstat
 .text          0x1001025c       0x10 /usr/lib/gcc/arm-none-eabi/8.3.1/../../../arm-none-eabi/lib/thumb/v6-m/nofp/libnosys.a(isatty.o)
                0x1001025c                _isatty
 .text          0x1001026c       0x10 /usr/lib/gcc/arm-none-eabi/8.3.1/../../../arm-none-eabi/lib/thumb/v6-m/nofp/libnosys.a(lseek.o)
                0x1001026c                _lseek
 *(.fini)
 .fini          0x1001027c        0x4 /usr/lib/gcc/arm-none-eabi/8.3.1/thumb/v6-m/nofp/crti.o
                0x1001027c                _fini
 .fini.__stub   0x10010280       0xa0 linker stubs
 *crtbegin.o(.ctors)
 *crtbegin?.o(.ctors)
 *(EXCLUDE_FILE(*crtend.o *crtend?.o) .ctors)
 *(SORT_BY_NAME(.ctors.*))
 *(.ctors)
 *crtbegin.o(.dtors)
 *crtbegin?.o(.dtors)
 *(EXCLUDE_FILE(*crtend.o *crtend?.o) .dtors)
 *(SORT_BY_NAME(.dtors.*))
 *(.dtors)
 *(.eh_frame*)
 .eh_frame      0x10010320        0x0 /usr/lib/gcc/arm-none-eabi/8.3.1/thumb/v6-m/nofp/crtbegin.o
                0x10010320                . = ALIGN (0x4)

.glue_7         0x10010320        0x0
 .glue_7        0x10010320        0x0 linker stubs

.glue_7t        0x10010320        0x0
 .glue_7t       0x10010320        0x0 linker stubs

.vfp11_veneer   0x10010320        0x0
 .vfp11_veneer  0x10010320        0x0 linker stubs

.v4_bx          0x10010320        0x0
 .v4_bx         0x10010320        0x0 linker stubs

.iplt           0x10010320        0x0
 .iplt          0x10010320        0x0 /usr/lib/gcc/arm-none-eabi/8.3.1/thumb/v6-m/nofp/crtbegin.o

.rodata         0x10010320     0x2bb8
 *(EXCLUDE_FILE(*libm.a: *libc.a:*lib_a-mem*.o *libgcc.a:) .rodata*)
 .rodata.__bi_125.8531
                0x10010320        0xc CMakeFiles/bballbot.dir/bballbot.c.obj
 .rodata.__bi_150.8537
                0x1001032c        0x8 CMakeFiles/bballbot.dir/bballbot.c.obj
 .rodata.main.str1.4
                0x10010334       0xd8 CMakeFiles/bballbot.dir/bballbot.c.obj
 .rodata.str1.4
                0x1001040c       0x25 CMakeFiles/bballbot.dir/bballbot.c.obj
 *fill*         0x10010431        0x3 
 .rodata.spin_lock_claim_unused.str1.4
                0x10010434       0x1b CMakeFiles/bballbot.dir/__/lib/pico-sdk/src/rp2_common/hardware_sync/sync.c.obj
 *fill*         0x1001044f        0x1 
 .rodata.user_irq_claim_unused.str1.4
                0x10010450       0x1b CMakeFiles/bballbot.dir/__/lib/pico-sdk/src/rp2_common/hardware_irq/irq.c.obj
 *fill*         0x1001046b        0x5 
 .rodata.at_the_end_of_time
                0x10010470        0x8 CMakeFiles/bballbot.dir/__/lib/pico-sdk/src/common/pico_time/time.c.obj
                0x10010470                at_the_end_of_time
 .rodata.hardware_alarm_claim.str1.4
                0x10010478       0x22 CMakeFiles/bballbot.dir/__/lib/pico-sdk/src/rp2_common/hardware_timer/timer.c.obj
 *fill*         0x1001049a        0x2 
 .rodata.hard_assertion_failure.str1.4
                0x1001049c        0xc CMakeFiles/bballbot.dir/__/lib/pico-sdk/src/rp2_common/pico_runtime/runtime.c.obj
 .rodata.panic.str1.4
                0x100104a8       0x10 CMakeFiles/bballbot.dir/__/lib/pico-sdk/src/rp2_common/pico_runtime/runtime.c.obj
                                 0x12 (size before relaxing)
 .rodata._vsnprintf
                0x100104b8      0x1e0 CMakeFiles/bballbot.dir/__/lib/pico-sdk/src/rp2_common/pico_printf/printf.c.obj
 .rodata._ftoa.str1.4
                0x10010698       0x15 CMakeFiles/bballbot.dir/__/lib/pico-sdk/src/rp2_common/pico_printf/printf.c.obj
 *fill*         0x100106ad        0x3 
 .rodata.pow10.5494
                0x100106b0       0x50 CMakeFiles/bballbot.dir/__/lib/pico-sdk/src/rp2_common/pico_printf/printf.c.obj
 .rodata.__wrap_malloc.str1.4
                0x10010700        0xe CMakeFiles/bballbot.dir/__/lib/pico-sdk/src/rp2_common/pico_malloc/pico_malloc.c.obj
 *fill*         0x1001070e        0x2 
 .rodata.__bi_44
                0x10010710        0xc CMakeFiles/bballbot.dir/__/lib/pico-sdk/src/rp2_common/pico_standard_link/binary_info.c.obj
 .rodata.__bi_75
                0x1001071c        0xc CMakeFiles/bballbot.dir/__/lib/pico-sdk/src/rp2_common/pico_standard_link/binary_info.c.obj
 .rodata.__bi_81
                0x10010728        0xc CMakeFiles/bballbot.dir/__/lib/pico-sdk/src/rp2_common/pico_standard_link/binary_info.c.obj
 .rodata.str1.4
                0x10010734       0x40 CMakeFiles/bballbot.dir/__/lib/pico-sdk/src/rp2_common/pico_standard_link/binary_info.c.obj
 .rodata.crlf_str.5971
                0x10010774        0x2 CMakeFiles/bballbot.dir/__/lib/pico-sdk/src/rp2_common/pico_stdio/stdio.c.obj
 *fill*         0x10010776        0x2 
 .rodata._resetd_driver
                0x10010778       0x18 CMakeFiles/bballbot.dir/__/lib/pico-sdk/src/rp2_common/pico_stdio_usb/reset_interface.c.obj
 .rodata.__bi_167.7287
                0x10010790        0xc CMakeFiles/bballbot.dir/__/lib/pico-sdk/src/rp2_common/pico_stdio_usb/stdio_usb.c.obj
 .rodata.str1.4
                0x1001079c       0x13 CMakeFiles/bballbot.dir/__/lib/pico-sdk/src/rp2_common/pico_stdio_usb/stdio_usb.c.obj
 *fill*         0x100107af        0x1 
 .rodata.str1.4
                0x100107b0       0x2e CMakeFiles/bballbot.dir/__/lib/pico-sdk/src/rp2_common/pico_stdio_usb/stdio_usb_descriptors.c.obj
 *fill*         0x100107de        0x2 
 .rodata.usbd_desc_cfg
                0x100107e0       0x96 CMakeFiles/bballbot.dir/__/lib/pico-sdk/src/rp2_common/pico_stdio_usb/stdio_usb_descriptors.c.obj
 *fill*         0x10010876        0x2 
 .rodata.usbd_desc_device
                0x10010878       0x12 CMakeFiles/bballbot.dir/__/lib/pico-sdk/src/rp2_common/pico_stdio_usb/stdio_usb_descriptors.c.obj
 *fill*         0x1001088a        0x2 
 .rodata.usbd_desc_str
                0x1001088c       0x18 CMakeFiles/bballbot.dir/__/lib/pico-sdk/src/rp2_common/pico_stdio_usb/stdio_usb_descriptors.c.obj
 .rodata.dcd_rp2040_irq.str1.4
                0x100108a4       0x14 CMakeFiles/bballbot.dir/__/lib/pico-sdk/lib/tinyusb/src/portable/raspberrypi/rp2040/dcd_rp2040.c.obj
 .rodata._hw_endpoint_buffer_control_update32.part.2.str1.4
                0x100108b8       0x1f CMakeFiles/bballbot.dir/__/lib/pico-sdk/lib/tinyusb/src/portable/raspberrypi/rp2040/rp2040_usb.c.obj
 *fill*         0x100108d7        0x1 
 .rodata.hw_endpoint_xfer_continue.str1.4
                0x100108d8       0x29 CMakeFiles/bballbot.dir/__/lib/pico-sdk/lib/tinyusb/src/portable/raspberrypi/rp2040/rp2040_usb.c.obj
 *fill*         0x10010901        0x3 
 .rodata.str1.4
                0x10010904        0x7 CMakeFiles/bballbot.dir/__/lib/pico-sdk/lib/tinyusb/src/portable/raspberrypi/rp2040/rp2040_usb.c.obj
 *fill*         0x1001090b        0x1 
 .rodata.tud_task
                0x1001090c       0x8c CMakeFiles/bballbot.dir/__/lib/pico-sdk/lib/tinyusb/src/device/usbd.c.obj
 .rodata._usbd_driver
                0x10010998       0x18 CMakeFiles/bballbot.dir/__/lib/pico-sdk/lib/tinyusb/src/device/usbd.c.obj
 .rodata.pio_add_program.str1.4
                0x100109b0       0x11 CMakeFiles/bballbot.dir/__/lib/pico-sdk/src/rp2_common/hardware_pio/pio.c.obj
 *fill*         0x100109c1        0x3 
 .rodata.pio_claim_unused_sm.str1.4
                0x100109c4       0x24 CMakeFiles/bballbot.dir/__/lib/pico-sdk/src/rp2_common/hardware_pio/pio.c.obj
 .rodata.rc_filter_alloc.str1.4
                0x100109e8      0x18a ../rc/librclib.a(filter.c.obj)
 *fill*         0x10010b72        0x2 
 .rodata.rc_filter_alloc_from_arrays.str1.4
                0x10010b74      0x18e ../rc/librclib.a(filter.c.obj)
 *fill*         0x10010d02        0x2 
 .rodata.rc_filter_enable_saturation.str1.4
                0x10010d04       0x76 ../rc/librclib.a(filter.c.obj)
 *fill*         0x10010d7a        0x2 
 .rodata.rc_filter_first_order_highpass.str1.4
                0x10010d7c       0xbd ../rc/librclib.a(filter.c.obj)
 *fill*         0x10010e39        0x3 
 .rodata.rc_filter_first_order_lowpass.str1.4
                0x10010e3c       0xbc ../rc/librclib.a(filter.c.obj)
 .rodata.rc_filter_free.str1.4
                0x10010ef8       0x30 ../rc/librclib.a(filter.c.obj)
 .rodata.rc_filter_march.str1.4
                0x10010f28       0x2f ../rc/librclib.a(filter.c.obj)
 *fill*         0x10010f57        0x1 
 .rodata.rc_filter_pid.str1.4
                0x10010f58       0xf8 ../rc/librclib.a(filter.c.obj)
 .rodata.rc_filter_prefill_inputs.str1.4
                0x10011050       0x39 ../rc/librclib.a(filter.c.obj)
 *fill*         0x10011089        0x3 
 .rodata.rc_filter_prefill_outputs.str1.4
                0x1001108c       0x3a ../rc/librclib.a(filter.c.obj)
 *fill*         0x100110c6        0x2 
 .rodata.rc_ringbuf_alloc.str1.4
                0x100110c8       0x9a ../rc/librclib.a(ring_buffer.c.obj)
 *fill*         0x10011162        0x2 
 .rodata.rc_ringbuf_free.str1.4
                0x10011164       0x31 ../rc/librclib.a(ring_buffer.c.obj)
 *fill*         0x10011195        0x3 
 .rodata.rc_ringbuf_get_value.str1.4
                0x10011198       0xa6 ../rc/librclib.a(ring_buffer.c.obj)
 *fill*         0x1001123e        0x2 
 .rodata.rc_ringbuf_insert.str1.4
                0x10011240       0x67 ../rc/librclib.a(ring_buffer.c.obj)
 *fill*         0x100112a7        0x1 
 .rodata.rc_vector_alloc.str1.4
                0x100112a8       0x91 ../rc/librclib.a(vector.c.obj)
 *fill*         0x10011339        0x3 
 .rodata.rc_vector_duplicate.str1.4
                0x1001133c       0x6d ../rc/librclib.a(vector.c.obj)
 *fill*         0x100113a9        0x3 
 .rodata.rc_vector_free.str1.4
                0x100113ac       0x2d ../rc/librclib.a(vector.c.obj)
 *fill*         0x100113d9        0x3 
 .rodata.rc_vector_from_array.str1.4
                0x100113dc       0x72 ../rc/librclib.a(vector.c.obj)
 *fill*         0x1001144e        0x2 
 .rodata.rc_motor_set.str1.4
                0x10011450       0x12 ../rc/librclib.a(motor.c.obj)
 *fill*         0x10011462        0x2 
 .rodata.quadrature_encoder_program
                0x10011464        0x6 ../rc/librclib.a(encoder.c.obj)
 *fill*         0x1001146a        0x2 
 .rodata.quadrature_encoder_program_instructions
                0x1001146c       0x3c ../rc/librclib.a(encoder.c.obj)
 .rodata.rc_encoder_read_delta.str1.4
                0x100114a8       0x12 ../rc/librclib.a(encoder.c.obj)
 .rodata        0x100114a8       0x48 ../rc/librclib.a(mpu.c.obj)
 .rodata.CSWTCH.199
                0x100114f0        0x8 ../rc/librclib.a(mpu.c.obj)
 .rodata.CSWTCH.200
                0x100114f8        0x8 ../rc/librclib.a(mpu.c.obj)
 .rodata.__init_magnetometer.isra.5.str1.4
                0x10011500       0x30 ../rc/librclib.a(mpu.c.obj)
 .rodata.__mag_correct_orientation.str1.4
                0x10011530       0x31 ../rc/librclib.a(mpu.c.obj)
 *fill*         0x10011561        0x3 
 .rodata.__mpu_write_mem.str1.4
                0x10011564       0x3e ../rc/librclib.a(mpu.c.obj)
 *fill*         0x100115a2        0x2 
 .rodata.dmp_firmware
                0x100115a4      0xbf6 ../rc/librclib.a(mpu.c.obj)
 *fill*         0x1001219a        0x2 
 .rodata.mb_dmp_callback.str1.4
                0x1001219c      0x1cf ../rc/librclib.a(mpu.c.obj)
 *fill*         0x1001236b        0x1 
 .rodata.mb_mpu_initialize_dmp.str1.4
                0x1001236c      0x82e ../rc/librclib.a(mpu.c.obj)
 *fill*         0x10012b9a        0x2 
 .rodata.mb_mpu_read_mag.str1.4
                0x10012b9c      0x105 ../rc/librclib.a(mpu.c.obj)
 *fill*         0x10012ca1        0x3 
 .rodata.rc_normalize_quaternion_array.str1.4
                0x10012ca4       0x22 ../rc/librclib.a(quaternion.c.obj)
 *fill*         0x10012cc6        0x2 
 .rodata.rc_quaternion_from_tb_array.str1.4
                0x10012cc8       0x3e ../rc/librclib.a(quaternion.c.obj)
 *fill*         0x10012d06        0x2 
 .rodata.rc_quaternion_multiply_array.str1.4
                0x10012d08       0x3f ../rc/librclib.a(quaternion.c.obj)
 *fill*         0x10012d47        0x1 
 .rodata.rc_quaternion_rotate_vector_array.str1.4
                0x10012d48       0x44 ../rc/librclib.a(quaternion.c.obj)
 .rodata.rc_quaternion_to_tb.str1.4
                0x10012d8c       0xe4 ../rc/librclib.a(quaternion.c.obj)
 .rodata.encode_msg.str1.4
                0x10012e70       0x61 ../comms/libcomms.a(common.c.obj)
 *fill*         0x10012ed1        0x3 
 .rodata        0x10012ed4        0x4 /usr/lib/gcc/arm-none-eabi/8.3.1/../../../arm-none-eabi/lib/thumb/v6-m/nofp/libc.a(lib_a-impure.o)
                0x10012ed4                _global_impure_ptr
                0x10012ed8                . = ALIGN (0x4)
 *(SORT_BY_ALIGNMENT(SORT_BY_NAME(.flashdata*)))
                0x10012ed8                . = ALIGN (0x4)

.rel.dyn        0x10012ed8        0x0
 .rel.iplt      0x10012ed8        0x0 /usr/lib/gcc/arm-none-eabi/8.3.1/thumb/v6-m/nofp/crtbegin.o

.ARM.extab
 *(.ARM.extab* .gnu.linkonce.armextab.*)
                0x10012ed8                __exidx_start = .

.ARM.exidx
 *(.ARM.exidx* .gnu.linkonce.armexidx.*)
                0x10012ed8                __exidx_end = .
                0x10012ed8                . = ALIGN (0x4)
                0x10012ed8                __binary_info_start = .

.binary_info    0x10012ed8       0x28
 *(.binary_info.keep.*)
 .binary_info.keep.__bi_ptr125
                0x10012ed8        0x4 CMakeFiles/bballbot.dir/bballbot.c.obj
 .binary_info.keep.__bi_ptr150
                0x10012edc        0x4 CMakeFiles/bballbot.dir/bballbot.c.obj
 .binary_info.keep.__bi_ptr22
                0x10012ee0        0x4 CMakeFiles/bballbot.dir/__/lib/pico-sdk/src/rp2_common/pico_standard_link/binary_info.c.obj
 .binary_info.keep.__bi_ptr30
                0x10012ee4        0x4 CMakeFiles/bballbot.dir/__/lib/pico-sdk/src/rp2_common/pico_standard_link/binary_info.c.obj
 .binary_info.keep.__bi_ptr38
                0x10012ee8        0x4 CMakeFiles/bballbot.dir/__/lib/pico-sdk/src/rp2_common/pico_standard_link/binary_info.c.obj
 .binary_info.keep.__bi_ptr44
                0x10012eec        0x4 CMakeFiles/bballbot.dir/__/lib/pico-sdk/src/rp2_common/pico_standard_link/binary_info.c.obj
 .binary_info.keep.__bi_ptr50
                0x10012ef0        0x4 CMakeFiles/bballbot.dir/__/lib/pico-sdk/src/rp2_common/pico_standard_link/binary_info.c.obj
 .binary_info.keep.__bi_ptr75
                0x10012ef4        0x4 CMakeFiles/bballbot.dir/__/lib/pico-sdk/src/rp2_common/pico_standard_link/binary_info.c.obj
 .binary_info.keep.__bi_ptr81
                0x10012ef8        0x4 CMakeFiles/bballbot.dir/__/lib/pico-sdk/src/rp2_common/pico_standard_link/binary_info.c.obj
 *(.binary_info.*)
 .binary_info.__bi_ptr167
                0x10012efc        0x4 CMakeFiles/bballbot.dir/__/lib/pico-sdk/src/rp2_common/pico_stdio_usb/stdio_usb.c.obj
                0x10012f00                __binary_info_end = .
                0x10012f00                . = ALIGN (0x4)
                0x10012f00                __etext = .

.ram_vector_table
                0x20000000       0xc0
 *(.ram_vector_table)
 .ram_vector_table
                0x20000000       0xc0 CMakeFiles/bballbot.dir/__/lib/pico-sdk/src/rp2_common/pico_runtime/runtime.c.obj
                0x20000000                ram_vector_table

.data           0x200000c0      0xed8 load address 0x10012f00
                0x200000c0                __data_start__ = .
 *(vtable)
 *(.time_critical*)
 .time_critical.mutex_enter_blocking
                0x200000c0       0x48 CMakeFiles/bballbot.dir/__/lib/pico-sdk/src/common/pico_sync/mutex.c.obj
                0x200000c0                mutex_enter_blocking
 .time_critical.mutex_try_enter
                0x20000108       0x48 CMakeFiles/bballbot.dir/__/lib/pico-sdk/src/common/pico_sync/mutex.c.obj
                0x20000108                mutex_try_enter
 .time_critical.mutex_enter_timeout_ms
                0x20000150       0x98 CMakeFiles/bballbot.dir/__/lib/pico-sdk/src/common/pico_sync/mutex.c.obj
                0x20000150                mutex_enter_timeout_ms
 .time_critical.mutex_exit
                0x200001e8       0x28 CMakeFiles/bballbot.dir/__/lib/pico-sdk/src/common/pico_sync/mutex.c.obj
                0x200001e8                mutex_exit
 .time_critical.flash_init_boot2_copyout
                0x20000210       0x30 CMakeFiles/bballbot.dir/__/lib/pico-sdk/src/rp2_common/hardware_flash/flash.c.obj
 .time_critical.flash_enable_xip_via_boot2
                0x20000240       0x10 CMakeFiles/bballbot.dir/__/lib/pico-sdk/src/rp2_common/hardware_flash/flash.c.obj
 .time_critical.flash_cs_force
                0x20000250       0x38 CMakeFiles/bballbot.dir/__/lib/pico-sdk/src/rp2_common/hardware_flash/flash.c.obj
 .time_critical.flash_do_cmd
                0x20000288       0xb4 CMakeFiles/bballbot.dir/__/lib/pico-sdk/src/rp2_common/hardware_flash/flash.c.obj
                0x20000288                flash_do_cmd
 *(.text*)
 .text          0x2000033c        0x4 /usr/lib/gcc/arm-none-eabi/8.3.1/thumb/v6-m/nofp/libgcc.a(_dvmd_tls.o)
                0x2000033c                __aeabi_ldiv0
                0x2000033c                __aeabi_idiv0
 .text          0x20000340       0x50 /usr/lib/gcc/arm-none-eabi/8.3.1/../../../arm-none-eabi/lib/thumb/v6-m/nofp/libc.a(lib_a-memcmp.o)
                0x20000340                memcmp
 .text          0x20000390       0x80 /usr/lib/gcc/arm-none-eabi/8.3.1/../../../arm-none-eabi/lib/thumb/v6-m/nofp/libc.a(lib_a-memchr-stub.o)
                0x20000390                memchr
 .text          0x20000410       0xbc /usr/lib/gcc/arm-none-eabi/8.3.1/../../../arm-none-eabi/lib/thumb/v6-m/nofp/libc.a(lib_a-memmove.o)
                0x20000410                memmove
 *fill*         0x200004cc        0x4 
 .text.__stub   0x200004d0       0x30 linker stubs
                0x20000500                . = ALIGN (0x4)
 *(.rodata*)
                0x20000500                . = ALIGN (0x4)
 *(.data*)
 *fill*         0x20000500        0x0 
 .data.theta_pitch_command
                0x20000500       0x98 CMakeFiles/bballbot.dir/bballbot.c.obj
                0x20000500                theta_pitch_command
 .data.theta_roll_command
                0x20000598       0x98 CMakeFiles/bballbot.dir/bballbot.c.obj
                0x20000598                theta_roll_command
 .data.striped_spin_lock_num
                0x20000630        0x1 CMakeFiles/bballbot.dir/__/lib/pico-sdk/src/rp2_common/hardware_sync/sync.c.obj
 *fill*         0x20000631        0x3 
 .data          0x20000634       0x48 CMakeFiles/bballbot.dir/__/lib/pico-sdk/src/rp2_common/hardware_irq/irq_handler_chain.S.obj
                0x20000634                irq_handler_chain_slots
                0x20000664                irq_handler_chain_first_slot
                0x2000066e                irq_handler_chain_remove_tail
 .data.default_alarm_pool
                0x2000067c       0x18 CMakeFiles/bballbot.dir/__/lib/pico-sdk/src/common/pico_time/time.c.obj
 .data.default_alarm_pool_heap
                0x20000694       0x10 CMakeFiles/bballbot.dir/__/lib/pico-sdk/src/common/pico_time/time.c.obj
 *fill*         0x200006a4        0xc 
 .data.aeabi_bits_funcs
                0x200006b0       0x10 CMakeFiles/bballbot.dir/__/lib/pico-sdk/src/rp2_common/pico_bit_ops/bit_ops_aeabi.S.obj
                0x200006b0                aeabi_bits_funcs
                0x200006c0                aeabi_bits_funcs_end
 .data.aeabi_mem_funcs
                0x200006c0       0x10 CMakeFiles/bballbot.dir/__/lib/pico-sdk/src/rp2_common/pico_mem_ops/mem_ops_aeabi.S.obj
                0x200006c0                aeabi_mem_funcs
                0x200006d0                aeabi_mem_funcs_end
 .data.stdio_usb
                0x200006d0       0x14 CMakeFiles/bballbot.dir/__/lib/pico-sdk/src/rp2_common/pico_stdio_usb/stdio_usb.c.obj
                0x200006d0                stdio_usb
 .data.ep_dir_string
                0x200006e4        0x8 CMakeFiles/bballbot.dir/__/lib/pico-sdk/lib/tinyusb/src/portable/raspberrypi/rp2040/rp2040_usb.c.obj
                0x200006e4                ep_dir_string
 .data._usbd_qdef
                0x200006ec       0x24 CMakeFiles/bballbot.dir/__/lib/pico-sdk/lib/tinyusb/src/device/usbd.c.obj
                0x200006ec                _usbd_qdef
 .data.i2c0_inst
                0x20000710        0x8 CMakeFiles/bballbot.dir/__/lib/pico-sdk/src/rp2_common/hardware_i2c/i2c.c.obj
                0x20000710                i2c0_inst
 .data.FREQ     0x20000718        0x4 ../rc/librclib.a(motor.c.obj)
                0x20000718                FREQ
 .data.dmp_en   0x2000071c        0x4 ../rc/librclib.a(mpu.c.obj)
 .data.first_run.8456
                0x20000720        0x4 ../rc/librclib.a(mpu.c.obj)
 .data.first_run.8489
                0x20000724        0x4 ../rc/librclib.a(mpu.c.obj)
 .data.zero_tolerance
                0x20000728        0x8 ../rc/librclib.a(algebra.c.obj)
                0x20000728                zero_tolerance
 .data          0x20000730      0x430 /usr/lib/gcc/arm-none-eabi/8.3.1/../../../arm-none-eabi/lib/thumb/v6-m/nofp/libc.a(lib_a-impure.o)
                0x20000730                _impure_ptr
 .data          0x20000b60      0x410 /usr/lib/gcc/arm-none-eabi/8.3.1/../../../arm-none-eabi/lib/thumb/v6-m/nofp/libc.a(lib_a-mallocr.o)
                0x20000b60                __malloc_sbrk_base
                0x20000b64                __malloc_trim_threshold
                0x20000b68                __malloc_av_
                0x20000f70                . = ALIGN (0x4)
 *(.after_data.*)
                0x20000f70                . = ALIGN (0x4)
                0x20000f70                PROVIDE (__mutex_array_start = .)
 *(SORT_BY_NAME(.mutex_array.*))
 *(.mutex_array)
 .mutex_array   0x20000f70        0x8 CMakeFiles/bballbot.dir/__/lib/pico-sdk/src/rp2_common/pico_malloc/pico_malloc.c.obj
 .mutex_array   0x20000f78        0x8 CMakeFiles/bballbot.dir/__/lib/pico-sdk/src/rp2_common/pico_stdio/stdio.c.obj
                0x20000f80                PROVIDE (__mutex_array_end = .)
                0x20000f80                . = ALIGN (0x4)
                0x20000f80                PROVIDE (__preinit_array_start = .)