Archive member included to satisfy reference by file (symbol)

../rc/librclib.a(matrix.c.obj)
                              CMakeFiles/matrix-tests.dir/matrix-tests.c.obj (rc_matrix_empty)
../rc/librclib.a(other.c.obj)
                              ../rc/librclib.a(matrix.c.obj) (rc_get_random_double)
../rc/librclib.a(vector.c.obj)
                              ../rc/librclib.a(matrix.c.obj) (rc_vector_alloc)
../rc/librclib.a(algebra_common.c.obj)
                              ../rc/librclib.a(matrix.c.obj) (__vectorized_mult_accumulate)
/usr/lib/gcc/arm-none-eabi/8.3.1/thumb/v6-m/nofp/libgcc.a(_dvmd_tls.o)
                              CMakeFiles/matrix-tests.dir/__/lib/pico-sdk/src/rp2_common/pico_divider/divider.S.obj (__aeabi_idiv0)
/usr/lib/gcc/arm-none-eabi/8.3.1/../../../arm-none-eabi/lib/thumb/v6-m/nofp/libc.a(lib_a-atexit.o)
                              /usr/lib/gcc/arm-none-eabi/8.3.1/../../../arm-none-eabi/lib/thumb/v6-m/nofp/crt0.o (atexit)
/usr/lib/gcc/arm-none-eabi/8.3.1/../../../arm-none-eabi/lib/thumb/v6-m/nofp/libc.a(lib_a-calloc.o)
                              CMakeFiles/matrix-tests.dir/__/lib/pico-sdk/src/rp2_common/pico_malloc/pico_malloc.c.obj (calloc)
/usr/lib/gcc/arm-none-eabi/8.3.1/../../../arm-none-eabi/lib/thumb/v6-m/nofp/libc.a(lib_a-callocr.o)
                              /usr/lib/gcc/arm-none-eabi/8.3.1/../../../arm-none-eabi/lib/thumb/v6-m/nofp/libc.a(lib_a-calloc.o) (_calloc_r)
/usr/lib/gcc/arm-none-eabi/8.3.1/../../../arm-none-eabi/lib/thumb/v6-m/nofp/libc.a(lib_a-fini.o)
                              /usr/lib/gcc/arm-none-eabi/8.3.1/../../../arm-none-eabi/lib/thumb/v6-m/nofp/crt0.o (__libc_fini_array)
/usr/lib/gcc/arm-none-eabi/8.3.1/../../../arm-none-eabi/lib/thumb/v6-m/nofp/libc.a(lib_a-fprintf.o)
                              ../rc/librclib.a(matrix.c.obj) (fprintf)
/usr/lib/gcc/arm-none-eabi/8.3.1/../../../arm-none-eabi/lib/thumb/v6-m/nofp/libc.a(lib_a-fwrite.o)
                              ../rc/librclib.a(matrix.c.obj) (fwrite)
/usr/lib/gcc/arm-none-eabi/8.3.1/../../../arm-none-eabi/lib/thumb/v6-m/nofp/libc.a(lib_a-getc.o)
                              CMakeFiles/matrix-tests.dir/matrix-tests.c.obj (getc)
/usr/lib/gcc/arm-none-eabi/8.3.1/../../../arm-none-eabi/lib/thumb/v6-m/nofp/libc.a(lib_a-impure.o)
                              CMakeFiles/matrix-tests.dir/matrix-tests.c.obj (_impure_ptr)
/usr/lib/gcc/arm-none-eabi/8.3.1/../../../arm-none-eabi/lib/thumb/v6-m/nofp/libc.a(lib_a-init.o)
                              /usr/lib/gcc/arm-none-eabi/8.3.1/../../../arm-none-eabi/lib/thumb/v6-m/nofp/crt0.o (__libc_init_array)
/usr/lib/gcc/arm-none-eabi/8.3.1/../../../arm-none-eabi/lib/thumb/v6-m/nofp/libc.a(lib_a-malloc.o)
                              CMakeFiles/matrix-tests.dir/__/lib/pico-sdk/src/rp2_common/pico_malloc/pico_malloc.c.obj (malloc)
/usr/lib/gcc/arm-none-eabi/8.3.1/../../../arm-none-eabi/lib/thumb/v6-m/nofp/libc.a(lib_a-mallocr.o)
                              /usr/lib/gcc/arm-none-eabi/8.3.1/../../../arm-none-eabi/lib/thumb/v6-m/nofp/libc.a(lib_a-callocr.o) (_malloc_r)
/usr/lib/gcc/arm-none-eabi/8.3.1/../../../arm-none-eabi/lib/thumb/v6-m/nofp/libc.a(lib_a-mlock.o)
                              /usr/lib/gcc/arm-none-eabi/8.3.1/../../../arm-none-eabi/lib/thumb/v6-m/nofp/libc.a(lib_a-mallocr.o) (__malloc_lock)
/usr/lib/gcc/arm-none-eabi/8.3.1/../../../arm-none-eabi/lib/thumb/v6-m/nofp/libc.a(lib_a-perror.o)
                              ../rc/librclib.a(matrix.c.obj) (perror)
/usr/lib/gcc/arm-none-eabi/8.3.1/../../../arm-none-eabi/lib/thumb/v6-m/nofp/libc.a(lib_a-rand.o)
                              ../rc/librclib.a(other.c.obj) (rand)
/usr/lib/gcc/arm-none-eabi/8.3.1/../../../arm-none-eabi/lib/thumb/v6-m/nofp/libc.a(lib_a-realloc.o)
                              CMakeFiles/matrix-tests.dir/__/lib/pico-sdk/src/rp2_common/pico_malloc/pico_malloc.c.obj (realloc)
/usr/lib/gcc/arm-none-eabi/8.3.1/../../../arm-none-eabi/lib/thumb/v6-m/nofp/libc.a(lib_a-reallocr.o)
                              /usr/lib/gcc/arm-none-eabi/8.3.1/../../../arm-none-eabi/lib/thumb/v6-m/nofp/libc.a(lib_a-realloc.o) (_realloc_r)
/usr/lib/gcc/arm-none-eabi/8.3.1/../../../arm-none-eabi/lib/thumb/v6-m/nofp/libc.a(lib_a-rget.o)
                              /usr/lib/gcc/arm-none-eabi/8.3.1/../../../arm-none-eabi/lib/thumb/v6-m/nofp/libc.a(lib_a-getc.o) (__srget_r)
/usr/lib/gcc/arm-none-eabi/8.3.1/../../../arm-none-eabi/lib/thumb/v6-m/nofp/libc.a(lib_a-sbrkr.o)
                              /usr/lib/gcc/arm-none-eabi/8.3.1/../../../arm-none-eabi/lib/thumb/v6-m/nofp/libc.a(lib_a-mallocr.o) (_sbrk_r)
/usr/lib/gcc/arm-none-eabi/8.3.1/../../../arm-none-eabi/lib/thumb/v6-m/nofp/libc.a(lib_a-strcpy.o)
                              CMakeFiles/matrix-tests.dir/matrix-tests.c.obj (strcpy)
/usr/lib/gcc/arm-none-eabi/8.3.1/../../../arm-none-eabi/lib/thumb/v6-m/nofp/libc.a(lib_a-strerror.o)
[...]
Memory Configuration

Name             Origin             Length             Attributes
FLASH            0x10000000         0x00200000         xr
RAM              0x20000000         0x00040000         xrw
SCRATCH_X        0x20040000         0x00001000         xrw
SCRATCH_Y        0x20041000         0x00001000         xrw
*default*        0x00000000         0xffffffff

Linker script and memory map

LOAD /usr/lib/gcc/arm-none-eabi/8.3.1/thumb/v6-m/nofp/crti.o
LOAD /usr/lib/gcc/arm-none-eabi/8.3.1/thumb/v6-m/nofp/crtbegin.o
LOAD /usr/lib/gcc/arm-none-eabi/8.3.1/../../../arm-none-eabi/lib/thumb/v6-m/nofp/crt0.o

.flash_begin    0x10000000        0x0
                0x10000000                __flash_binary_start = .

.boot2          0x10000000      0x100
                0x10000000                __boot2_start__ = .
 *(.boot2)
 .boot2         0x10000000      0x100 /tmp/ccF5S5YH.o
                0x10000100                __boot2_end__ = .
                0x00000001                ASSERT (((__boot2_end__ - __boot2_start__) == 0x100), ERROR: Pico second stage bootloader must be 256 bytes in size)

.text           0x10000100    0x164f8
                0x10000100                __logical_binary_start = .
 *(.vectors)
 .vectors       0x10000100       0xd4 CMakeFiles/matrix-tests.dir/__/lib/pico-sdk/src/rp2_common/pico_standard_link/crt0.S.obj
                0x10000100                __vectors
                0x10000100                __VECTOR_TABLE
                0x100001c0                isr_invalid
                0x100001c0                __default_isrs_start
                0x100001c2                isr_nmi
                0x100001c4                isr_hardfault
                0x100001c6                isr_svcall
                0x100001c8                isr_pendsv
                0x100001ca                isr_systick
                0x100001cc                isr_irq30
                0x100001cc                __unhandled_user_irq
                0x100001cc                isr_irq13
                0x100001cc                isr_irq27
                0x100001cc                isr_irq31
                0x100001cc                isr_irq5
                0x100001cc                isr_irq11
                0x100001cc                isr_irq23
                0x100001cc                isr_irq18
                0x100001cc                isr_irq28
                0x100001cc                isr_irq19
                0x100001cc                isr_irq0
                0x100001cc                isr_irq6
                0x100001cc                isr_irq22
                0x100001cc                isr_irq17
                0x100001cc                isr_irq14
                0x100001cc                isr_irq2
                0x100001cc                isr_irq10
                0x100001cc                isr_irq8
                0x100001cc                isr_irq24
                0x100001cc                isr_irq1
                0x100001cc                isr_irq7
                0x100001cc                isr_irq21
                0x100001cc                isr_irq20
                0x100001cc                isr_irq15
                0x100001cc                isr_irq25
                0x100001cc                isr_irq4
                0x100001cc                isr_irq16
                0x100001cc                isr_irq29
                0x100001cc                isr_irq26
                0x100001cc                __default_isrs_end
                0x100001cc                isr_irq3
                0x100001cc                isr_irq12
                0x100001cc                isr_irq9
                0x100001d2                unhandled_user_irq_num_in_r0
 *(.binary_info_header)
 .binary_info_header
                0x100001d4       0x14 CMakeFiles/matrix-tests.dir/__/lib/pico-sdk/src/rp2_common/pico_standard_link/crt0.S.obj
                0x100001e8                __binary_info_header_end = .
 *(.reset)
 .reset         0x100001e8       0xa8 CMakeFiles/matrix-tests.dir/__/lib/pico-sdk/src/rp2_common/pico_standard_link/crt0.S.obj
                0x100001e8                _entry_point
                0x10000266                __get_current_exception
 .reset         0x10000290       0x30 CMakeFiles/matrix-tests.dir/__/lib/pico-sdk/src/rp2_common/pico_standard_link/binary_info.c.obj
 *(.init)
 .init          0x100002c0        0x4 /usr/lib/gcc/arm-none-eabi/8.3.1/thumb/v6-m/nofp/crti.o
                0x100002c0                _init
 *(EXCLUDE_FILE(*libm.a: *libc.a:*lib_a-mem*.o *libgcc.a:) .text*)
 .text          0x100002c4       0x98 /usr/lib/gcc/arm-none-eabi/8.3.1/thumb/v6-m/nofp/crtbegin.o
 .text.test_outer_product.constprop.1
                0x1000035c       0x44 CMakeFiles/matrix-tests.dir/matrix-tests.c.obj
 .text.pause    0x100003a0       0x1c CMakeFiles/matrix-tests.dir/matrix-tests.c.obj
                0x100003a0                pause
 .text.test     0x100003bc       0x30 CMakeFiles/matrix-tests.dir/matrix-tests.c.obj
                0x100003bc                test
 .text.test_identity
                0x100003ec      0x12c CMakeFiles/matrix-tests.dir/matrix-tests.c.obj
                0x100003ec                test_identity
 .text.test_random
                0x10000518      0x270 CMakeFiles/matrix-tests.dir/matrix-tests.c.obj
                0x10000518                test_random
 .text.test_diagonal
                0x10000788      0x128 CMakeFiles/matrix-tests.dir/matrix-tests.c.obj
                0x10000788                test_diagonal
 .text.test_compare
                0x100008b0      0x134 CMakeFiles/matrix-tests.dir/matrix-tests.c.obj
                0x100008b0                test_compare
 .text.test_zeros
                0x100009e4      0x11c CMakeFiles/matrix-tests.dir/matrix-tests.c.obj
                0x100009e4                test_zeros
 .text.test_scalar_multiplication
                0x10000b00      0x178 CMakeFiles/matrix-tests.dir/matrix-tests.c.obj
                0x10000b00                test_scalar_multiplication
 .text.test_multiplication
                0x10000c78      0x218 CMakeFiles/matrix-tests.dir/matrix-tests.c.obj
                0x10000c78                test_multiplication
 .text.test_addition
                0x10000e90      0x164 CMakeFiles/matrix-tests.dir/matrix-tests.c.obj
                0x10000e90                test_addition
 .text.test_subtraction
                0x10000ff4      0x158 CMakeFiles/matrix-tests.dir/matrix-tests.c.obj
                0x10000ff4                test_subtraction
 .text.test_transpose
                0x1000114c      0x144 CMakeFiles/matrix-tests.dir/matrix-tests.c.obj
                0x1000114c                test_transpose
 .text.to_vector
                0x10001290       0x9c CMakeFiles/matrix-tests.dir/matrix-tests.c.obj
                0x10001290                to_vector
 .text.test_row_vec_times_matrix
                0x1000132c      0x1a0 CMakeFiles/matrix-tests.dir/matrix-tests.c.obj
                0x1000132c                test_row_vec_times_matrix
 .text.test_matrix_times_col_vec
                0x100014cc      0x1a0 CMakeFiles/matrix-tests.dir/matrix-tests.c.obj
                0x100014cc                test_matrix_times_col_vec
 .text.test_determinant
                0x1000166c       0xb0 CMakeFiles/matrix-tests.dir/matrix-tests.c.obj
                0x1000166c                test_determinant
 .text.test_symmetric
                0x1000171c       0x68 CMakeFiles/matrix-tests.dir/matrix-tests.c.obj
                0x1000171c                test_symmetric
 .text.startup.main
                0x10001784     0x6190 CMakeFiles/matrix-tests.dir/matrix-tests.c.obj
                0x10001784                main
 .text.gpio_set_function
                0x10007914       0x30 CMakeFiles/matrix-tests.dir/__/lib/pico-sdk/src/rp2_common/hardware_gpio/gpio.c.obj
                0x10007914                gpio_set_function
 .text.hw_claim_or_assert
                0x10007944       0x44 CMakeFiles/matrix-tests.dir/__/lib/pico-sdk/src/rp2_common/hardware_claim/claim.c.obj
                0x10007944                hw_claim_or_assert
 .text.hw_claim_unused_from_range
                0x10007988       0x9c CMakeFiles/matrix-tests.dir/__/lib/pico-sdk/src/rp2_common/hardware_claim/claim.c.obj
                0x10007988                hw_claim_unused_from_range
 .text.running_on_fpga
                0x10007a24       0x10 CMakeFiles/matrix-tests.dir/__/lib/pico-sdk/src/rp2_common/pico_platform/platform.c.obj
                0x10007a24                running_on_fpga
 .text.spin_locks_reset
                0x10007a34       0x1c CMakeFiles/matrix-tests.dir/__/lib/pico-sdk/src/rp2_common/hardware_sync/sync.c.obj
                0x10007a34                spin_locks_reset
 .text.next_striped_spin_lock_num
                0x10007a50       0x18 CMakeFiles/matrix-tests.dir/__/lib/pico-sdk/src/rp2_common/hardware_sync/sync.c.obj
                0x10007a50                next_striped_spin_lock_num
 .text.spin_lock_claim_unused
                0x10007a68       0x20 CMakeFiles/matrix-tests.dir/__/lib/pico-sdk/src/rp2_common/hardware_sync/sync.c.obj
                0x10007a68                spin_lock_claim_unused
 .text.irq_set_enabled
                0x10007a88       0x24 CMakeFiles/matrix-tests.dir/__/lib/pico-sdk/src/rp2_common/hardware_irq/irq.c.obj
                0x10007a88                irq_set_enabled
 .text.irq_set_pending
                0x10007aac       0x10 CMakeFiles/matrix-tests.dir/__/lib/pico-sdk/src/rp2_common/hardware_irq/irq.c.obj
                0x10007aac                irq_set_pending
 .text.irq_has_shared_handler
                0x10007abc       0x2c CMakeFiles/matrix-tests.dir/__/lib/pico-sdk/src/rp2_common/hardware_irq/irq.c.obj
                0x10007abc                irq_has_shared_handler
 .text.irq_get_vtable_handler
                0x10007ae8       0x10 CMakeFiles/matrix-tests.dir/__/lib/pico-sdk/src/rp2_common/hardware_irq/irq.c.obj
                0x10007ae8                irq_get_vtable_handler
 .text.irq_set_exclusive_handler
                0x10007af8       0x54 CMakeFiles/matrix-tests.dir/__/lib/pico-sdk/src/rp2_common/hardware_irq/irq.c.obj
                0x10007af8                irq_set_exclusive_handler
 .text.irq_add_shared_handler
                0x10007b4c      0x1c8 CMakeFiles/matrix-tests.dir/__/lib/pico-sdk/src/rp2_common/hardware_irq/irq.c.obj
                0x10007b4c                irq_add_shared_handler
 .text.irq_remove_handler
                0x10007d14      0x1b4 CMakeFiles/matrix-tests.dir/__/lib/pico-sdk/src/rp2_common/hardware_irq/irq.c.obj
                0x10007d14                irq_remove_handler
 .text.irq_add_tail_to_free_list
                0x10007ec8       0xb4 CMakeFiles/matrix-tests.dir/__/lib/pico-sdk/src/rp2_common/hardware_irq/irq.c.obj
                0x10007ec8                irq_add_tail_to_free_list
 .text.irq_init_priorities
                0x10007f7c       0x24 CMakeFiles/matrix-tests.dir/__/lib/pico-sdk/src/rp2_common/hardware_irq/irq.c.obj
                0x10007f7c                irq_init_priorities
 .text.user_irq_claim_unused
                0x10007fa0       0x30 CMakeFiles/matrix-tests.dir/__/lib/pico-sdk/src/rp2_common/hardware_irq/irq.c.obj
                0x10007fa0                user_irq_claim_unused
 .text.lock_init
                0x10007fd0       0x10 CMakeFiles/matrix-tests.dir/__/lib/pico-sdk/src/common/pico_sync/lock_core.c.obj
                0x10007fd0                lock_init
 .text.timer_pool_entry_comparator
                0x10007fe0       0x34 CMakeFiles/matrix-tests.dir/__/lib/pico-sdk/src/common/pico_time/time.c.obj
                0x10007fe0                timer_pool_entry_comparator
 .text.sleep_until_callback
                0x10008014       0x30 CMakeFiles/matrix-tests.dir/__/lib/pico-sdk/src/common/pico_time/time.c.obj
 .text.add_alarm_under_lock
                0x10008044      0x114 CMakeFiles/matrix-tests.dir/__/lib/pico-sdk/src/common/pico_time/time.c.obj
 .text.alarm_pool_alarm_callback
                0x10008158      0x1d0 CMakeFiles/matrix-tests.dir/__/lib/pico-sdk/src/common/pico_time/time.c.obj
 .text.alarm_pool_init_default
                0x10008328       0x64 CMakeFiles/matrix-tests.dir/__/lib/pico-sdk/src/common/pico_time/time.c.obj
                0x10008328                alarm_pool_init_default
 .text.alarm_pool_get_default
                0x1000838c        0x8 CMakeFiles/matrix-tests.dir/__/lib/pico-sdk/src/common/pico_time/time.c.obj
                0x1000838c                alarm_pool_get_default
 .text.alarm_pool_add_alarm_at
                0x10008394      0x19c CMakeFiles/matrix-tests.dir/__/lib/pico-sdk/src/common/pico_time/time.c.obj
                0x10008394                alarm_pool_add_alarm_at
 .text.alarm_pool_cancel_alarm
                0x10008530       0x70 CMakeFiles/matrix-tests.dir/__/lib/pico-sdk/src/common/pico_time/time.c.obj
                0x10008530                alarm_pool_cancel_alarm
 .text.sleep_until
                0x100085a0       0xc4 CMakeFiles/matrix-tests.dir/__/lib/pico-sdk/src/common/pico_time/time.c.obj
                0x100085a0                sleep_until
 .text.sleep_ms
                0x10008664       0x38 CMakeFiles/matrix-tests.dir/__/lib/pico-sdk/src/common/pico_time/time.c.obj
                0x10008664                sleep_ms
 .text.best_effort_wfe_or_timeout
                0x1000869c       0x58 CMakeFiles/matrix-tests.dir/__/lib/pico-sdk/src/common/pico_time/time.c.obj
                0x1000869c                best_effort_wfe_or_timeout
 .text.hardware_alarm_irq_handler
                0x100086f4       0xb0 CMakeFiles/matrix-tests.dir/__/lib/pico-sdk/src/rp2_common/hardware_timer/timer.c.obj
 .text.hardware_alarm_claim
                0x100087a4       0x18 CMakeFiles/matrix-tests.dir/__/lib/pico-sdk/src/rp2_common/hardware_timer/timer.c.obj
                0x100087a4                hardware_alarm_claim
 .text.time_us_64
                0x100087bc       0x18 CMakeFiles/matrix-tests.dir/__/lib/pico-sdk/src/rp2_common/hardware_timer/timer.c.obj
                0x100087bc                time_us_64
 .text.busy_wait_us
                0x100087d4       0x60 CMakeFiles/matrix-tests.dir/__/lib/pico-sdk/src/rp2_common/hardware_timer/timer.c.obj
                0x100087d4                busy_wait_us
 .text.busy_wait_until
                0x10008834       0x20 CMakeFiles/matrix-tests.dir/__/lib/pico-sdk/src/rp2_common/hardware_timer/timer.c.obj
                0x10008834                busy_wait_until
 .text.hardware_alarm_set_callback
                0x10008854       0x8c CMakeFiles/matrix-tests.dir/__/lib/pico-sdk/src/rp2_common/hardware_timer/timer.c.obj
                0x10008854                hardware_alarm_set_callback
 .text.hardware_alarm_set_target
                0x100088e0       0xe8 CMakeFiles/matrix-tests.dir/__/lib/pico-sdk/src/rp2_common/hardware_timer/timer.c.obj
                0x100088e0                hardware_alarm_set_target
 .text.hardware_alarm_cancel
                0x100089c8       0x40 CMakeFiles/matrix-tests.dir/__/lib/pico-sdk/src/rp2_common/hardware_timer/timer.c.obj
                0x100089c8                hardware_alarm_cancel
 .text.ph_merge_nodes
                0x10008a08       0x5c CMakeFiles/matrix-tests.dir/__/lib/pico-sdk/src/common/pico_util/pheap.c.obj
 .text.ph_post_alloc_init
                0x10008a64      0x1b8 CMakeFiles/matrix-tests.dir/__/lib/pico-sdk/src/common/pico_util/pheap.c.obj
                0x10008a64                ph_post_alloc_init
 .text.ph_merge_two_pass
                0x10008c1c       0x4c CMakeFiles/matrix-tests.dir/__/lib/pico-sdk/src/common/pico_util/pheap.c.obj
                0x10008c1c                ph_merge_two_pass
 .text.ph_remove_any_head
                0x10008c68      0x1b8 CMakeFiles/matrix-tests.dir/__/lib/pico-sdk/src/common/pico_util/pheap.c.obj
 .text.ph_remove_head
                0x10008e20      0x1bc CMakeFiles/matrix-tests.dir/__/lib/pico-sdk/src/common/pico_util/pheap.c.obj
                0x10008e20                ph_remove_head
 .text.ph_remove_and_free_node
                0x10008fdc       0x7c CMakeFiles/matrix-tests.dir/__/lib/pico-sdk/src/common/pico_util/pheap.c.obj
                0x10008fdc                ph_remove_and_free_node
 .text.mutex_init
                0x10009058       0x1c CMakeFiles/matrix-tests.dir/__/lib/pico-sdk/src/common/pico_sync/mutex.c.obj
                0x10009058                mutex_init
 .text.recursive_mutex_init
                0x10009074       0x1c CMakeFiles/matrix-tests.dir/__/lib/pico-sdk/src/common/pico_sync/mutex.c.obj
                0x10009074                recursive_mutex_init
 .text.critical_section_init
                0x10009090       0x20 CMakeFiles/matrix-tests.dir/__/lib/pico-sdk/src/common/pico_sync/critical_section.c.obj
                0x10009090                critical_section_init
 .text.uart_init
                0x100090b0       0xe4 CMakeFiles/matrix-tests.dir/__/lib/pico-sdk/src/rp2_common/hardware_uart/uart.c.obj
                0x100090b0                uart_init
 .text.runtime_init
                0x10009194       0xf4 CMakeFiles/matrix-tests.dir/__/lib/pico-sdk/src/rp2_common/pico_runtime/runtime.c.obj
                0x10009194                runtime_init
 .text._sbrk    0x10009288       0x34 CMakeFiles/matrix-tests.dir/__/lib/pico-sdk/src/rp2_common/pico_runtime/runtime.c.obj
                0x10009288                _sbrk
 .text.exit     0x100092bc        0x4 CMakeFiles/matrix-tests.dir/__/lib/pico-sdk/src/rp2_common/pico_runtime/runtime.c.obj
                0x100092bc                exit
 .text.__assert_func
                0x100092c0       0x34 CMakeFiles/matrix-tests.dir/__/lib/pico-sdk/src/rp2_common/pico_runtime/runtime.c.obj
                0x100092c0                __assert_func
 .text.panic    0x100092f4       0x30 CMakeFiles/matrix-tests.dir/__/lib/pico-sdk/src/rp2_common/pico_runtime/runtime.c.obj
                0x100092f4                panic
 .text.hard_assertion_failure
                0x10009324        0xc CMakeFiles/matrix-tests.dir/__/lib/pico-sdk/src/rp2_common/pico_runtime/runtime.c.obj
                0x10009324                hard_assertion_failure
 .text.clocks_init
                0x10009330      0x2c0 CMakeFiles/matrix-tests.dir/__/lib/pico-sdk/src/rp2_common/hardware_clocks/clocks.c.obj
                0x10009330                clocks_init
 .text.clock_get_hz
                0x100095f0        0xc CMakeFiles/matrix-tests.dir/__/lib/pico-sdk/src/rp2_common/hardware_clocks/clocks.c.obj
                0x100095f0                clock_get_hz
 .text.pll_init
                0x100095fc       0xa8 CMakeFiles/matrix-tests.dir/__/lib/pico-sdk/src/rp2_common/hardware_pll/pll.c.obj
                0x100095fc                pll_init
 .text.watchdog_start_tick
                0x100096a4       0x10 CMakeFiles/matrix-tests.dir/__/lib/pico-sdk/src/rp2_common/hardware_watchdog/watchdog.c.obj
                0x100096a4                watchdog_start_tick
 .text.watchdog_reboot
                0x100096b4       0x98 CMakeFiles/matrix-tests.dir/__/lib/pico-sdk/src/rp2_common/hardware_watchdog/watchdog.c.obj
                0x100096b4                watchdog_reboot
 .text.xosc_init
                0x1000974c       0x28 CMakeFiles/matrix-tests.dir/__/lib/pico-sdk/src/rp2_common/hardware_xosc/xosc.c.obj
                0x1000974c                xosc_init
 .text._out_null
                0x10009774        0x4 CMakeFiles/matrix-tests.dir/__/lib/pico-sdk/src/rp2_common/pico_printf/printf.c.obj
 .text._out_rev
                0x10009778       0x9c CMakeFiles/matrix-tests.dir/__/lib/pico-sdk/src/rp2_common/pico_printf/printf.c.obj
 .text._ntoa_format
                0x10009814      0x1c8 CMakeFiles/matrix-tests.dir/__/lib/pico-sdk/src/rp2_common/pico_printf/printf.c.obj
 .text._out_char
                0x100099dc       0x10 CMakeFiles/matrix-tests.dir/__/lib/pico-sdk/src/rp2_common/pico_printf/printf.c.obj
 .text._out_fct
                0x100099ec       0x10 CMakeFiles/matrix-tests.dir/__/lib/pico-sdk/src/rp2_common/pico_printf/printf.c.obj
 .text._etoa    0x100099fc      0x45c CMakeFiles/matrix-tests.dir/__/lib/pico-sdk/src/rp2_common/pico_printf/printf.c.obj
 .text._ftoa    0x10009e58      0x4c0 CMakeFiles/matrix-tests.dir/__/lib/pico-sdk/src/rp2_common/pico_printf/printf.c.obj
 .text._vsnprintf
                0x1000a318      0xad0 CMakeFiles/matrix-tests.dir/__/lib/pico-sdk/src/rp2_common/pico_printf/printf.c.obj
 .text.vfctprintf
                0x1000ade8       0x20 CMakeFiles/matrix-tests.dir/__/lib/pico-sdk/src/rp2_common/pico_printf/printf.c.obj
                0x1000ade8                vfctprintf
 .text.weak_raw_printf
                0x1000ae08       0x40 CMakeFiles/matrix-tests.dir/__/lib/pico-sdk/src/rp2_common/pico_printf/printf.c.obj
                0x1000ae08                weak_raw_printf
 .text.weak_raw_vprintf
                0x1000ae48       0x30 CMakeFiles/matrix-tests.dir/__/lib/pico-sdk/src/rp2_common/pico_printf/printf.c.obj
                0x1000ae48                weak_raw_vprintf
 .text          0x1000ae78       0x10 CMakeFiles/matrix-tests.dir/__/lib/pico-sdk/src/rp2_common/pico_bit_ops/bit_ops_aeabi.S.obj
 .text.rom_func_lookup
                0x1000ae88       0x10 CMakeFiles/matrix-tests.dir/__/lib/pico-sdk/src/rp2_common/pico_bootrom/bootrom.c.obj
                0x1000ae88                rom_func_lookup
 .text.rom_data_lookup
                0x1000ae98       0x10 CMakeFiles/matrix-tests.dir/__/lib/pico-sdk/src/rp2_common/pico_bootrom/bootrom.c.obj
                0x1000ae98                rom_data_lookup
 .text.rom_funcs_lookup
                0x1000aea8       0x3c CMakeFiles/matrix-tests.dir/__/lib/pico-sdk/src/rp2_common/pico_bootrom/bootrom.c.obj
                0x1000aea8                rom_funcs_lookup
 .text.__wrap___aeabi_idiv
                0x1000aee4       0x50 CMakeFiles/matrix-tests.dir/__/lib/pico-sdk/src/rp2_common/pico_divider/divider.S.obj
                0x1000aee4                __wrap___aeabi_idivmod
                0x1000aee4                divmod_s32s32
                0x1000aee4                div_s32s32
                0x1000aee4                __wrap___aeabi_idiv
                0x1000aeec                divmod_s32s32_unsafe
                0x1000af18                divmod_s32s32_savestate
 .text.__wrap___aeabi_uidiv
                0x1000af34       0x4c CMakeFiles/matrix-tests.dir/__/lib/pico-sdk/src/rp2_common/pico_divider/divider.S.obj
                0x1000af34                __wrap___aeabi_uidiv
                0x1000af34                __wrap___aeabi_uidivmod
                0x1000af34                div_u32u32
                0x1000af34                divmod_u32u32
                0x1000af3c                divmod_u32u32_unsafe
                0x1000af64                divmod_u32u32_savestate
 .text.__wrap___aeabi_ldiv
                0x1000af80      0x434 CMakeFiles/matrix-tests.dir/__/lib/pico-sdk/src/rp2_common/pico_divider/divider.S.obj
                0x1000af80                div_s64s64
                0x1000af80                divmod_s64s64
                0x1000af80                __wrap___aeabi_ldivmod
                0x1000afb8                div_u64u64
                0x1000afb8                divmod_u64u64
                0x1000afb8                __wrap___aeabi_uldivmod
                0x1000afc8                divmod_u64u64_savestate
                0x1000aff0                divmod_s64s64_unsafe
                0x1000b078                divmod_u64u64_unsafe
 .text.__wrap___aeabi_darithmetic
                0x1000b3b4       0x80 CMakeFiles/matrix-tests.dir/__/lib/pico-sdk/src/rp2_common/pico_double/double_aeabi.S.obj
                0x1000b3b4                __wrap___aeabi_drsub
                0x1000b3ba                __wrap___aeabi_dsub
                0x1000b3cc                __wrap___aeabi_dadd
                0x1000b3de                __wrap___aeabi_ddiv
                0x1000b41a                __wrap___aeabi_dmul
 .text.__wrap___aeabi_cdcmple
                0x1000b434       0x6c CMakeFiles/matrix-tests.dir/__/lib/pico-sdk/src/rp2_common/pico_double/double_aeabi.S.obj
                0x1000b434                __wrap___aeabi_cdrcmple
                0x1000b444                __wrap___aeabi_cdcmple
                0x1000b444                __wrap___aeabi_cdcmpeq
 .text.__wrap___aeabi_dcmpeq
                0x1000b4a0       0x10 CMakeFiles/matrix-tests.dir/__/lib/pico-sdk/src/rp2_common/pico_double/double_aeabi.S.obj
                0x1000b4a0                __wrap___aeabi_dcmpeq
 .text.__wrap___aeabi_dcmplt
                0x1000b4b0        0xc CMakeFiles/matrix-tests.dir/__/lib/pico-sdk/src/rp2_common/pico_double/double_aeabi.S.obj
                0x1000b4b0                __wrap___aeabi_dcmplt
 .text.__wrap___aeabi_dcmple
                0x1000b4bc       0x10 CMakeFiles/matrix-tests.dir/__/lib/pico-sdk/src/rp2_common/pico_double/double_aeabi.S.obj
                0x1000b4bc                __wrap___aeabi_dcmple
 .text.__wrap___aeabi_dcmpge
                0x1000b4cc       0x10 CMakeFiles/matrix-tests.dir/__/lib/pico-sdk/src/rp2_common/pico_double/double_aeabi.S.obj
                0x1000b4cc                __wrap___aeabi_dcmpge
 .text.__wrap___aeabi_dcmpgt
                0x1000b4dc        0xa CMakeFiles/matrix-tests.dir/__/lib/pico-sdk/src/rp2_common/pico_double/double_aeabi.S.obj
                0x1000b4dc                __wrap___aeabi_dcmpgt
 .text.__wrap___aeabi_dcmpun
                0x1000b4e6       0x1c CMakeFiles/matrix-tests.dir/__/lib/pico-sdk/src/rp2_common/pico_double/double_aeabi.S.obj
                0x1000b4e6                __wrap___aeabi_dcmpun
 *fill*         0x1000b502        0x2 
 .text.__wrap___aeabi_i2d
                0x1000b504       0x38 CMakeFiles/matrix-tests.dir/__/lib/pico-sdk/src/rp2_common/pico_double/double_aeabi.S.obj
                0x1000b504                __wrap___aeabi_ui2d
                0x1000b50c                __wrap___aeabi_i2d
 .text.__wrap___aeabi_d2iz
                0x1000b53c       0x48 CMakeFiles/matrix-tests.dir/__/lib/pico-sdk/src/rp2_common/pico_double/double_aeabi.S.obj
                0x1000b53c                __wrap___aeabi_d2iz
                0x1000b53c                double2int_z
 .text.__wrap___aeabi_d2uiz
                0x1000b584       0x18 CMakeFiles/matrix-tests.dir/__/lib/pico-sdk/src/rp2_common/pico_double/double_aeabi.S.obj
                0x1000b584                double2uint
                0x1000b584                __wrap___aeabi_d2uiz
 .text.__aeabi_double_init
                0x1000b59c       0xbc CMakeFiles/matrix-tests.dir/__/lib/pico-sdk/src/rp2_common/pico_double/double_init_rom.c.obj
                0x1000b59c                __aeabi_double_init
 .text.double_table_shim_on_use_helper
                0x1000b658       0x2c CMakeFiles/matrix-tests.dir/__/lib/pico-sdk/src/rp2_common/pico_double/double_v1_rom_shim.S.obj
                0x1000b658                double_table_shim_on_use_helper
 .text.__wrap___aeabi_dsub
                0x1000b684       0x10 CMakeFiles/matrix-tests.dir/__/lib/pico-sdk/src/rp2_common/pico_double/double_v1_rom_shim.S.obj
                0x1000b684                drsub_shim
                0x1000b68a                dsub_shim
 .text.dadd_shim
                0x1000b694      0x15c CMakeFiles/matrix-tests.dir/__/lib/pico-sdk/src/rp2_common/pico_double/double_v1_rom_shim.S.obj
                0x1000b694                dadd_shim
 .text.dmul_shim
                0x1000b7f0      0x15c CMakeFiles/matrix-tests.dir/__/lib/pico-sdk/src/rp2_common/pico_double/double_v1_rom_shim.S.obj
                0x1000b7f0                dmul_shim
 .text.ddiv_shim
                0x1000b94c      0x1b0 CMakeFiles/matrix-tests.dir/__/lib/pico-sdk/src/rp2_common/pico_double/double_v1_rom_shim.S.obj
                0x1000b94c                ddiv_shim
 .text.double2uint_shim
                0x1000bafc        0xe CMakeFiles/matrix-tests.dir/__/lib/pico-sdk/src/rp2_common/pico_double/double_v1_rom_shim.S.obj
                0x1000bafc                double2uint_shim
                0x1000bafe                double2ufix_shim
 *fill*         0x1000bb0a        0x2 
 .text.double2uint64_shim
                0x1000bb0c       0x70 CMakeFiles/matrix-tests.dir/__/lib/pico-sdk/src/rp2_common/pico_double/double_v1_rom_shim.S.obj
                0x1000bb0c                double2uint64_shim
                0x1000bb0e                double2ufix64_shim
                0x1000bb2e                d2fix_a
 .text.dunpacks
                0x1000bb7c       0x3c CMakeFiles/matrix-tests.dir/__/lib/pico-sdk/src/rp2_common/pico_double/double_v1_rom_shim.S.obj
                0x1000bb7c                dunpacks
 .text.__aeabi_lmul
                0x1000bbb8       0x32 CMakeFiles/matrix-tests.dir/__/lib/pico-sdk/src/rp2_common/pico_int64_ops/pico_int64_ops_aeabi.S.obj
                0x1000bbb8                __wrap___aeabi_lmul
 *fill*         0x1000bbea        0x2 
 .text.__aeabi_float_init
                0x1000bbec       0x68 CMakeFiles/matrix-tests.dir/__/lib/pico-sdk/src/rp2_common/pico_float/float_init_rom.c.obj
                0x1000bbec                __aeabi_float_init
 .text.float_table_shim_on_use_helper
                0x1000bc54       0x2c CMakeFiles/matrix-tests.dir/__/lib/pico-sdk/src/rp2_common/pico_float/float_v1_rom_shim.S.obj
                0x1000bc54                float_table_shim_on_use_helper
 .text.__wrap_malloc
                0x1000bc80       0x3c CMakeFiles/matrix-tests.dir/__/lib/pico-sdk/src/rp2_common/pico_malloc/pico_malloc.c.obj
                0x1000bc80                __wrap_malloc
 .text.__wrap_calloc
                0x1000bcbc       0x40 CMakeFiles/matrix-tests.dir/__/lib/pico-sdk/src/rp2_common/pico_malloc/pico_malloc.c.obj
                0x1000bcbc                __wrap_calloc
 .text.__wrap_free
                0x1000bcfc       0x20 CMakeFiles/matrix-tests.dir/__/lib/pico-sdk/src/rp2_common/pico_malloc/pico_malloc.c.obj
                0x1000bcfc                __wrap_free
 .text          0x1000bd1c       0x10 CMakeFiles/matrix-tests.dir/__/lib/pico-sdk/src/rp2_common/pico_mem_ops/mem_ops_aeabi.S.obj
                0x1000bd1c                __aeabi_mem_init
 .text.memset   0x1000bd2c        0xc CMakeFiles/matrix-tests.dir/__/lib/pico-sdk/src/rp2_common/pico_mem_ops/mem_ops_aeabi.S.obj
                0x1000bd2c                __wrap_memset
 .text.memcpy   0x1000bd38        0xc CMakeFiles/matrix-tests.dir/__/lib/pico-sdk/src/rp2_common/pico_mem_ops/mem_ops_aeabi.S.obj
                0x1000bd38                __wrap___aeabi_memcpy
                0x1000bd38                __wrap_memcpy
 .text.stdio_out_chars_no_crlf
                0x1000bd44       0x10 CMakeFiles/matrix-tests.dir/__/lib/pico-sdk/src/rp2_common/pico_stdio/stdio.c.obj
 .text.stdio_out_chars_crlf
                0x1000bd54       0xac CMakeFiles/matrix-tests.dir/__/lib/pico-sdk/src/rp2_common/pico_stdio/stdio.c.obj
 .text.stdio_stack_buffer_flush.part.1
                0x1000be00       0xe8 CMakeFiles/matrix-tests.dir/__/lib/pico-sdk/src/rp2_common/pico_stdio/stdio.c.obj
 .text.stdio_buffered_printer
                0x1000bee8       0x20 CMakeFiles/matrix-tests.dir/__/lib/pico-sdk/src/rp2_common/pico_stdio/stdio.c.obj
 .text.stdio_put_string
                0x1000bf08       0xf8 CMakeFiles/matrix-tests.dir/__/lib/pico-sdk/src/rp2_common/pico_stdio/stdio.c.obj
 .text.__wrap_putchar
                0x1000c000       0xa4 CMakeFiles/matrix-tests.dir/__/lib/pico-sdk/src/rp2_common/pico_stdio/stdio.c.obj
                0x1000c000                __wrap_putchar
 .text.__wrap_puts
                0x1000c0a4       0x3c CMakeFiles/matrix-tests.dir/__/lib/pico-sdk/src/rp2_common/pico_stdio/stdio.c.obj
                0x1000c0a4                __wrap_puts
 .text._read    0x1000c0e0       0x94 CMakeFiles/matrix-tests.dir/__/lib/pico-sdk/src/rp2_common/pico_stdio/stdio.c.obj
                0x1000c0e0                _read
 .text._write   0x1000c174       0x24 CMakeFiles/matrix-tests.dir/__/lib/pico-sdk/src/rp2_common/pico_stdio/stdio.c.obj
                0x1000c174                _write
 .text.stdio_set_driver_enabled
                0x1000c198       0x30 CMakeFiles/matrix-tests.dir/__/lib/pico-sdk/src/rp2_common/pico_stdio/stdio.c.obj
                0x1000c198                stdio_set_driver_enabled
 .text.__wrap_vprintf
                0x1000c1c8       0x98 CMakeFiles/matrix-tests.dir/__/lib/pico-sdk/src/rp2_common/pico_stdio/stdio.c.obj
                0x1000c1c8                __wrap_vprintf
 .text.__wrap_printf
                0x1000c260       0x18 CMakeFiles/matrix-tests.dir/__/lib/pico-sdk/src/rp2_common/pico_stdio/stdio.c.obj
                0x1000c260                __wrap_printf
 .text.stdio_init_all
                0x1000c278        0xc CMakeFiles/matrix-tests.dir/__/lib/pico-sdk/src/rp2_common/pico_stdio/stdio.c.obj
                0x1000c278                stdio_init_all
 .text.stdio_uart_out_chars
                0x1000c284       0x4c CMakeFiles/matrix-tests.dir/__/lib/pico-sdk/src/rp2_common/pico_stdio_uart/stdio_uart.c.obj
 .text.stdio_uart_in_chars
                0x1000c2d0       0x3c CMakeFiles/matrix-tests.dir/__/lib/pico-sdk/src/rp2_common/pico_stdio_uart/stdio_uart.c.obj
                0x1000c2d0                stdio_uart_in_chars
 .text.stdio_uart_init
                0x1000c30c       0x48 CMakeFiles/matrix-tests.dir/__/lib/pico-sdk/src/rp2_common/pico_stdio_uart/stdio_uart.c.obj
                0x1000c30c                stdio_uart_init
 .text.resetd_init
                0x1000c354        0x4 CMakeFiles/matrix-tests.dir/__/lib/pico-sdk/src/rp2_common/pico_stdio_usb/reset_interface.c.obj
 .text.resetd_reset
                0x1000c358        0xc CMakeFiles/matrix-tests.dir/__/lib/pico-sdk/src/rp2_common/pico_stdio_usb/reset_interface.c.obj
 .text.resetd_open
                0x1000c364       0x28 CMakeFiles/matrix-tests.dir/__/lib/pico-sdk/src/rp2_common/pico_stdio_usb/reset_interface.c.obj
 .text.resetd_xfer_cb
                0x1000c38c        0x4 CMakeFiles/matrix-tests.dir/__/lib/pico-sdk/src/rp2_common/pico_stdio_usb/reset_interface.c.obj
 .text.resetd_control_xfer_cb
                0x1000c390       0x64 CMakeFiles/matrix-tests.dir/__/lib/pico-sdk/src/rp2_common/pico_stdio_usb/reset_interface.c.obj
 .text.usbd_app_driver_get_cb
                0x1000c3f4        0xc CMakeFiles/matrix-tests.dir/__/lib/pico-sdk/src/rp2_common/pico_stdio_usb/reset_interface.c.obj
                0x1000c3f4                usbd_app_driver_get_cb
 .text.tud_cdc_line_coding_cb
                0x1000c400       0x34 CMakeFiles/matrix-tests.dir/__/lib/pico-sdk/src/rp2_common/pico_stdio_usb/reset_interface.c.obj
                0x1000c400                tud_cdc_line_coding_cb
 .text.stdio_usb_in_chars
                0x1000c434       0x68 CMakeFiles/matrix-tests.dir/__/lib/pico-sdk/src/rp2_common/pico_stdio_usb/stdio_usb.c.obj
                0x1000c434                stdio_usb_in_chars
 .text.stdio_usb_out_chars
                0x1000c49c       0xf0 CMakeFiles/matrix-tests.dir/__/lib/pico-sdk/src/rp2_common/pico_stdio_usb/stdio_usb.c.obj
 .text.timer_task
                0x1000c58c       0x18 CMakeFiles/matrix-tests.dir/__/lib/pico-sdk/src/rp2_common/pico_stdio_usb/stdio_usb.c.obj
 .text.usb_irq  0x1000c5a4       0x10 CMakeFiles/matrix-tests.dir/__/lib/pico-sdk/src/rp2_common/pico_stdio_usb/stdio_usb.c.obj
 .text.low_priority_worker_irq
                0x1000c5b4       0x24 CMakeFiles/matrix-tests.dir/__/lib/pico-sdk/src/rp2_common/pico_stdio_usb/stdio_usb.c.obj
 .text.stdio_usb_init
                0x1000c5d8       0xac CMakeFiles/matrix-tests.dir/__/lib/pico-sdk/src/rp2_common/pico_stdio_usb/stdio_usb.c.obj
                0x1000c5d8                stdio_usb_init
 .text.tud_descriptor_device_cb
                0x1000c684        0x8 CMakeFiles/matrix-tests.dir/__/lib/pico-sdk/src/rp2_common/pico_stdio_usb/stdio_usb_descriptors.c.obj
                0x1000c684                tud_descriptor_device_cb
 .text.tud_descriptor_configuration_cb
                0x1000c68c        0x8 CMakeFiles/matrix-tests.dir/__/lib/pico-sdk/src/rp2_common/pico_stdio_usb/stdio_usb_descriptors.c.obj
                0x1000c68c                tud_descriptor_configuration_cb
 .text.tud_descriptor_string_cb
                0x1000c694       0x70 CMakeFiles/matrix-tests.dir/__/lib/pico-sdk/src/rp2_common/pico_stdio_usb/stdio_usb_descriptors.c.obj
                0x1000c694                tud_descriptor_string_cb
 .text.dcd_rp2040_irq
                0x1000c704      0x21c CMakeFiles/matrix-tests.dir/__/lib/pico-sdk/lib/tinyusb/src/portable/raspberrypi/rp2040/dcd_rp2040.c.obj
 .text.dcd_int_enable
                0x1000c920        0xc CMakeFiles/matrix-tests.dir/__/lib/pico-sdk/lib/tinyusb/src/portable/raspberrypi/rp2040/dcd_rp2040.c.obj
                0x1000c920                dcd_int_enable
 .text.dcd_set_address
                0x1000c92c       0x14 CMakeFiles/matrix-tests.dir/__/lib/pico-sdk/lib/tinyusb/src/portable/raspberrypi/rp2040/dcd_rp2040.c.obj
                0x1000c92c                dcd_set_address
 .text.dcd_connect
                0x1000c940       0x10 CMakeFiles/matrix-tests.dir/__/lib/pico-sdk/lib/tinyusb/src/portable/raspberrypi/rp2040/dcd_rp2040.c.obj
                0x1000c940                dcd_connect
 .text.dcd_init
                0x1000c950      0x144 CMakeFiles/matrix-tests.dir/__/lib/pico-sdk/lib/tinyusb/src/portable/raspberrypi/rp2040/dcd_rp2040.c.obj
                0x1000c950                dcd_init
 .text.dcd_edpt0_status_complete
                0x1000ca94       0x1c CMakeFiles/matrix-tests.dir/__/lib/pico-sdk/lib/tinyusb/src/portable/raspberrypi/rp2040/dcd_rp2040.c.obj
                0x1000ca94                dcd_edpt0_status_complete
 .text.dcd_edpt_open
                0x1000cab0       0xe4 CMakeFiles/matrix-tests.dir/__/lib/pico-sdk/lib/tinyusb/src/portable/raspberrypi/rp2040/dcd_rp2040.c.obj
                0x1000cab0                dcd_edpt_open
 .text.dcd_edpt_close_all
                0x1000cb94       0xbc CMakeFiles/matrix-tests.dir/__/lib/pico-sdk/lib/tinyusb/src/portable/raspberrypi/rp2040/dcd_rp2040.c.obj
                0x1000cb94                dcd_edpt_close_all
 .text.dcd_edpt_xfer
                0x1000cc50       0x24 CMakeFiles/matrix-tests.dir/__/lib/pico-sdk/lib/tinyusb/src/portable/raspberrypi/rp2040/dcd_rp2040.c.obj
                0x1000cc50                dcd_edpt_xfer
 .text.dcd_edpt_stall
                0x1000cc74       0x34 CMakeFiles/matrix-tests.dir/__/lib/pico-sdk/lib/tinyusb/src/portable/raspberrypi/rp2040/dcd_rp2040.c.obj
                0x1000cc74                dcd_edpt_stall
 .text.dcd_edpt_clear_stall
                0x1000cca8       0x2c CMakeFiles/matrix-tests.dir/__/lib/pico-sdk/lib/tinyusb/src/portable/raspberrypi/rp2040/dcd_rp2040.c.obj
                0x1000cca8                dcd_edpt_clear_stall
 .text._hw_endpoint_buffer_control_update32.part.2
                0x1000ccd4       0x20 CMakeFiles/matrix-tests.dir/__/lib/pico-sdk/lib/tinyusb/src/portable/raspberrypi/rp2040/rp2040_usb.c.obj
 .text.rp2040_usb_init
                0x1000ccf4       0x4c CMakeFiles/matrix-tests.dir/__/lib/pico-sdk/lib/tinyusb/src/portable/raspberrypi/rp2040/rp2040_usb.c.obj
                0x1000ccf4                rp2040_usb_init
 .text.hw_endpoint_reset_transfer
                0x1000cd40        0xc CMakeFiles/matrix-tests.dir/__/lib/pico-sdk/lib/tinyusb/src/portable/raspberrypi/rp2040/rp2040_usb.c.obj
                0x1000cd40                hw_endpoint_reset_transfer
 .text._hw_endpoint_buffer_control_update32
                0x1000cd4c       0x40 CMakeFiles/matrix-tests.dir/__/lib/pico-sdk/lib/tinyusb/src/portable/raspberrypi/rp2040/rp2040_usb.c.obj
                0x1000cd4c                _hw_endpoint_buffer_control_update32
 .text.hw_endpoint_xfer_start
                0x1000cd8c      0x138 CMakeFiles/matrix-tests.dir/__/lib/pico-sdk/lib/tinyusb/src/portable/raspberrypi/rp2040/rp2040_usb.c.obj
                0x1000cd8c                hw_endpoint_xfer_start
 .text.hw_endpoint_xfer_continue
                0x1000cec4      0x1e0 CMakeFiles/matrix-tests.dir/__/lib/pico-sdk/lib/tinyusb/src/portable/raspberrypi/rp2040/rp2040_usb.c.obj
                0x1000cec4                hw_endpoint_xfer_continue
 .text.tud_mounted
                0x1000d0a4       0x10 CMakeFiles/matrix-tests.dir/__/lib/pico-sdk/lib/tinyusb/src/device/usbd.c.obj
                0x1000d0a4                tud_mounted
 .text.tud_suspended
                0x1000d0b4       0x10 CMakeFiles/matrix-tests.dir/__/lib/pico-sdk/lib/tinyusb/src/device/usbd.c.obj
                0x1000d0b4                tud_suspended
 .text.tud_inited
                0x1000d0c4        0xc CMakeFiles/matrix-tests.dir/__/lib/pico-sdk/lib/tinyusb/src/device/usbd.c.obj
                0x1000d0c4                tud_inited
 .text.tud_init
                0x1000d0d0       0xd4 CMakeFiles/matrix-tests.dir/__/lib/pico-sdk/lib/tinyusb/src/device/usbd.c.obj
                0x1000d0d0                tud_init
 .text.tud_task
                0x1000d1a4      0x928 CMakeFiles/matrix-tests.dir/__/lib/pico-sdk/lib/tinyusb/src/device/usbd.c.obj
                0x1000d1a4                tud_task
 .text.dcd_event_bus_signal
                0x1000dacc      0x124 CMakeFiles/matrix-tests.dir/__/lib/pico-sdk/lib/tinyusb/src/device/usbd.c.obj
                0x1000dacc                dcd_event_bus_signal
 .text.dcd_event_bus_reset
                0x1000dbf0       0x58 CMakeFiles/matrix-tests.dir/__/lib/pico-sdk/lib/tinyusb/src/device/usbd.c.obj
                0x1000dbf0                dcd_event_bus_reset
 .text.dcd_event_setup_received
                0x1000dc48       0x50 CMakeFiles/matrix-tests.dir/__/lib/pico-sdk/lib/tinyusb/src/device/usbd.c.obj
                0x1000dc48                dcd_event_setup_received
 .text.dcd_event_xfer_complete
                0x1000dc98       0x68 CMakeFiles/matrix-tests.dir/__/lib/pico-sdk/lib/tinyusb/src/device/usbd.c.obj
                0x1000dc98                dcd_event_xfer_complete
 .text.usbd_open_edpt_pair
                0x1000dd00       0x9c CMakeFiles/matrix-tests.dir/__/lib/pico-sdk/lib/tinyusb/src/device/usbd.c.obj
                0x1000dd00                usbd_open_edpt_pair
 .text.usbd_edpt_open
                0x1000dd9c       0x30 CMakeFiles/matrix-tests.dir/__/lib/pico-sdk/lib/tinyusb/src/device/usbd.c.obj
                0x1000dd9c                usbd_edpt_open
 .text.usbd_edpt_claim
                0x1000ddcc       0x60 CMakeFiles/matrix-tests.dir/__/lib/pico-sdk/lib/tinyusb/src/device/usbd.c.obj
                0x1000ddcc                usbd_edpt_claim
 .text.usbd_edpt_release
                0x1000de2c       0x4c CMakeFiles/matrix-tests.dir/__/lib/pico-sdk/lib/tinyusb/src/device/usbd.c.obj
                0x1000de2c                usbd_edpt_release
 .text.usbd_edpt_xfer
                0x1000de78       0x48 CMakeFiles/matrix-tests.dir/__/lib/pico-sdk/lib/tinyusb/src/device/usbd.c.obj
                0x1000de78                usbd_edpt_xfer
 .text.tud_control_status
                0x1000dec0       0x30 CMakeFiles/matrix-tests.dir/__/lib/pico-sdk/lib/tinyusb/src/device/usbd_control.c.obj
                0x1000dec0                tud_control_status
 .text.tud_control_xfer
                0x1000def0       0xb4 CMakeFiles/matrix-tests.dir/__/lib/pico-sdk/lib/tinyusb/src/device/usbd_control.c.obj
                0x1000def0                tud_control_xfer
 .text.usbd_control_reset
                0x1000dfa4       0x14 CMakeFiles/matrix-tests.dir/__/lib/pico-sdk/lib/tinyusb/src/device/usbd_control.c.obj
                0x1000dfa4                usbd_control_reset
 .text.usbd_control_set_complete_callback
                0x1000dfb8        0xc CMakeFiles/matrix-tests.dir/__/lib/pico-sdk/lib/tinyusb/src/device/usbd_control.c.obj
                0x1000dfb8                usbd_control_set_complete_callback
 .text.usbd_control_set_request
                0x1000dfc4       0x1c CMakeFiles/matrix-tests.dir/__/lib/pico-sdk/lib/tinyusb/src/device/usbd_control.c.obj
                0x1000dfc4                usbd_control_set_request
 .text.usbd_control_xfer_cb
                0x1000dfe0       0xfc CMakeFiles/matrix-tests.dir/__/lib/pico-sdk/lib/tinyusb/src/device/usbd_control.c.obj
                0x1000dfe0                usbd_control_xfer_cb
 .text.tud_cdc_n_connected
                0x1000e0dc       0x30 CMakeFiles/matrix-tests.dir/__/lib/pico-sdk/lib/tinyusb/src/class/cdc/cdc_device.c.obj
                0x1000e0dc                tud_cdc_n_connected
 .text.tud_cdc_n_available
                0x1000e10c       0x18 CMakeFiles/matrix-tests.dir/__/lib/pico-sdk/lib/tinyusb/src/class/cdc/cdc_device.c.obj
                0x1000e10c                tud_cdc_n_available
 .text.tud_cdc_n_read
                0x1000e124       0x70 CMakeFiles/matrix-tests.dir/__/lib/pico-sdk/lib/tinyusb/src/class/cdc/cdc_device.c.obj
                0x1000e124                tud_cdc_n_read
 .text.tud_cdc_n_write_flush
                0x1000e194       0x78 CMakeFiles/matrix-tests.dir/__/lib/pico-sdk/lib/tinyusb/src/class/cdc/cdc_device.c.obj
                0x1000e194                tud_cdc_n_write_flush
 .text.tud_cdc_n_write
                0x1000e20c       0x34 CMakeFiles/matrix-tests.dir/__/lib/pico-sdk/lib/tinyusb/src/class/cdc/cdc_device.c.obj
                0x1000e20c                tud_cdc_n_write
 .text.tud_cdc_n_write_available
                0x1000e240       0x18 CMakeFiles/matrix-tests.dir/__/lib/pico-sdk/lib/tinyusb/src/class/cdc/cdc_device.c.obj
                0x1000e240                tud_cdc_n_write_available
 .text.cdcd_init
                0x1000e258      0x118 CMakeFiles/matrix-tests.dir/__/lib/pico-sdk/lib/tinyusb/src/class/cdc/cdc_device.c.obj
                0x1000e258                cdcd_init
 .text.cdcd_reset
                0x1000e370       0x5c CMakeFiles/matrix-tests.dir/__/lib/pico-sdk/lib/tinyusb/src/class/cdc/cdc_device.c.obj
                0x1000e370                cdcd_reset
 .text.cdcd_open
                0x1000e3cc      0x140 CMakeFiles/matrix-tests.dir/__/lib/pico-sdk/lib/tinyusb/src/class/cdc/cdc_device.c.obj
                0x1000e3cc                cdcd_open
 .text.cdcd_control_xfer_cb
                0x1000e50c       0xf4 CMakeFiles/matrix-tests.dir/__/lib/pico-sdk/lib/tinyusb/src/class/cdc/cdc_device.c.obj
                0x1000e50c                cdcd_control_xfer_cb
 .text.cdcd_xfer_cb
                0x1000e600      0x180 CMakeFiles/matrix-tests.dir/__/lib/pico-sdk/lib/tinyusb/src/class/cdc/cdc_device.c.obj
                0x1000e600                cdcd_xfer_cb
 .text.tusb_init
                0x1000e780        0xc CMakeFiles/matrix-tests.dir/__/lib/pico-sdk/lib/tinyusb/src/tusb.c.obj
                0x1000e780                tusb_init
 .text.tusb_inited
                0x1000e78c        0x8 CMakeFiles/matrix-tests.dir/__/lib/pico-sdk/lib/tinyusb/src/tusb.c.obj
                0x1000e78c                tusb_inited
 .text.tu_edpt_validate
                0x1000e794       0x74 CMakeFiles/matrix-tests.dir/__/lib/pico-sdk/lib/tinyusb/src/tusb.c.obj
                0x1000e794                tu_edpt_validate
 .text.tu_edpt_bind_driver
                0x1000e808       0x2c CMakeFiles/matrix-tests.dir/__/lib/pico-sdk/lib/tinyusb/src/tusb.c.obj
                0x1000e808                tu_edpt_bind_driver
 .text.tu_fifo_config
                0x1000e834       0x78 CMakeFiles/matrix-tests.dir/__/lib/pico-sdk/lib/tinyusb/src/common/tusb_fifo.c.obj
                0x1000e834                tu_fifo_config
 .text.tu_fifo_count
                0x1000e8ac       0x24 CMakeFiles/matrix-tests.dir/__/lib/pico-sdk/lib/tinyusb/src/common/tusb_fifo.c.obj
                0x1000e8ac                tu_fifo_count
 .text.tu_fifo_empty
                0x1000e8d0       0x10 CMakeFiles/matrix-tests.dir/__/lib/pico-sdk/lib/tinyusb/src/common/tusb_fifo.c.obj
                0x1000e8d0                tu_fifo_empty
 .text.tu_fifo_remaining
                0x1000e8e0       0x20 CMakeFiles/matrix-tests.dir/__/lib/pico-sdk/lib/tinyusb/src/common/tusb_fifo.c.obj
                0x1000e8e0                tu_fifo_remaining
 .text.tu_fifo_read
                0x1000e900       0xa0 CMakeFiles/matrix-tests.dir/__/lib/pico-sdk/lib/tinyusb/src/common/tusb_fifo.c.obj
                0x1000e900                tu_fifo_read
 .text.tu_fifo_read_n
                0x1000e9a0       0xf8 CMakeFiles/matrix-tests.dir/__/lib/pico-sdk/lib/tinyusb/src/common/tusb_fifo.c.obj
                0x1000e9a0                tu_fifo_read_n
 .text.tu_fifo_write
                0x1000ea98       0x80 CMakeFiles/matrix-tests.dir/__/lib/pico-sdk/lib/tinyusb/src/common/tusb_fifo.c.obj
                0x1000ea98                tu_fifo_write
 .text.tu_fifo_write_n
                0x1000eb18       0xfc CMakeFiles/matrix-tests.dir/__/lib/pico-sdk/lib/tinyusb/src/common/tusb_fifo.c.obj
                0x1000eb18                tu_fifo_write_n
 .text.tu_fifo_clear
                0x1000ec14       0x4c CMakeFiles/matrix-tests.dir/__/lib/pico-sdk/lib/tinyusb/src/common/tusb_fifo.c.obj
                0x1000ec14                tu_fifo_clear
 .text.tu_fifo_set_overwritable
                0x1000ec60       0x3c CMakeFiles/matrix-tests.dir/__/lib/pico-sdk/lib/tinyusb/src/common/tusb_fifo.c.obj
                0x1000ec60                tu_fifo_set_overwritable
 .text.startup._retrieve_unique_id_on_boot
                0x1000ec9c       0x10 CMakeFiles/matrix-tests.dir/__/lib/pico-sdk/src/rp2_common/pico_unique_id/unique_id.c.obj
 .text.pico_get_unique_board_id_string
                0x1000ecac      0x1cc CMakeFiles/matrix-tests.dir/__/lib/pico-sdk/src/rp2_common/pico_unique_id/unique_id.c.obj
                0x1000ecac                pico_get_unique_board_id_string
 .text.flash_get_unique_id
                0x1000ee78       0x3c CMakeFiles/matrix-tests.dir/__/lib/pico-sdk/src/rp2_common/hardware_flash/flash.c.obj
                0x1000ee78                flash_get_unique_id
 .text.rc_matrix_empty
                0x1000eeb4       0x10 ../rc/librclib.a(matrix.c.obj)
                0x1000eeb4                rc_matrix_empty
 .text.rc_matrix_free
                0x1000eec4       0x60 ../rc/librclib.a(matrix.c.obj)
                0x1000eec4                rc_matrix_free
 .text.rc_matrix_alloc
                0x1000ef24       0xf0 ../rc/librclib.a(matrix.c.obj)
                0x1000ef24                rc_matrix_alloc
 .text.rc_matrix_zeros
                0x1000f014       0xc8 ../rc/librclib.a(matrix.c.obj)
                0x1000f014                rc_matrix_zeros
 .text.rc_matrix_identity
                0x1000f0dc       0xd4 ../rc/librclib.a(matrix.c.obj)
                0x1000f0dc                rc_matrix_identity
 .text.rc_matrix_random
                0x1000f1b0       0x58 ../rc/librclib.a(matrix.c.obj)
                0x1000f1b0                rc_matrix_random
 .text.rc_matrix_diagonal
                0x1000f208       0x84 ../rc/librclib.a(matrix.c.obj)
                0x1000f208                rc_matrix_diagonal
 .text.rc_matrix_duplicate
                0x1000f28c       0x74 ../rc/librclib.a(matrix.c.obj)
                0x1000f28c                rc_matrix_duplicate
 .text.rc_matrix_zero_out
                0x1000f300       0x50 ../rc/librclib.a(matrix.c.obj)
                0x1000f300                rc_matrix_zero_out
 .text.rc_matrix_times_scalar
                0x1000f350       0x54 ../rc/librclib.a(matrix.c.obj)
                0x1000f350                rc_matrix_times_scalar
 .text.rc_matrix_multiply
                0x1000f3a4      0x134 ../rc/librclib.a(matrix.c.obj)
                0x1000f3a4                rc_matrix_multiply
 .text.rc_matrix_left_multiply_inplace
                0x1000f4d8       0xcc ../rc/librclib.a(matrix.c.obj)
                0x1000f4d8                rc_matrix_left_multiply_inplace
 .text.rc_matrix_right_multiply_inplace
                0x1000f5a4       0xd4 ../rc/librclib.a(matrix.c.obj)
                0x1000f5a4                rc_matrix_right_multiply_inplace
 .text.rc_matrix_add
                0x1000f678       0xc4 ../rc/librclib.a(matrix.c.obj)
                0x1000f678                rc_matrix_add
 .text.rc_matrix_add_inplace
                0x1000f73c       0x94 ../rc/librclib.a(matrix.c.obj)
                0x1000f73c                rc_matrix_add_inplace
 .text.rc_matrix_subtract_inplace
                0x1000f7d0       0x94 ../rc/librclib.a(matrix.c.obj)
                0x1000f7d0                rc_matrix_subtract_inplace
 .text.rc_matrix_transpose
                0x1000f864       0xb0 ../rc/librclib.a(matrix.c.obj)
                0x1000f864                rc_matrix_transpose
 .text.rc_matrix_transpose_inplace
                0x1000f914      0x148 ../rc/librclib.a(matrix.c.obj)
                0x1000f914                rc_matrix_transpose_inplace
 .text.rc_matrix_times_col_vec
                0x1000fa5c       0xd4 ../rc/librclib.a(matrix.c.obj)
                0x1000fa5c                rc_matrix_times_col_vec
 .text.rc_matrix_row_vec_times_matrix
                0x1000fb30      0x10c ../rc/librclib.a(matrix.c.obj)
                0x1000fb30                rc_matrix_row_vec_times_matrix
 .text.rc_matrix_outer_product
                0x1000fc3c       0xd0 ../rc/librclib.a(matrix.c.obj)
                0x1000fc3c                rc_matrix_outer_product
 .text.rc_matrix_determinant
                0x1000fd0c      0x214 ../rc/librclib.a(matrix.c.obj)
                0x1000fd0c                rc_matrix_determinant
 .text.rc_matrix_symmetrize
                0x1000ff20       0xfc ../rc/librclib.a(matrix.c.obj)
                0x1000ff20                rc_matrix_symmetrize
 .text.rc_get_random_double
                0x1001001c       0x2c ../rc/librclib.a(other.c.obj)
                0x1001001c                rc_get_random_double
 .text.rc_vector_alloc
                0x10010048       0x90 ../rc/librclib.a(vector.c.obj)
                0x10010048                rc_vector_alloc
 .text.rc_vector_free
                0x100100d8       0x40 ../rc/librclib.a(vector.c.obj)
                0x100100d8                rc_vector_free
 .text.rc_vector_empty
                0x10010118        0xc ../rc/librclib.a(vector.c.obj)
                0x10010118                rc_vector_empty
 .text.rc_vector_zeros
                0x10010124       0x8c ../rc/librclib.a(vector.c.obj)
                0x10010124                rc_vector_zeros
 .text.rc_vector_random
                0x100101b0       0x58 ../rc/librclib.a(vector.c.obj)
                0x100101b0                rc_vector_random
 .text.__vectorized_mult_accumulate
                0x10010208       0x44 ../rc/librclib.a(algebra_common.c.obj)
                0x10010208                __vectorized_mult_accumulate
 .text          0x1001024c       0x18 /usr/lib/gcc/arm-none-eabi/8.3.1/../../../arm-none-eabi/lib/thumb/v6-m/nofp/libc.a(lib_a-calloc.o)
                0x1001024c                calloc
 .text          0x10010264       0x5c /usr/lib/gcc/arm-none-eabi/8.3.1/../../../arm-none-eabi/lib/thumb/v6-m/nofp/libc.a(lib_a-callocr.o)
                0x10010264                _calloc_r
 .text          0x100102c0       0x3c /usr/lib/gcc/arm-none-eabi/8.3.1/../../../arm-none-eabi/lib/thumb/v6-m/nofp/libc.a(lib_a-fprintf.o)
                0x100102c0                _fprintf_r
                0x100102d8                fprintf
 .text          0x100102fc       0x90 /usr/lib/gcc/arm-none-eabi/8.3.1/../../../arm-none-eabi/lib/thumb/v6-m/nofp/libc.a(lib_a-fwrite.o)
                0x100102fc                _fwrite_r
                0x1001036c                fwrite
 .text          0x1001038c       0x80 /usr/lib/gcc/arm-none-eabi/8.3.1/../../../arm-none-eabi/lib/thumb/v6-m/nofp/libc.a(lib_a-getc.o)
                0x1001038c                _getc_r
                0x100103c8                getc
 .text          0x1001040c       0x28 /usr/lib/gcc/arm-none-eabi/8.3.1/../../../arm-none-eabi/lib/thumb/v6-m/nofp/libc.a(lib_a-malloc.o)
                0x1001040c                malloc
                0x10010420                free
 .text          0x10010434      0x58c /usr/lib/gcc/arm-none-eabi/8.3.1/../../../arm-none-eabi/lib/thumb/v6-m/nofp/libc.a(lib_a-mallocr.o)
                0x10010434                _malloc_r
 .text          0x100109c0        0x8 /usr/lib/gcc/arm-none-eabi/8.3.1/../../../arm-none-eabi/lib/thumb/v6-m/nofp/libc.a(lib_a-mlock.o)
                0x100109c0                __malloc_lock
                0x100109c4                __malloc_unlock
 .text          0x100109c8      0x114 /usr/lib/gcc/arm-none-eabi/8.3.1/../../../arm-none-eabi/lib/thumb/v6-m/nofp/libc.a(lib_a-perror.o)
                0x100109c8                _perror_r
                0x10010ac8                perror
 .text          0x10010adc       0x48 /usr/lib/gcc/arm-none-eabi/8.3.1/../../../arm-none-eabi/lib/thumb/v6-m/nofp/libc.a(lib_a-rand.o)
                0x10010adc                srand
                0x10010af0                rand
 .text          0x10010b24      0x35c /usr/lib/gcc/arm-none-eabi/8.3.1/../../../arm-none-eabi/lib/thumb/v6-m/nofp/libc.a(lib_a-reallocr.o)
                0x10010b24                _realloc_r
 .text          0x10010e80       0x4c /usr/lib/gcc/arm-none-eabi/8.3.1/../../../arm-none-eabi/lib/thumb/v6-m/nofp/libc.a(lib_a-rget.o)
                0x10010e80                __srget_r
                0x10010eb8                __srget
 .text          0x10010ecc       0x24 /usr/lib/gcc/arm-none-eabi/8.3.1/../../../arm-none-eabi/lib/thumb/v6-m/nofp/libc.a(lib_a-sbrkr.o)
                0x10010ecc                _sbrk_r
 .text          0x10010ef0       0x10 /usr/lib/gcc/arm-none-eabi/8.3.1/../../../arm-none-eabi/lib/thumb/v6-m/nofp/libc.a(lib_a-strcpy.o)
                0x10010ef0                strcpy
 .text          0x10010f00      0x2e8 /usr/lib/gcc/arm-none-eabi/8.3.1/../../../arm-none-eabi/lib/thumb/v6-m/nofp/libc.a(lib_a-strerror.o)
                0x10010f00                _strerror_r
                0x100111b8                strerror
                0x100111d0                strerror_l
 .text          0x100111e8       0x68 /usr/lib/gcc/arm-none-eabi/8.3.1/../../../arm-none-eabi/lib/thumb/v6-m/nofp/libc.a(lib_a-strlen-stub.o)
                0x100111e8                strlen
 .text          0x10011250        0x4 /usr/lib/gcc/arm-none-eabi/8.3.1/../../../arm-none-eabi/lib/thumb/v6-m/nofp/libc.a(lib_a-u_strerr.o)
                0x10011250                _user_strerror
 .text          0x10011254     0x16e0 /usr/lib/gcc/arm-none-eabi/8.3.1/../../../arm-none-eabi/lib/thumb/v6-m/nofp/libc.a(lib_a-vfprintf.o)
                0x10011254                _vfprintf_r
                0x100128a8                vfprintf
 .text          0x10012934       0x28 /usr/lib/gcc/arm-none-eabi/8.3.1/../../../arm-none-eabi/lib/thumb/v6-m/nofp/libc.a(lib_a-writer.o)
                0x10012934                _write_r
 .text          0x1001295c       0xdc /usr/lib/gcc/arm-none-eabi/8.3.1/../../../arm-none-eabi/lib/thumb/v6-m/nofp/libc.a(lib_a-wsetup.o)
                0x1001295c                __swsetup_r
 .text          0x10012a38     0x1128 /usr/lib/gcc/arm-none-eabi/8.3.1/../../../arm-none-eabi/lib/thumb/v6-m/nofp/libc.a(lib_a-dtoa.o)
                0x10012b8c                _dtoa_r
 .text          0x10013b60      0x1b4 /usr/lib/gcc/arm-none-eabi/8.3.1/../../../arm-none-eabi/lib/thumb/v6-m/nofp/libc.a(lib_a-fflush.o)
                0x10013b60                __sflush_r
                0x10013cc0                _fflush_r
                0x10013cec                fflush
 .text          0x10013d14       0x38 /usr/lib/gcc/arm-none-eabi/8.3.1/../../../arm-none-eabi/lib/thumb/v6-m/nofp/libc.a(lib_a-fileno.o)
                0x10013d14                fileno
 .text          0x10013d4c      0x220 /usr/lib/gcc/arm-none-eabi/8.3.1/../../../arm-none-eabi/lib/thumb/v6-m/nofp/libc.a(lib_a-findfp.o)
                0x10013d50                _cleanup_r
                0x10013e4c                __sfmoreglue
                0x10013e7c                __sfp
                0x10013f04                _cleanup
                0x10013f1c                __sinit
                0x10013f2c                __sfp_lock_acquire
                0x10013f30                __sfp_lock_release
                0x10013f34                __sinit_lock_acquire
                0x10013f38                __sinit_lock_release
                0x10013f3c                __fp_lock_all
                0x10013f54                __fp_unlock_all
 .text          0x10013f6c      0x27c /usr/lib/gcc/arm-none-eabi/8.3.1/../../../arm-none-eabi/lib/thumb/v6-m/nofp/libc.a(lib_a-freer.o)
                0x10013f6c                _malloc_trim_r
                0x1001400c                _free_r
 .text          0x100141e8      0x320 /usr/lib/gcc/arm-none-eabi/8.3.1/../../../arm-none-eabi/lib/thumb/v6-m/nofp/libc.a(lib_a-fvwrite.o)
                0x100141e8                __sfvwrite_r
 .text          0x10014508       0x90 /usr/lib/gcc/arm-none-eabi/8.3.1/../../../arm-none-eabi/lib/thumb/v6-m/nofp/libc.a(lib_a-fwalk.o)
                0x10014508                _fwalk
                0x1001454c                _fwalk_reent
 .text          0x10014598       0x14 /usr/lib/gcc/arm-none-eabi/8.3.1/../../../arm-none-eabi/lib/thumb/v6-m/nofp/libc.a(lib_a-localeconv.o)
                0x10014598                __localeconv_l
                0x1001459c                _localeconv_r
                0x100145a4                localeconv
 .text          0x100145ac       0xf0 /usr/lib/gcc/arm-none-eabi/8.3.1/../../../arm-none-eabi/lib/thumb/v6-m/nofp/libc.a(lib_a-makebuf.o)
                0x100145ac                __swhatbuf_r
                0x1001460c                __smakebuf_r
 .text          0x1001469c      0xa38 /usr/lib/gcc/arm-none-eabi/8.3.1/../../../arm-none-eabi/lib/thumb/v6-m/nofp/libc.a(lib_a-mprec.o)
                0x1001469c                _Balloc
                0x100146ec                _Bfree
                0x10014700                __multadd
                0x100147b0                __s2b
                0x1001485c                __hi0bits
                0x10014894                __lo0bits
                0x100148f0                __i2b
                0x1001491c                __multiply
                0x10014aa8                __pow5mult
                0x10014b5c                __lshift
                0x10014c40                __mcmp
                0x10014c74                __mdiff
                0x10014dbc                __ulp
                0x10014e04                __b2d
                0x10014ebc                __d2b
                0x10014f94                __ratio
                0x10015008                _mprec_log10
                0x1001503c                __copybits
                0x1001507c                __any_on
 .text          0x100150d4      0x140 /usr/lib/gcc/arm-none-eabi/8.3.1/../../../arm-none-eabi/lib/thumb/v6-m/nofp/libc.a(lib_a-refill.o)
                0x100150f0                __srefill_r
 .text          0x10015214       0xa4 /usr/lib/gcc/arm-none-eabi/8.3.1/../../../arm-none-eabi/lib/thumb/v6-m/nofp/libc.a(lib_a-stdio.o)
                0x10015214                __sread
                0x1001523c                __seofread
                0x10015240                __swrite
                0x10015280                __sseek
                0x100152ac                __sclose
 .text          0x100152b8      0xd40 /usr/lib/gcc/arm-none-eabi/8.3.1/../../../arm-none-eabi/lib/thumb/v6-m/nofp/libc.a(lib_a-vfiprintf.o)
                0x10015340                __sprint_r
                0x10015354                _vfiprintf_r
                0x10015f6c                vfiprintf
 .text          0x10015ff8       0x24 /usr/lib/gcc/arm-none-eabi/8.3.1/../../../arm-none-eabi/lib/thumb/v6-m/nofp/libc.a(lib_a-closer.o)
                0x10015ff8                _close_r
 .text          0x1001601c       0xac /usr/lib/gcc/arm-none-eabi/8.3.1/../../../arm-none-eabi/lib/thumb/v6-m/nofp/libc.a(lib_a-fclose.o)
                0x1001601c                _fclose_r
                0x100160b4                fclose
 .text          0x100160c8       0xfc /usr/lib/gcc/arm-none-eabi/8.3.1/../../../arm-none-eabi/lib/thumb/v6-m/nofp/libc.a(lib_a-fputwc.o)
                0x100160c8                __fputwc
                0x10016160                _fputwc_r
                0x10016180                fputwc
 .text          0x100161c4       0x28 /usr/lib/gcc/arm-none-eabi/8.3.1/../../../arm-none-eabi/lib/thumb/v6-m/nofp/libc.a(lib_a-fstatr.o)
                0x100161c4                _fstat_r
 .text          0x100161ec       0x24 /usr/lib/gcc/arm-none-eabi/8.3.1/../../../arm-none-eabi/lib/thumb/v6-m/nofp/libc.a(lib_a-isattyr.o)
                0x100161ec                _isatty_r
 .text          0x10016210       0x6c /usr/lib/gcc/arm-none-eabi/8.3.1/../../../arm-none-eabi/lib/thumb/v6-m/nofp/libc.a(lib_a-locale.o)
                0x10016210                _setlocale_r
                0x10016254                __locale_mb_cur_max
                0x10016264                setlocale
 .text          0x1001627c       0x28 /usr/lib/gcc/arm-none-eabi/8.3.1/../../../arm-none-eabi/lib/thumb/v6-m/nofp/libc.a(lib_a-lseekr.o)
                0x1001627c                _lseek_r
 .text          0x100162a4       0x44 /usr/lib/gcc/arm-none-eabi/8.3.1/../../../arm-none-eabi/lib/thumb/v6-m/nofp/libc.a(lib_a-mbtowc_r.o)
                0x100162a4                _mbtowc_r
                0x100162bc                __ascii_mbtowc
 .text          0x100162e8       0x28 /usr/lib/gcc/arm-none-eabi/8.3.1/../../../arm-none-eabi/lib/thumb/v6-m/nofp/libc.a(lib_a-readr.o)
                0x100162e8                _read_r
 .text          0x10016310       0x88 /usr/lib/gcc/arm-none-eabi/8.3.1/../../../arm-none-eabi/lib/thumb/v6-m/nofp/libc.a(lib_a-strcmp.o)
                0x10016310                strcmp
 .text          0x10016398       0xe0 /usr/lib/gcc/arm-none-eabi/8.3.1/../../../arm-none-eabi/lib/thumb/v6-m/nofp/libc.a(lib_a-wbuf.o)
                0x10016398                __swbuf_r
                0x10016460                __swbuf
 .text          0x10016478       0x80 /usr/lib/gcc/arm-none-eabi/8.3.1/../../../arm-none-eabi/lib/thumb/v6-m/nofp/libc.a(lib_a-wcrtomb.o)
                0x10016478                _wcrtomb_r
                0x100164b4                wcrtomb
 .text          0x100164f8       0x2c /usr/lib/gcc/arm-none-eabi/8.3.1/../../../arm-none-eabi/lib/thumb/v6-m/nofp/libc.a(lib_a-wctomb_r.o)
                0x100164f8                _wctomb_r
                0x10016508                __ascii_wctomb
 .text          0x10016524       0x10 /usr/lib/gcc/arm-none-eabi/8.3.1/../../../arm-none-eabi/lib/thumb/v6-m/nofp/libnosys.a(close.o)
                0x10016524                _close
 .text          0x10016534       0x10 /usr/lib/gcc/arm-none-eabi/8.3.1/../../../arm-none-eabi/lib/thumb/v6-m/nofp/libnosys.a(fstat.o)
                0x10016534                _fstat
 .text          0x10016544       0x10 /usr/lib/gcc/arm-none-eabi/8.3.1/../../../arm-none-eabi/lib/thumb/v6-m/nofp/libnosys.a(isatty.o)
                0x10016544                _isatty
 .text          0x10016554       0x10 /usr/lib/gcc/arm-none-eabi/8.3.1/../../../arm-none-eabi/lib/thumb/v6-m/nofp/libnosys.a(lseek.o)
                0x10016554                _lseek
 *(.fini)
 .fini          0x10016564        0x4 /usr/lib/gcc/arm-none-eabi/8.3.1/thumb/v6-m/nofp/crti.o
                0x10016564                _fini
 .fini.__stub   0x10016568       0x90 linker stubs
 *crtbegin.o(.ctors)
 *crtbegin?.o(.ctors)
 *(EXCLUDE_FILE(*crtend.o *crtend?.o) .ctors)
 *(SORT_BY_NAME(.ctors.*))
 *(.ctors)
 *crtbegin.o(.dtors)
 *crtbegin?.o(.dtors)
 *(EXCLUDE_FILE(*crtend.o *crtend?.o) .dtors)
 *(SORT_BY_NAME(.dtors.*))
 *(.dtors)
 *(.eh_frame*)
 .eh_frame      0x100165f8        0x0 /usr/lib/gcc/arm-none-eabi/8.3.1/thumb/v6-m/nofp/crtbegin.o
                0x100165f8                . = ALIGN (0x4)

.glue_7         0x100165f8        0x0
 .glue_7        0x100165f8        0x0 linker stubs

.glue_7t        0x100165f8        0x0
 .glue_7t       0x100165f8        0x0 linker stubs

.vfp11_veneer   0x100165f8        0x0
 .vfp11_veneer  0x100165f8        0x0 linker stubs

.v4_bx          0x100165f8        0x0
 .v4_bx         0x100165f8        0x0 linker stubs

.iplt           0x100165f8        0x0
 .iplt          0x100165f8        0x0 /usr/lib/gcc/arm-none-eabi/8.3.1/thumb/v6-m/nofp/crtbegin.o

.rodata         0x100165f8     0x4644
 *(EXCLUDE_FILE(*libm.a: *libc.a:*lib_a-mem*.o *libgcc.a:) .rodata*)
 .rodata.main.str1.4
                0x100165f8     0x2224 CMakeFiles/matrix-tests.dir/matrix-tests.c.obj
                               0x2234 (size before relaxing)
 .rodata.pause.str1.4
                0x1001881c        0xe CMakeFiles/matrix-tests.dir/matrix-tests.c.obj
 *fill*         0x1001882a        0x2 
 .rodata.test.str1.4
                0x1001882c       0x21 CMakeFiles/matrix-tests.dir/matrix-tests.c.obj
 *fill*         0x1001884d        0x3 
 .rodata.test_addition.str1.4
                0x10018850       0x16 CMakeFiles/matrix-tests.dir/matrix-tests.c.obj
 *fill*         0x10018866        0x2 
 .rodata.test_compare.str1.4
                0x10018868       0x10 CMakeFiles/matrix-tests.dir/matrix-tests.c.obj
 .rodata.test_determinant.str1.4
                0x10018878       0x12 CMakeFiles/matrix-tests.dir/matrix-tests.c.obj
 *fill*         0x1001888a        0x2 
 .rodata.test_diagonal.str1.4
                0x1001888c        0xf CMakeFiles/matrix-tests.dir/matrix-tests.c.obj
 *fill*         0x1001889b        0x1 
 .rodata.test_identity.str1.4
                0x1001889c        0xf CMakeFiles/matrix-tests.dir/matrix-tests.c.obj
 *fill*         0x100188ab        0x1 
 .rodata.test_matrix_times_col_vec.str1.4
                0x100188ac       0x1e CMakeFiles/matrix-tests.dir/matrix-tests.c.obj
 *fill*         0x100188ca        0x2 
 .rodata.test_multiplication.str1.4
                0x100188cc       0x1c CMakeFiles/matrix-tests.dir/matrix-tests.c.obj
 .rodata.test_outer_product.constprop.1.str1.4
                0x100188e8       0x24 CMakeFiles/matrix-tests.dir/matrix-tests.c.obj
 .rodata.test_random.str1.4
                0x1001890c       0x23 CMakeFiles/matrix-tests.dir/matrix-tests.c.obj
 *fill*         0x1001892f        0x1 
 .rodata.test_row_vec_times_matrix.str1.4
                0x10018930       0x1e CMakeFiles/matrix-tests.dir/matrix-tests.c.obj
 *fill*         0x1001894e        0x2 
 .rodata.test_scalar_multiplication.str1.4
                0x10018950       0x23 CMakeFiles/matrix-tests.dir/matrix-tests.c.obj
 *fill*         0x10018973        0x1 
 .rodata.test_subtraction.str1.4
                0x10018974       0x19 CMakeFiles/matrix-tests.dir/matrix-tests.c.obj
 *fill*         0x1001898d        0x3 
 .rodata.test_symmetric.str1.4
                0x10018990       0x10 CMakeFiles/matrix-tests.dir/matrix-tests.c.obj
 .rodata.test_transpose.str1.4
                0x100189a0       0x17 CMakeFiles/matrix-tests.dir/matrix-tests.c.obj
 *fill*         0x100189b7        0x1 
 .rodata.test_zeros.str1.4
                0x100189b8        0xc CMakeFiles/matrix-tests.dir/matrix-tests.c.obj
 .rodata.to_vector.str1.4
                0x100189c4       0x34 CMakeFiles/matrix-tests.dir/matrix-tests.c.obj
 .rodata.spin_lock_claim_unused.str1.4
                0x100189f8       0x1b CMakeFiles/matrix-tests.dir/__/lib/pico-sdk/src/rp2_common/hardware_sync/sync.c.obj
 *fill*         0x10018a13        0x1 
 .rodata.user_irq_claim_unused.str1.4
                0x10018a14       0x1b CMakeFiles/matrix-tests.dir/__/lib/pico-sdk/src/rp2_common/hardware_irq/irq.c.obj
 *fill*         0x10018a2f        0x1 
 .rodata.at_the_end_of_time
                0x10018a30        0x8 CMakeFiles/matrix-tests.dir/__/lib/pico-sdk/src/common/pico_time/time.c.obj
                0x10018a30                at_the_end_of_time
 .rodata.hardware_alarm_claim.str1.4
                0x10018a38       0x22 CMakeFiles/matrix-tests.dir/__/lib/pico-sdk/src/rp2_common/hardware_timer/timer.c.obj
 *fill*         0x10018a5a        0x2 
 .rodata.__assert_func.str1.4
                0x10018a5c       0x3f CMakeFiles/matrix-tests.dir/__/lib/pico-sdk/src/rp2_common/pico_runtime/runtime.c.obj
                                 0x43 (size before relaxing)
 *fill*         0x10018a9b        0x1 
 .rodata.hard_assertion_failure.str1.4
                0x10018a9c        0xc CMakeFiles/matrix-tests.dir/__/lib/pico-sdk/src/rp2_common/pico_runtime/runtime.c.obj
 .rodata.panic.str1.4
                0x10018aa8       0x10 CMakeFiles/matrix-tests.dir/__/lib/pico-sdk/src/rp2_common/pico_runtime/runtime.c.obj
                                 0x12 (size before relaxing)
 .rodata._vsnprintf
                0x10018ab8      0x1e0 CMakeFiles/matrix-tests.dir/__/lib/pico-sdk/src/rp2_common/pico_printf/printf.c.obj
 .rodata._ftoa.str1.4
                0x10018c98       0x15 CMakeFiles/matrix-tests.dir/__/lib/pico-sdk/src/rp2_common/pico_printf/printf.c.obj
 *fill*         0x10018cad        0x3 
 .rodata.pow10.5494
                0x10018cb0       0x50 CMakeFiles/matrix-tests.dir/__/lib/pico-sdk/src/rp2_common/pico_printf/printf.c.obj
 .rodata.__wrap_malloc.str1.4
                0x10018d00        0xe CMakeFiles/matrix-tests.dir/__/lib/pico-sdk/src/rp2_common/pico_malloc/pico_malloc.c.obj
 *fill*         0x10018d0e        0x2 
 .rodata.__bi_44
                0x10018d10        0xc CMakeFiles/matrix-tests.dir/__/lib/pico-sdk/src/rp2_common/pico_standard_link/binary_info.c.obj
 .rodata.__bi_75
                0x10018d1c        0xc CMakeFiles/matrix-tests.dir/__/lib/pico-sdk/src/rp2_common/pico_standard_link/binary_info.c.obj
 .rodata.__bi_81
                0x10018d28        0xc CMakeFiles/matrix-tests.dir/__/lib/pico-sdk/src/rp2_common/pico_standard_link/binary_info.c.obj
 .rodata.str1.4
                0x10018d34       0x44 CMakeFiles/matrix-tests.dir/__/lib/pico-sdk/src/rp2_common/pico_standard_link/binary_info.c.obj
 .rodata.crlf_str.6123
                0x10018d78        0x2 CMakeFiles/matrix-tests.dir/__/lib/pico-sdk/src/rp2_common/pico_stdio/stdio.c.obj
 *fill*         0x10018d7a        0x2 
 .rodata.__bi_28.4909
                0x10018d7c        0xc CMakeFiles/matrix-tests.dir/__/lib/pico-sdk/src/rp2_common/pico_stdio_uart/stdio_uart.c.obj
 .rodata.__bi_29.4913
                0x10018d88        0x8 CMakeFiles/matrix-tests.dir/__/lib/pico-sdk/src/rp2_common/pico_stdio_uart/stdio_uart.c.obj
 .rodata.str1.4
                0x10018d90       0x2c CMakeFiles/matrix-tests.dir/__/lib/pico-sdk/src/rp2_common/pico_stdio_uart/stdio_uart.c.obj
 .rodata._resetd_driver
                0x10018dbc       0x18 CMakeFiles/matrix-tests.dir/__/lib/pico-sdk/src/rp2_common/pico_stdio_usb/reset_interface.c.obj
 .rodata.__bi_167.7287
                0x10018dd4        0xc CMakeFiles/matrix-tests.dir/__/lib/pico-sdk/src/rp2_common/pico_stdio_usb/stdio_usb.c.obj
 .rodata.str1.4
                0x10018de0       0x13 CMakeFiles/matrix-tests.dir/__/lib/pico-sdk/src/rp2_common/pico_stdio_usb/stdio_usb.c.obj
 *fill*         0x10018df3        0x1 
 .rodata.str1.4
                0x10018df4       0x2e CMakeFiles/matrix-tests.dir/__/lib/pico-sdk/src/rp2_common/pico_stdio_usb/stdio_usb_descriptors.c.obj
 *fill*         0x10018e22        0x2 
 .rodata.usbd_desc_cfg
                0x10018e24       0x96 CMakeFiles/matrix-tests.dir/__/lib/pico-sdk/src/rp2_common/pico_stdio_usb/stdio_usb_descriptors.c.obj
 *fill*         0x10018eba        0x2 
 .rodata.usbd_desc_device
                0x10018ebc       0x12 CMakeFiles/matrix-tests.dir/__/lib/pico-sdk/src/rp2_common/pico_stdio_usb/stdio_usb_descriptors.c.obj
 *fill*         0x10018ece        0x2 
 .rodata.usbd_desc_str
                0x10018ed0       0x18 CMakeFiles/matrix-tests.dir/__/lib/pico-sdk/src/rp2_common/pico_stdio_usb/stdio_usb_descriptors.c.obj
 .rodata.dcd_rp2040_irq.str1.4
                0x10018ee8       0x14 CMakeFiles/matrix-tests.dir/__/lib/pico-sdk/lib/tinyusb/src/portable/raspberrypi/rp2040/dcd_rp2040.c.obj
 .rodata._hw_endpoint_buffer_control_update32.part.2.str1.4
                0x10018efc       0x1f CMakeFiles/matrix-tests.dir/__/lib/pico-sdk/lib/tinyusb/src/portable/raspberrypi/rp2040/rp2040_usb.c.obj
 *fill*         0x10018f1b        0x1 
 .rodata.hw_endpoint_xfer_continue.str1.4
                0x10018f1c       0x29 CMakeFiles/matrix-tests.dir/__/lib/pico-sdk/lib/tinyusb/src/portable/raspberrypi/rp2040/rp2040_usb.c.obj
 .rodata.str1.4
                0x10018f45       0x29 CMakeFiles/matrix-tests.dir/__/lib/pico-sdk/lib/tinyusb/src/portable/raspberrypi/rp2040/rp2040_usb.c.obj
                                  0x7 (size before relaxing)
 *fill*         0x10018f45        0x3 
 .rodata.tud_task
                0x10018f48       0x8c CMakeFiles/matrix-tests.dir/__/lib/pico-sdk/lib/tinyusb/src/device/usbd.c.obj
 .rodata._usbd_driver
                0x10018fd4       0x18 CMakeFiles/matrix-tests.dir/__/lib/pico-sdk/lib/tinyusb/src/device/usbd.c.obj
 .rodata.rc_matrix_add.str1.4
                0x10018fec       0x91 ../rc/librclib.a(matrix.c.obj)
 *fill*         0x1001907d        0x3 
 .rodata.rc_matrix_add_inplace.str1.4
                0x10019080       0x6c ../rc/librclib.a(matrix.c.obj)
 .rodata.rc_matrix_alloc.str1.4
                0x100190ec       0xa9 ../rc/librclib.a(matrix.c.obj)
 *fill*         0x10019195        0x3 
 .rodata.rc_matrix_determinant.str1.4
                0x10019198       0xb6 ../rc/librclib.a(matrix.c.obj)
 *fill*         0x1001924e        0x2 
 .rodata.rc_matrix_diagonal.str1.4
                0x10019250       0x70 ../rc/librclib.a(matrix.c.obj)
 .rodata.rc_matrix_duplicate.str1.4
                0x100192c0       0x6d ../rc/librclib.a(matrix.c.obj)
 *fill*         0x1001932d        0x3 
 .rodata.rc_matrix_free.str1.4
                0x10019330       0x30 ../rc/librclib.a(matrix.c.obj)
 .rodata.rc_matrix_identity.str1.4
                0x10019360       0x38 ../rc/librclib.a(matrix.c.obj)
 .rodata.rc_matrix_left_multiply_inplace.str1.4
                0x10019398       0xc2 ../rc/librclib.a(matrix.c.obj)
 *fill*         0x1001945a        0x2 
 .rodata.rc_matrix_multiply.str1.4
                0x1001945c       0xa6 ../rc/librclib.a(matrix.c.obj)
 *fill*         0x10019502        0x2 
 .rodata.rc_matrix_outer_product.str1.4
                0x10019504       0x70 ../rc/librclib.a(matrix.c.obj)
 .rodata.rc_matrix_random.str1.4
                0x10019574       0x36 ../rc/librclib.a(matrix.c.obj)
 *fill*         0x100195aa        0x2 
 .rodata.rc_matrix_right_multiply_inplace.str1.4
                0x100195ac       0xc3 ../rc/librclib.a(matrix.c.obj)
 *fill*         0x1001966f        0x1 
 .rodata.rc_matrix_row_vec_times_matrix.str1.4
                0x10019670       0xcb ../rc/librclib.a(matrix.c.obj)
 *fill*         0x1001973b        0x1 
 .rodata.rc_matrix_subtract_inplace.str1.4
                0x1001973c       0x79 ../rc/librclib.a(matrix.c.obj)
 *fill*         0x100197b5        0x3 
 .rodata.rc_matrix_symmetrize.str1.4
                0x100197b8       0xa6 ../rc/librclib.a(matrix.c.obj)
 *fill*         0x1001985e        0x2 
 .rodata.rc_matrix_times_col_vec.str1.4
                0x10019860       0xb4 ../rc/librclib.a(matrix.c.obj)
 .rodata.rc_matrix_times_scalar.str1.4
                0x10019914       0x37 ../rc/librclib.a(matrix.c.obj)
 *fill*         0x1001994b        0x1 
 .rodata.rc_matrix_transpose.str1.4
                0x1001994c       0x7b ../rc/librclib.a(matrix.c.obj)
 *fill*         0x100199c7        0x1 
 .rodata.rc_matrix_transpose_inplace.str1.4
                0x100199c8       0xb3 ../rc/librclib.a(matrix.c.obj)
 *fill*         0x10019a7b        0x1 
 .rodata.rc_matrix_zero_out.str1.4
                0x10019a7c       0x39 ../rc/librclib.a(matrix.c.obj)
 *fill*         0x10019ab5        0x3 
 .rodata.rc_matrix_zeros.str1.4
                0x10019ab8       0xa8 ../rc/librclib.a(matrix.c.obj)
 .rodata.rc_vector_alloc.str1.4
                0x10019b60       0x91 ../rc/librclib.a(vector.c.obj)
 *fill*         0x10019bf1        0x3 
 .rodata.rc_vector_free.str1.4
                0x10019bf4       0x2d ../rc/librclib.a(vector.c.obj)
 *fill*         0x10019c21        0x3 
 .rodata.rc_vector_random.str1.4
                0x10019c24       0x33 ../rc/librclib.a(vector.c.obj)
 *fill*         0x10019c57        0x1 
 .rodata.rc_vector_zeros.str1.4
                0x10019c58       0x91 ../rc/librclib.a(vector.c.obj)
 *fill*         0x10019ce9        0x3 
 .rodata        0x10019cec        0x4 /usr/lib/gcc/arm-none-eabi/8.3.1/../../../arm-none-eabi/lib/thumb/v6-m/nofp/libc.a(lib_a-impure.o)
                0x10019cec                _global_impure_ptr
 .rodata.str1.4
                0x10019cf0        0x3 /usr/lib/gcc/arm-none-eabi/8.3.1/../../../arm-none-eabi/lib/thumb/v6-m/nofp/libc.a(lib_a-perror.o)
                                  0x6 (size before relaxing)
 *fill*         0x10019cf3        0x1 
 .rodata        0x10019cf4      0x23c /usr/lib/gcc/arm-none-eabi/8.3.1/../../../arm-none-eabi/lib/thumb/v6-m/nofp/libc.a(lib_a-strerror.o)
 .rodata.str1.4
                0x10019f30      0x700 /usr/lib/gcc/arm-none-eabi/8.3.1/../../../arm-none-eabi/lib/thumb/v6-m/nofp/libc.a(lib_a-strerror.o)
                                0x701 (size before relaxing)
 .rodata        0x1001a630      0x184 /usr/lib/gcc/arm-none-eabi/8.3.1/../../../arm-none-eabi/lib/thumb/v6-m/nofp/libc.a(lib_a-vfprintf.o)
 .rodata.str1.4
                0x1001a7b4       0x3b /usr/lib/gcc/arm-none-eabi/8.3.1/../../../arm-none-eabi/lib/thumb/v6-m/nofp/libc.a(lib_a-vfprintf.o)
                                 0x42 (size before relaxing)
 *fill*         0x1001a7ef        0x1 
 .rodata.str1.4
                0x1001a7f0       0x56 /usr/lib/gcc/arm-none-eabi/8.3.1/../../../arm-none-eabi/lib/thumb/v6-m/nofp/libc.a(lib_a-dtoa.o)
                                 0x5a (size before relaxing)
 *fill*         0x1001a846        0x2 
 .rodata        0x1001a848      0x128 /usr/lib/gcc/arm-none-eabi/8.3.1/../../../arm-none-eabi/lib/thumb/v6-m/nofp/libc.a(lib_a-mprec.o)
                0x1001a858                __mprec_tinytens
                0x1001a880                __mprec_bigtens
                0x1001a8a8                __mprec_tens
 .rodata.str1.4
                0x1001a970       0x33 /usr/lib/gcc/arm-none-eabi/8.3.1/../../../arm-none-eabi/lib/thumb/v6-m/nofp/libc.a(lib_a-mprec.o)
                                 0x47 (size before relaxing)
 *fill*         0x1001a9a3        0x1 
 .rodata        0x1001a9a4      0x184 /usr/lib/gcc/arm-none-eabi/8.3.1/../../../arm-none-eabi/lib/thumb/v6-m/nofp/libc.a(lib_a-vfiprintf.o)
 .rodata.str1.4
                0x1001ab28       0x2f /usr/lib/gcc/arm-none-eabi/8.3.1/../../../arm-none-eabi/lib/thumb/v6-m/nofp/libc.a(lib_a-vfiprintf.o)
 .rodata.str1.4
                0x1001ab28        0xe /usr/lib/gcc/arm-none-eabi/8.3.1/../../../arm-none-eabi/lib/thumb/v6-m/nofp/libc.a(lib_a-locale.o)
                                 0x12 (size before relaxing)
 *fill*         0x1001ab36        0x2 
 .rodata        0x1001ab38      0x101 /usr/lib/gcc/arm-none-eabi/8.3.1/../../../arm-none-eabi/lib/thumb/v6-m/nofp/libc.a(lib_a-ctype_.o)
                0x1001ab38                _ctype_
                0x1001ac3c                . = ALIGN (0x4)
 *fill*         0x1001ac39        0x3 
 *(SORT_BY_ALIGNMENT(SORT_BY_NAME(.flashdata*)))
                0x1001ac3c                . = ALIGN (0x4)

.rel.dyn        0x1001ac3c        0x0
 .rel.iplt      0x1001ac3c        0x0 /usr/lib/gcc/arm-none-eabi/8.3.1/thumb/v6-m/nofp/crtbegin.o

.ARM.extab
 *(.ARM.extab* .gnu.linkonce.armextab.*)
                0x1001ac3c                __exidx_start = .

.ARM.exidx
 *(.ARM.exidx* .gnu.linkonce.armexidx.*)
                0x1001ac3c                __exidx_end = .
                0x1001ac3c                . = ALIGN (0x4)
                0x1001ac3c                __binary_info_start = .

.binary_info    0x1001ac3c       0x28
 *(.binary_info.keep.*)
 .binary_info.keep.__bi_ptr22
                0x1001ac3c        0x4 CMakeFiles/matrix-tests.dir/__/lib/pico-sdk/src/rp2_common/pico_standard_link/binary_info.c.obj
 .binary_info.keep.__bi_ptr30
                0x1001ac40        0x4 CMakeFiles/matrix-tests.dir/__/lib/pico-sdk/src/rp2_common/pico_standard_link/binary_info.c.obj
 .binary_info.keep.__bi_ptr38
                0x1001ac44        0x4 CMakeFiles/matrix-tests.dir/__/lib/pico-sdk/src/rp2_common/pico_standard_link/binary_info.c.obj
 .binary_info.keep.__bi_ptr44
                0x1001ac48        0x4 CMakeFiles/matrix-tests.dir/__/lib/pico-sdk/src/rp2_common/pico_standard_link/binary_info.c.obj
 .binary_info.keep.__bi_ptr50
                0x1001ac4c        0x4 CMakeFiles/matrix-tests.dir/__/lib/pico-sdk/src/rp2_common/pico_standard_link/binary_info.c.obj
 .binary_info.keep.__bi_ptr75
                0x1001ac50        0x4 CMakeFiles/matrix-tests.dir/__/lib/pico-sdk/src/rp2_common/pico_standard_link/binary_info.c.obj
 .binary_info.keep.__bi_ptr81
                0x1001ac54        0x4 CMakeFiles/matrix-tests.dir/__/lib/pico-sdk/src/rp2_common/pico_standard_link/binary_info.c.obj
 *(.binary_info.*)
 .binary_info.__bi_ptr28
                0x1001ac58        0x4 CMakeFiles/matrix-tests.dir/__/lib/pico-sdk/src/rp2_common/pico_stdio_uart/stdio_uart.c.obj
 .binary_info.__bi_ptr29
                0x1001ac5c        0x4 CMakeFiles/matrix-tests.dir/__/lib/pico-sdk/src/rp2_common/pico_stdio_uart/stdio_uart.c.obj
 .binary_info.__bi_ptr167
                0x1001ac60        0x4 CMakeFiles/matrix-tests.dir/__/lib/pico-sdk/src/rp2_common/pico_stdio_usb/stdio_usb.c.obj
                0x1001ac64                __binary_info_end = .
                0x1001ac64                . = ALIGN (0x4)
                0x1001ac64                __etext = .

.ram_vector_table
                0x20000000       0xc0
 *(.ram_vector_table)
 .ram_vector_table
                0x20000000       0xc0 CMakeFiles/matrix-tests.dir/__/lib/pico-sdk/src/rp2_common/pico_runtime/runtime.c.obj
                0x20000000                ram_vector_table

.data           0x200000c0      0xebc load address 0x1001ac64
                0x200000c0                __data_start__ = .
 *(vtable)
 *(.time_critical*)
 .time_critical.mutex_enter_blocking
                0x200000c0       0x48 CMakeFiles/matrix-tests.dir/__/lib/pico-sdk/src/common/pico_sync/mutex.c.obj
                0x200000c0                mutex_enter_blocking
 .time_critical.mutex_try_enter
                0x20000108       0x48 CMakeFiles/matrix-tests.dir/__/lib/pico-sdk/src/common/pico_sync/mutex.c.obj
                0x20000108                mutex_try_enter
 .time_critical.mutex_enter_timeout_ms
                0x20000150       0x98 CMakeFiles/matrix-tests.dir/__/lib/pico-sdk/src/common/pico_sync/mutex.c.obj
                0x20000150                mutex_enter_timeout_ms
 .time_critical.mutex_exit
                0x200001e8       0x28 CMakeFiles/matrix-tests.dir/__/lib/pico-sdk/src/common/pico_sync/mutex.c.obj
                0x200001e8                mutex_exit
 .time_critical.flash_init_boot2_copyout
                0x20000210       0x30 CMakeFiles/matrix-tests.dir/__/lib/pico-sdk/src/rp2_common/hardware_flash/flash.c.obj
 .time_critical.flash_enable_xip_via_boot2
                0x20000240       0x10 CMakeFiles/matrix-tests.dir/__/lib/pico-sdk/src/rp2_common/hardware_flash/flash.c.obj
 .time_critical.flash_cs_force
                0x20000250       0x38 CMakeFiles/matrix-tests.dir/__/lib/pico-sdk/src/rp2_common/hardware_flash/flash.c.obj
 .time_critical.flash_do_cmd
                0x20000288       0xb4 CMakeFiles/matrix-tests.dir/__/lib/pico-sdk/src/rp2_common/hardware_flash/flash.c.obj
                0x20000288                flash_do_cmd
 *(.text*)
 .text          0x2000033c        0x4 /usr/lib/gcc/arm-none-eabi/8.3.1/thumb/v6-m/nofp/libgcc.a(_dvmd_tls.o)
                0x2000033c                __aeabi_ldiv0
                0x2000033c                __aeabi_idiv0
 .text          0x20000340       0x80 /usr/lib/gcc/arm-none-eabi/8.3.1/../../../arm-none-eabi/lib/thumb/v6-m/nofp/libc.a(lib_a-memchr-stub.o)
                0x20000340                memchr
 .text          0x200003c0       0xbc /usr/lib/gcc/arm-none-eabi/8.3.1/../../../arm-none-eabi/lib/thumb/v6-m/nofp/libc.a(lib_a-memmove.o)
                0x200003c0                memmove
 *fill*         0x2000047c        0x4 
 .text.__stub   0x20000480       0x30 linker stubs
                0x200004b0                . = ALIGN (0x4)
 *(.rodata*)
                0x200004b0                . = ALIGN (0x4)
 *(.data*)
 .data.striped_spin_lock_num
                0x200004b0        0x1 CMakeFiles/matrix-tests.dir/__/lib/pico-sdk/src/rp2_common/hardware_sync/sync.c.obj
 *fill*         0x200004b1        0x3 
 .data          0x200004b4       0x48 CMakeFiles/matrix-tests.dir/__/lib/pico-sdk/src/rp2_common/hardware_irq/irq_handler_chain.S.obj
                0x200004b4                irq_handler_chain_slots
                0x200004e4                irq_handler_chain_first_slot
                0x200004ee                irq_handler_chain_remove_tail
 .data.default_alarm_pool
                0x200004fc       0x18 CMakeFiles/matrix-tests.dir/__/lib/pico-sdk/src/common/pico_time/time.c.obj
 .data.default_alarm_pool_heap
                0x20000514       0x10 CMakeFiles/matrix-tests.dir/__/lib/pico-sdk/src/common/pico_time/time.c.obj
 *fill*         0x20000524        0xc 
 .data.aeabi_bits_funcs
                0x20000530       0x10 CMakeFiles/matrix-tests.dir/__/lib/pico-sdk/src/rp2_common/pico_bit_ops/bit_ops_aeabi.S.obj
                0x20000530                aeabi_bits_funcs
                0x20000540                aeabi_bits_funcs_end
 .data.aeabi_mem_funcs
                0x20000540       0x10 CMakeFiles/matrix-tests.dir/__/lib/pico-sdk/src/rp2_common/pico_mem_ops/mem_ops_aeabi.S.obj
                0x20000540                aeabi_mem_funcs
                0x20000550                aeabi_mem_funcs_end
 .data.stdio_uart
                0x20000550       0x14 CMakeFiles/matrix-tests.dir/__/lib/pico-sdk/src/rp2_common/pico_stdio_uart/stdio_uart.c.obj
                0x20000550                stdio_uart
 .data.stdio_usb
                0x20000564       0x14 CMakeFiles/matrix-tests.dir/__/lib/pico-sdk/src/rp2_common/pico_stdio_usb/stdio_usb.c.obj
                0x20000564                stdio_usb
 .data.ep_dir_string
                0x20000578        0x8 CMakeFiles/matrix-tests.dir/__/lib/pico-sdk/lib/tinyusb/src/portable/raspberrypi/rp2040/rp2040_usb.c.obj
                0x20000578                ep_dir_string
 .data._usbd_qdef
                0x20000580       0x24 CMakeFiles/matrix-tests.dir/__/lib/pico-sdk/lib/tinyusb/src/device/usbd.c.obj
                0x20000580                _usbd_qdef
 *fill*         0x200005a4        0x4 
 .data          0x200005a8      0x430 /usr/lib/gcc/arm-none-eabi/8.3.1/../../../arm-none-eabi/lib/thumb/v6-m/nofp/libc.a(lib_a-impure.o)
                0x200005a8                _impure_ptr
 .data          0x200009d8      0x410 /usr/lib/gcc/arm-none-eabi/8.3.1/../../../arm-none-eabi/lib/thumb/v6-m/nofp/libc.a(lib_a-mallocr.o)
                0x200009d8                __malloc_sbrk_base
                0x200009dc                __malloc_trim_threshold
                0x200009e0                __malloc_av_
 .data          0x20000de8      0x16c /usr/lib/gcc/arm-none-eabi/8.3.1/../../../arm-none-eabi/lib/thumb/v6-m/nofp/libc.a(lib_a-locale.o)
                0x20000de8                __global_locale
                0x20000f54                . = ALIGN (0x4)
 *(.after_data.*)
                0x20000f54                . = ALIGN (0x4)
                0x20000f54                PROVIDE (__mutex_array_start = .)
 *(SORT_BY_NAME(.mutex_array.*))
 *(.mutex_array)
 .mutex_array   0x20000f54        0x8 CMakeFiles/matrix-tests.dir/__/lib/pico-sdk/src/rp2_common/pico_malloc/pico_malloc.c.obj
 .mutex_array   0x20000f5c        0x8 CMakeFiles/matrix-tests.dir/__/lib/pico-sdk/src/rp2_common/pico_stdio/stdio.c.obj
                0x20000f64                PROVIDE (__mutex_array_end = .)
                0x20000f64                . = ALIGN (0x4)
                0x20000f64                PROVIDE (__preinit_array_start = .)
 *(SORT_BY_NAME(.preinit_array.*))
 .preinit_array.00001
                0x20000f64        0x4 CMakeFiles/matrix-tests.dir/__/lib/pico-sdk/src/rp2_common/pico_mem_ops/mem_ops_aeabi.S.obj
 .preinit_array.00010
                0x20000f68        0x4 CMakeFiles/matrix-tests.dir/__/lib/pico-sdk/src/rp2_common/pico_bit_ops/bit_ops_aeabi.S.obj
 .preinit_array.00020
                0x20000f6c        0x4 CMakeFiles/matrix-tests.dir/__/lib/pico-sdk/src/rp2_common/pico_double/double_aeabi.S.obj
 .preinit_array.00020
                0x20000f70        0x4 CMakeFiles/matrix-tests.dir/__/lib/pico-sdk/src/rp2_common/pico_float/float_aeabi.S.obj
 *(.preinit_array)
                0x20000f74                PROVIDE (__preinit_array_end = .)
                0x20000f74                . = ALIGN (0x4)
                0x20000f74                PROVIDE (__init_array_start = .)
 *(SORT_BY_NAME(.init_array.*))
 *(.init_array)
 .init_array    0x20000f74        0x4 /usr/lib/gcc/arm-none-eabi/8.3.1/thumb/v6-m/nofp/crtbegin.o
 .init_array    0x20000f78        0x4 CMakeFiles/matrix-tests.dir/__/lib/pico-sdk/src/rp2_common/pico_unique_id/unique_id.c.obj
                0x20000f7c                PROVIDE (__init_array_end = .)
                0x20000f7c                . = ALIGN (0x4)
                0x20000f7c                PROVIDE (__fini_array_start = .)
 *(SORT_BY_NAME(.fini_array.*))
 *(.fini_array)
                0x20000f7c                PROVIDE (__fini_array_end = .)
 *(.jcr)
                0x20000f7c                . = ALIGN (0x4)
                0x20000f7c                __data_end__ = .

.tm_clone_table
                0x20000f7c        0x0 load address 0x1001bb20
 .tm_clone_table
                0x20000f7c        0x0 /usr/lib/gcc/arm-none-eabi/8.3.1/thumb/v6-m/nofp/crtbegin.o
 .tm_clone_table
                0x20000f7c        0x0 /usr/lib/gcc/arm-none-eabi/8.3.1/thumb/v6-m/nofp/crtend.o

.igot.plt       0x20000f7c        0x0 load address 0x1001bb20
 .igot.plt      0x20000f7c        0x0 /usr/lib/gcc/arm-none-eabi/8.3.1/thumb/v6-m/nofp/crtbegin.o

.uninitialized_data
                0x20000f7c        0x0 load address 0x1001bb20
                0x20000f7c                . = ALIGN (0x4)
 *(.uninitialized_data*)

.scratch_x      0x20040000        0x0 load address 0x1001bb20
                0x20040000                __scratch_x_start__ = .
 *(.scratch_x.*)