Archive member included to satisfy reference by file (symbol)

../rc/librclib.a(motor.c.obj)
                              CMakeFiles/pico_encoder_test.dir/pico_encoder_test.c.obj (rc_motor_set)
../rc/librclib.a(encoder.c.obj)
                              CMakeFiles/pico_encoder_test.dir/pico_encoder_test.c.obj (rc_encoder_init)
/usr/lib/gcc/arm-none-eabi/8.3.1/thumb/v6-m/nofp/libgcc.a(_dvmd_tls.o)
                              CMakeFiles/pico_encoder_test.dir/__/lib/pico-sdk/src/rp2_common/pico_divider/divider.S.obj (__aeabi_idiv0)
/usr/lib/gcc/arm-none-eabi/8.3.1/../../../arm-none-eabi/lib/thumb/v6-m/nofp/libc.a(lib_a-atexit.o)
                              /usr/lib/gcc/arm-none-eabi/8.3.1/../../../arm-none-eabi/lib/thumb/v6-m/nofp/crt0.o (atexit)
/usr/lib/gcc/arm-none-eabi/8.3.1/../../../arm-none-eabi/lib/thumb/v6-m/nofp/libc.a(lib_a-calloc.o)
                              CMakeFiles/pico_encoder_test.dir/__/lib/pico-sdk/src/rp2_common/pico_malloc/pico_malloc.c.obj (calloc)
/usr/lib/gcc/arm-none-eabi/8.3.1/../../../arm-none-eabi/lib/thumb/v6-m/nofp/libc.a(lib_a-callocr.o)
                              /usr/lib/gcc/arm-none-eabi/8.3.1/../../../arm-none-eabi/lib/thumb/v6-m/nofp/libc.a(lib_a-calloc.o) (_calloc_r)
/usr/lib/gcc/arm-none-eabi/8.3.1/../../../arm-none-eabi/lib/thumb/v6-m/nofp/libc.a(lib_a-fini.o)
                              /usr/lib/gcc/arm-none-eabi/8.3.1/../../../arm-none-eabi/lib/thumb/v6-m/nofp/crt0.o (__libc_fini_array)
/usr/lib/gcc/arm-none-eabi/8.3.1/../../../arm-none-eabi/lib/thumb/v6-m/nofp/libc.a(lib_a-fwrite.o)
                              ../rc/librclib.a(motor.c.obj) (fwrite)
/usr/lib/gcc/arm-none-eabi/8.3.1/../../../arm-none-eabi/lib/thumb/v6-m/nofp/libc.a(lib_a-impure.o)
                              ../rc/librclib.a(motor.c.obj) (_impure_ptr)
/usr/lib/gcc/arm-none-eabi/8.3.1/../../../arm-none-eabi/lib/thumb/v6-m/nofp/libc.a(lib_a-init.o)
                              /usr/lib/gcc/arm-none-eabi/8.3.1/../../../arm-none-eabi/lib/thumb/v6-m/nofp/crt0.o (__libc_init_array)
/usr/lib/gcc/arm-none-eabi/8.3.1/../../../arm-none-eabi/lib/thumb/v6-m/nofp/libc.a(lib_a-malloc.o)
                              CMakeFiles/pico_encoder_test.dir/__/lib/pico-sdk/src/rp2_common/pico_malloc/pico_malloc.c.obj (malloc)
/usr/lib/gcc/arm-none-eabi/8.3.1/../../../arm-none-eabi/lib/thumb/v6-m/nofp/libc.a(lib_a-mallocr.o)
                              /usr/lib/gcc/arm-none-eabi/8.3.1/../../../arm-none-eabi/lib/thumb/v6-m/nofp/libc.a(lib_a-callocr.o) (_malloc_r)
/usr/lib/gcc/arm-none-eabi/8.3.1/../../../arm-none-eabi/lib/thumb/v6-m/nofp/libc.a(lib_a-mlock.o)
                              /usr/lib/gcc/arm-none-eabi/8.3.1/../../../arm-none-eabi/lib/thumb/v6-m/nofp/libc.a(lib_a-mallocr.o) (__malloc_lock)
/usr/lib/gcc/arm-none-eabi/8.3.1/../../../arm-none-eabi/lib/thumb/v6-m/nofp/libc.a(lib_a-realloc.o)
                              CMakeFiles/pico_encoder_test.dir/__/lib/pico-sdk/src/rp2_common/pico_malloc/pico_malloc.c.obj (realloc)
/usr/lib/gcc/arm-none-eabi/8.3.1/../../../arm-none-eabi/lib/thumb/v6-m/nofp/libc.a(lib_a-reallocr.o)
                              /usr/lib/gcc/arm-none-eabi/8.3.1/../../../arm-none-eabi/lib/thumb/v6-m/nofp/libc.a(lib_a-realloc.o) (_realloc_r)
/usr/lib/gcc/arm-none-eabi/8.3.1/../../../arm-none-eabi/lib/thumb/v6-m/nofp/libc.a(lib_a-sbrkr.o)
                              /usr/lib/gcc/arm-none-eabi/8.3.1/../../../arm-none-eabi/lib/thumb/v6-m/nofp/libc.a(lib_a-mallocr.o) (_sbrk_r)
/usr/lib/gcc/arm-none-eabi/8.3.1/../../../arm-none-eabi/lib/thumb/v6-m/nofp/libc.a(lib_a-strlen-stub.o)
                              CMakeFiles/pico_encoder_test.dir/__/lib/pico-sdk/src/rp2_common/pico_stdio/stdio.c.obj (strlen)
/usr/lib/gcc/arm-none-eabi/8.3.1/../../../arm-none-eabi/lib/thumb/v6-m/nofp/libc.a(lib_a-__atexit.o)
                              /usr/lib/gcc/arm-none-eabi/8.3.1/../../../arm-none-eabi/lib/thumb/v6-m/nofp/libc.a(lib_a-atexit.o) (__register_exitproc)
/usr/lib/gcc/arm-none-eabi/8.3.1/../../../arm-none-eabi/lib/thumb/v6-m/nofp/libc.a(lib_a-findfp.o)
                              /usr/lib/gcc/arm-none-eabi/8.3.1/../../../arm-none-eabi/lib/thumb/v6-m/nofp/libc.a(lib_a-fwrite.o) (__sinit)
/usr/lib/gcc/arm-none-eabi/8.3.1/../../../arm-none-eabi/lib/thumb/v6-m/nofp/libc.a(lib_a-freer.o)
                              /usr/lib/gcc/arm-none-eabi/8.3.1/../../../arm-none-eabi/lib/thumb/v6-m/nofp/libc.a(lib_a-malloc.o) (_free_r)
/usr/lib/gcc/arm-none-eabi/8.3.1/../../../arm-none-eabi/lib/thumb/v6-m/nofp/libc.a(lib_a-fvwrite.o)
                              /usr/lib/gcc/arm-none-eabi/8.3.1/../../../arm-none-eabi/lib/thumb/v6-m/nofp/libc.a(lib_a-fwrite.o) (__sfvwrite_r)
/usr/lib/gcc/arm-none-eabi/8.3.1/../../../arm-none-eabi/lib/thumb/v6-m/nofp/libc.a(lib_a-fwalk.o)
                              /usr/lib/gcc/arm-none-eabi/8.3.1/../../../arm-none-eabi/lib/thumb/v6-m/nofp/libc.a(lib_a-findfp.o) (_fwalk)
[...]
Memory Configuration

Name             Origin             Length             Attributes
FLASH            0x10000000         0x00200000         xr
RAM              0x20000000         0x00040000         xrw
SCRATCH_X        0x20040000         0x00001000         xrw
SCRATCH_Y        0x20041000         0x00001000         xrw
*default*        0x00000000         0xffffffff

Linker script and memory map

LOAD /usr/lib/gcc/arm-none-eabi/8.3.1/thumb/v6-m/nofp/crti.o
LOAD /usr/lib/gcc/arm-none-eabi/8.3.1/thumb/v6-m/nofp/crtbegin.o
LOAD /usr/lib/gcc/arm-none-eabi/8.3.1/../../../arm-none-eabi/lib/thumb/v6-m/nofp/crt0.o

.flash_begin    0x10000000        0x0
                0x10000000                __flash_binary_start = .

.boot2          0x10000000      0x100
                0x10000000                __boot2_start__ = .
 *(.boot2)
 .boot2         0x10000000      0x100 /tmp/cc9Hv7zQ.o
                0x10000100                __boot2_end__ = .
                0x00000001                ASSERT (((__boot2_end__ - __boot2_start__) == 0x100), ERROR: Pico second stage bootloader must be 256 bytes in size)

.text           0x10000100     0x9e08
                0x10000100                __logical_binary_start = .
 *(.vectors)
 .vectors       0x10000100       0xd4 CMakeFiles/pico_encoder_test.dir/__/lib/pico-sdk/src/rp2_common/pico_standard_link/crt0.S.obj
                0x10000100                __vectors
                0x10000100                __VECTOR_TABLE
                0x100001c0                isr_invalid
                0x100001c0                __default_isrs_start
                0x100001c2                isr_nmi
                0x100001c4                isr_hardfault
                0x100001c6                isr_svcall
                0x100001c8                isr_pendsv
                0x100001ca                isr_systick
                0x100001cc                isr_irq30
                0x100001cc                __unhandled_user_irq
                0x100001cc                isr_irq13
                0x100001cc                isr_irq27
                0x100001cc                isr_irq31
                0x100001cc                isr_irq5
                0x100001cc                isr_irq11
                0x100001cc                isr_irq23
                0x100001cc                isr_irq18
                0x100001cc                isr_irq28
                0x100001cc                isr_irq19
                0x100001cc                isr_irq0
                0x100001cc                isr_irq6
                0x100001cc                isr_irq22
                0x100001cc                isr_irq17
                0x100001cc                isr_irq14
                0x100001cc                isr_irq2
                0x100001cc                isr_irq10
                0x100001cc                isr_irq8
                0x100001cc                isr_irq24
                0x100001cc                isr_irq1
                0x100001cc                isr_irq7
                0x100001cc                isr_irq21
                0x100001cc                isr_irq20
                0x100001cc                isr_irq15
                0x100001cc                isr_irq25
                0x100001cc                isr_irq4
                0x100001cc                isr_irq16
                0x100001cc                isr_irq29
                0x100001cc                isr_irq26
                0x100001cc                __default_isrs_end
                0x100001cc                isr_irq3
                0x100001cc                isr_irq12
                0x100001cc                isr_irq9
                0x100001d2                unhandled_user_irq_num_in_r0
 *(.binary_info_header)
 .binary_info_header
                0x100001d4       0x14 CMakeFiles/pico_encoder_test.dir/__/lib/pico-sdk/src/rp2_common/pico_standard_link/crt0.S.obj
                0x100001e8                __binary_info_header_end = .
 *(.reset)
 .reset         0x100001e8       0xa8 CMakeFiles/pico_encoder_test.dir/__/lib/pico-sdk/src/rp2_common/pico_standard_link/crt0.S.obj
                0x100001e8                _entry_point
                0x10000266                __get_current_exception
 .reset         0x10000290       0x30 CMakeFiles/pico_encoder_test.dir/__/lib/pico-sdk/src/rp2_common/pico_standard_link/binary_info.c.obj
 *(.init)
 .init          0x100002c0        0x4 /usr/lib/gcc/arm-none-eabi/8.3.1/thumb/v6-m/nofp/crti.o
                0x100002c0                _init
 *(EXCLUDE_FILE(*libm.a: *libc.a:*lib_a-mem*.o *libgcc.a:) .text*)
 .text          0x100002c4       0x98 /usr/lib/gcc/arm-none-eabi/8.3.1/thumb/v6-m/nofp/crtbegin.o
 .text.startup.main
                0x1000035c      0x628 CMakeFiles/pico_encoder_test.dir/pico_encoder_test.c.obj
                0x1000035c                main
 .text.gpio_set_function
                0x10000984       0x30 CMakeFiles/pico_encoder_test.dir/__/lib/pico-sdk/src/rp2_common/hardware_gpio/gpio.c.obj
                0x10000984                gpio_set_function
 .text.gpio_get_function
                0x100009b4       0x14 CMakeFiles/pico_encoder_test.dir/__/lib/pico-sdk/src/rp2_common/hardware_gpio/gpio.c.obj
                0x100009b4                gpio_get_function
 .text.gpio_set_pulls
                0x100009c8       0x30 CMakeFiles/pico_encoder_test.dir/__/lib/pico-sdk/src/rp2_common/hardware_gpio/gpio.c.obj
                0x100009c8                gpio_set_pulls
 .text.gpio_init
                0x100009f8       0x3c CMakeFiles/pico_encoder_test.dir/__/lib/pico-sdk/src/rp2_common/hardware_gpio/gpio.c.obj
                0x100009f8                gpio_init
 .text.hw_claim_lock
                0x10000a34       0x18 CMakeFiles/pico_encoder_test.dir/__/lib/pico-sdk/src/rp2_common/hardware_claim/claim.c.obj
                0x10000a34                hw_claim_lock
 .text.hw_claim_unlock
                0x10000a4c       0x14 CMakeFiles/pico_encoder_test.dir/__/lib/pico-sdk/src/rp2_common/hardware_claim/claim.c.obj
                0x10000a4c                hw_claim_unlock
 .text.hw_is_claimed
                0x10000a60       0x18 CMakeFiles/pico_encoder_test.dir/__/lib/pico-sdk/src/rp2_common/hardware_claim/claim.c.obj
                0x10000a60                hw_is_claimed
 .text.hw_claim_or_assert
                0x10000a78       0x44 CMakeFiles/pico_encoder_test.dir/__/lib/pico-sdk/src/rp2_common/hardware_claim/claim.c.obj
                0x10000a78                hw_claim_or_assert
 .text.hw_claim_unused_from_range
                0x10000abc       0x9c CMakeFiles/pico_encoder_test.dir/__/lib/pico-sdk/src/rp2_common/hardware_claim/claim.c.obj
                0x10000abc                hw_claim_unused_from_range
 .text.running_on_fpga
                0x10000b58       0x10 CMakeFiles/pico_encoder_test.dir/__/lib/pico-sdk/src/rp2_common/pico_platform/platform.c.obj
                0x10000b58                running_on_fpga
 .text.spin_locks_reset
                0x10000b68       0x1c CMakeFiles/pico_encoder_test.dir/__/lib/pico-sdk/src/rp2_common/hardware_sync/sync.c.obj
                0x10000b68                spin_locks_reset
 .text.next_striped_spin_lock_num
                0x10000b84       0x18 CMakeFiles/pico_encoder_test.dir/__/lib/pico-sdk/src/rp2_common/hardware_sync/sync.c.obj
                0x10000b84                next_striped_spin_lock_num
 .text.spin_lock_claim_unused
                0x10000b9c       0x20 CMakeFiles/pico_encoder_test.dir/__/lib/pico-sdk/src/rp2_common/hardware_sync/sync.c.obj
                0x10000b9c                spin_lock_claim_unused
 .text.irq_set_enabled
                0x10000bbc       0x24 CMakeFiles/pico_encoder_test.dir/__/lib/pico-sdk/src/rp2_common/hardware_irq/irq.c.obj
                0x10000bbc                irq_set_enabled
 .text.irq_set_pending
                0x10000be0       0x10 CMakeFiles/pico_encoder_test.dir/__/lib/pico-sdk/src/rp2_common/hardware_irq/irq.c.obj
                0x10000be0                irq_set_pending
 .text.irq_has_shared_handler
                0x10000bf0       0x2c CMakeFiles/pico_encoder_test.dir/__/lib/pico-sdk/src/rp2_common/hardware_irq/irq.c.obj
                0x10000bf0                irq_has_shared_handler
 .text.irq_get_vtable_handler
                0x10000c1c       0x10 CMakeFiles/pico_encoder_test.dir/__/lib/pico-sdk/src/rp2_common/hardware_irq/irq.c.obj
                0x10000c1c                irq_get_vtable_handler
 .text.irq_set_exclusive_handler
                0x10000c2c       0x54 CMakeFiles/pico_encoder_test.dir/__/lib/pico-sdk/src/rp2_common/hardware_irq/irq.c.obj
                0x10000c2c                irq_set_exclusive_handler
 .text.irq_add_shared_handler
                0x10000c80      0x1c8 CMakeFiles/pico_encoder_test.dir/__/lib/pico-sdk/src/rp2_common/hardware_irq/irq.c.obj
                0x10000c80                irq_add_shared_handler
 .text.irq_remove_handler
                0x10000e48      0x1b4 CMakeFiles/pico_encoder_test.dir/__/lib/pico-sdk/src/rp2_common/hardware_irq/irq.c.obj
                0x10000e48                irq_remove_handler
 .text.irq_add_tail_to_free_list
                0x10000ffc       0xb4 CMakeFiles/pico_encoder_test.dir/__/lib/pico-sdk/src/rp2_common/hardware_irq/irq.c.obj
                0x10000ffc                irq_add_tail_to_free_list
 .text.irq_init_priorities
                0x100010b0       0x24 CMakeFiles/pico_encoder_test.dir/__/lib/pico-sdk/src/rp2_common/hardware_irq/irq.c.obj
                0x100010b0                irq_init_priorities
 .text.user_irq_claim_unused
                0x100010d4       0x30 CMakeFiles/pico_encoder_test.dir/__/lib/pico-sdk/src/rp2_common/hardware_irq/irq.c.obj
                0x100010d4                user_irq_claim_unused
 .text.lock_init
                0x10001104       0x10 CMakeFiles/pico_encoder_test.dir/__/lib/pico-sdk/src/common/pico_sync/lock_core.c.obj
                0x10001104                lock_init
 .text.timer_pool_entry_comparator
                0x10001114       0x34 CMakeFiles/pico_encoder_test.dir/__/lib/pico-sdk/src/common/pico_time/time.c.obj
                0x10001114                timer_pool_entry_comparator
 .text.sleep_until_callback
                0x10001148       0x30 CMakeFiles/pico_encoder_test.dir/__/lib/pico-sdk/src/common/pico_time/time.c.obj
 .text.add_alarm_under_lock
                0x10001178      0x114 CMakeFiles/pico_encoder_test.dir/__/lib/pico-sdk/src/common/pico_time/time.c.obj
 .text.alarm_pool_alarm_callback
                0x1000128c      0x1d0 CMakeFiles/pico_encoder_test.dir/__/lib/pico-sdk/src/common/pico_time/time.c.obj
 .text.alarm_pool_init_default
                0x1000145c       0x64 CMakeFiles/pico_encoder_test.dir/__/lib/pico-sdk/src/common/pico_time/time.c.obj
                0x1000145c                alarm_pool_init_default
 .text.alarm_pool_get_default
                0x100014c0        0x8 CMakeFiles/pico_encoder_test.dir/__/lib/pico-sdk/src/common/pico_time/time.c.obj
                0x100014c0                alarm_pool_get_default
 .text.alarm_pool_add_alarm_at
                0x100014c8      0x19c CMakeFiles/pico_encoder_test.dir/__/lib/pico-sdk/src/common/pico_time/time.c.obj
                0x100014c8                alarm_pool_add_alarm_at
 .text.alarm_pool_cancel_alarm
                0x10001664       0x70 CMakeFiles/pico_encoder_test.dir/__/lib/pico-sdk/src/common/pico_time/time.c.obj
                0x10001664                alarm_pool_cancel_alarm
 .text.sleep_until
                0x100016d4       0xc4 CMakeFiles/pico_encoder_test.dir/__/lib/pico-sdk/src/common/pico_time/time.c.obj
                0x100016d4                sleep_until
 .text.sleep_ms
                0x10001798       0x38 CMakeFiles/pico_encoder_test.dir/__/lib/pico-sdk/src/common/pico_time/time.c.obj
                0x10001798                sleep_ms
 .text.best_effort_wfe_or_timeout
                0x100017d0       0x58 CMakeFiles/pico_encoder_test.dir/__/lib/pico-sdk/src/common/pico_time/time.c.obj
                0x100017d0                best_effort_wfe_or_timeout
 .text.hardware_alarm_irq_handler
                0x10001828       0xb0 CMakeFiles/pico_encoder_test.dir/__/lib/pico-sdk/src/rp2_common/hardware_timer/timer.c.obj
 .text.hardware_alarm_claim
                0x100018d8       0x18 CMakeFiles/pico_encoder_test.dir/__/lib/pico-sdk/src/rp2_common/hardware_timer/timer.c.obj
                0x100018d8                hardware_alarm_claim
 .text.time_us_64
                0x100018f0       0x18 CMakeFiles/pico_encoder_test.dir/__/lib/pico-sdk/src/rp2_common/hardware_timer/timer.c.obj
                0x100018f0                time_us_64
 .text.busy_wait_us
                0x10001908       0x60 CMakeFiles/pico_encoder_test.dir/__/lib/pico-sdk/src/rp2_common/hardware_timer/timer.c.obj
                0x10001908                busy_wait_us
 .text.busy_wait_until
                0x10001968       0x20 CMakeFiles/pico_encoder_test.dir/__/lib/pico-sdk/src/rp2_common/hardware_timer/timer.c.obj
                0x10001968                busy_wait_until
 .text.hardware_alarm_set_callback
                0x10001988       0x8c CMakeFiles/pico_encoder_test.dir/__/lib/pico-sdk/src/rp2_common/hardware_timer/timer.c.obj
                0x10001988                hardware_alarm_set_callback
 .text.hardware_alarm_set_target
                0x10001a14       0xe8 CMakeFiles/pico_encoder_test.dir/__/lib/pico-sdk/src/rp2_common/hardware_timer/timer.c.obj
                0x10001a14                hardware_alarm_set_target
 .text.hardware_alarm_cancel
                0x10001afc       0x40 CMakeFiles/pico_encoder_test.dir/__/lib/pico-sdk/src/rp2_common/hardware_timer/timer.c.obj
                0x10001afc                hardware_alarm_cancel
 .text.ph_merge_nodes
                0x10001b3c       0x5c CMakeFiles/pico_encoder_test.dir/__/lib/pico-sdk/src/common/pico_util/pheap.c.obj
 .text.ph_post_alloc_init
                0x10001b98      0x1b8 CMakeFiles/pico_encoder_test.dir/__/lib/pico-sdk/src/common/pico_util/pheap.c.obj
                0x10001b98                ph_post_alloc_init
 .text.ph_merge_two_pass
                0x10001d50       0x4c CMakeFiles/pico_encoder_test.dir/__/lib/pico-sdk/src/common/pico_util/pheap.c.obj
                0x10001d50                ph_merge_two_pass
 .text.ph_remove_any_head
                0x10001d9c      0x1b8 CMakeFiles/pico_encoder_test.dir/__/lib/pico-sdk/src/common/pico_util/pheap.c.obj
 .text.ph_remove_head
                0x10001f54      0x1bc CMakeFiles/pico_encoder_test.dir/__/lib/pico-sdk/src/common/pico_util/pheap.c.obj
                0x10001f54                ph_remove_head
 .text.ph_remove_and_free_node
                0x10002110       0x7c CMakeFiles/pico_encoder_test.dir/__/lib/pico-sdk/src/common/pico_util/pheap.c.obj
                0x10002110                ph_remove_and_free_node
 .text.mutex_init
                0x1000218c       0x1c CMakeFiles/pico_encoder_test.dir/__/lib/pico-sdk/src/common/pico_sync/mutex.c.obj
                0x1000218c                mutex_init
 .text.recursive_mutex_init
                0x100021a8       0x1c CMakeFiles/pico_encoder_test.dir/__/lib/pico-sdk/src/common/pico_sync/mutex.c.obj
                0x100021a8                recursive_mutex_init
 .text.critical_section_init
                0x100021c4       0x20 CMakeFiles/pico_encoder_test.dir/__/lib/pico-sdk/src/common/pico_sync/critical_section.c.obj
                0x100021c4                critical_section_init
 .text.runtime_init
                0x100021e4       0xf4 CMakeFiles/pico_encoder_test.dir/__/lib/pico-sdk/src/rp2_common/pico_runtime/runtime.c.obj
                0x100021e4                runtime_init
 .text._sbrk    0x100022d8       0x34 CMakeFiles/pico_encoder_test.dir/__/lib/pico-sdk/src/rp2_common/pico_runtime/runtime.c.obj
                0x100022d8                _sbrk
 .text.exit     0x1000230c        0x4 CMakeFiles/pico_encoder_test.dir/__/lib/pico-sdk/src/rp2_common/pico_runtime/runtime.c.obj
                0x1000230c                exit
 .text.panic    0x10002310       0x30 CMakeFiles/pico_encoder_test.dir/__/lib/pico-sdk/src/rp2_common/pico_runtime/runtime.c.obj
                0x10002310                panic
 .text.hard_assertion_failure
                0x10002340        0xc CMakeFiles/pico_encoder_test.dir/__/lib/pico-sdk/src/rp2_common/pico_runtime/runtime.c.obj
                0x10002340                hard_assertion_failure
 .text.clocks_init
                0x1000234c      0x2c0 CMakeFiles/pico_encoder_test.dir/__/lib/pico-sdk/src/rp2_common/hardware_clocks/clocks.c.obj
                0x1000234c                clocks_init
 .text.pll_init
                0x1000260c       0xa8 CMakeFiles/pico_encoder_test.dir/__/lib/pico-sdk/src/rp2_common/hardware_pll/pll.c.obj
                0x1000260c                pll_init
 .text.watchdog_start_tick
                0x100026b4       0x10 CMakeFiles/pico_encoder_test.dir/__/lib/pico-sdk/src/rp2_common/hardware_watchdog/watchdog.c.obj
                0x100026b4                watchdog_start_tick
 .text.watchdog_reboot
                0x100026c4       0x98 CMakeFiles/pico_encoder_test.dir/__/lib/pico-sdk/src/rp2_common/hardware_watchdog/watchdog.c.obj
                0x100026c4                watchdog_reboot
 .text.xosc_init
                0x1000275c       0x28 CMakeFiles/pico_encoder_test.dir/__/lib/pico-sdk/src/rp2_common/hardware_xosc/xosc.c.obj
                0x1000275c                xosc_init
 .text._out_null
                0x10002784        0x4 CMakeFiles/pico_encoder_test.dir/__/lib/pico-sdk/src/rp2_common/pico_printf/printf.c.obj
 .text._out_rev
                0x10002788       0x9c CMakeFiles/pico_encoder_test.dir/__/lib/pico-sdk/src/rp2_common/pico_printf/printf.c.obj
 .text._ntoa_format
                0x10002824      0x1c8 CMakeFiles/pico_encoder_test.dir/__/lib/pico-sdk/src/rp2_common/pico_printf/printf.c.obj
 .text._out_char
                0x100029ec       0x10 CMakeFiles/pico_encoder_test.dir/__/lib/pico-sdk/src/rp2_common/pico_printf/printf.c.obj
 .text._out_fct
                0x100029fc       0x10 CMakeFiles/pico_encoder_test.dir/__/lib/pico-sdk/src/rp2_common/pico_printf/printf.c.obj
 .text._etoa    0x10002a0c      0x45c CMakeFiles/pico_encoder_test.dir/__/lib/pico-sdk/src/rp2_common/pico_printf/printf.c.obj
 .text._ftoa    0x10002e68      0x4c0 CMakeFiles/pico_encoder_test.dir/__/lib/pico-sdk/src/rp2_common/pico_printf/printf.c.obj
 .text._vsnprintf
                0x10003328      0xad0 CMakeFiles/pico_encoder_test.dir/__/lib/pico-sdk/src/rp2_common/pico_printf/printf.c.obj
 .text.vfctprintf
                0x10003df8       0x20 CMakeFiles/pico_encoder_test.dir/__/lib/pico-sdk/src/rp2_common/pico_printf/printf.c.obj
                0x10003df8                vfctprintf
 .text.weak_raw_vprintf
                0x10003e18       0x30 CMakeFiles/pico_encoder_test.dir/__/lib/pico-sdk/src/rp2_common/pico_printf/printf.c.obj
                0x10003e18                weak_raw_vprintf
 .text          0x10003e48       0x10 CMakeFiles/pico_encoder_test.dir/__/lib/pico-sdk/src/rp2_common/pico_bit_ops/bit_ops_aeabi.S.obj
 .text.rom_func_lookup
                0x10003e58       0x10 CMakeFiles/pico_encoder_test.dir/__/lib/pico-sdk/src/rp2_common/pico_bootrom/bootrom.c.obj
                0x10003e58                rom_func_lookup
 .text.rom_data_lookup
                0x10003e68       0x10 CMakeFiles/pico_encoder_test.dir/__/lib/pico-sdk/src/rp2_common/pico_bootrom/bootrom.c.obj
                0x10003e68                rom_data_lookup
 .text.rom_funcs_lookup
                0x10003e78       0x3c CMakeFiles/pico_encoder_test.dir/__/lib/pico-sdk/src/rp2_common/pico_bootrom/bootrom.c.obj
                0x10003e78                rom_funcs_lookup
 .text.__wrap___aeabi_idiv
                0x10003eb4       0x50 CMakeFiles/pico_encoder_test.dir/__/lib/pico-sdk/src/rp2_common/pico_divider/divider.S.obj
                0x10003eb4                __wrap___aeabi_idivmod
                0x10003eb4                divmod_s32s32
                0x10003eb4                div_s32s32
                0x10003eb4                __wrap___aeabi_idiv
                0x10003ebc                divmod_s32s32_unsafe
                0x10003ee8                divmod_s32s32_savestate
 .text.__wrap___aeabi_uidiv
                0x10003f04       0x4c CMakeFiles/pico_encoder_test.dir/__/lib/pico-sdk/src/rp2_common/pico_divider/divider.S.obj
                0x10003f04                __wrap___aeabi_uidiv
                0x10003f04                __wrap___aeabi_uidivmod
                0x10003f04                div_u32u32
                0x10003f04                divmod_u32u32
                0x10003f0c                divmod_u32u32_unsafe
                0x10003f34                divmod_u32u32_savestate
 .text.__wrap___aeabi_ldiv
                0x10003f50      0x434 CMakeFiles/pico_encoder_test.dir/__/lib/pico-sdk/src/rp2_common/pico_divider/divider.S.obj
                0x10003f50                div_s64s64
                0x10003f50                divmod_s64s64
                0x10003f50                __wrap___aeabi_ldivmod
                0x10003f88                div_u64u64
                0x10003f88                divmod_u64u64
                0x10003f88                __wrap___aeabi_uldivmod
                0x10003f98                divmod_u64u64_savestate
                0x10003fc0                divmod_s64s64_unsafe
                0x10004048                divmod_u64u64_unsafe
 .text.__wrap___aeabi_darithmetic
                0x10004384       0x80 CMakeFiles/pico_encoder_test.dir/__/lib/pico-sdk/src/rp2_common/pico_double/double_aeabi.S.obj
                0x10004384                __wrap___aeabi_drsub
                0x1000438a                __wrap___aeabi_dsub
                0x1000439c                __wrap___aeabi_dadd
                0x100043ae                __wrap___aeabi_ddiv
                0x100043ea                __wrap___aeabi_dmul
 .text.__wrap___aeabi_cdcmple
                0x10004404       0x6c CMakeFiles/pico_encoder_test.dir/__/lib/pico-sdk/src/rp2_common/pico_double/double_aeabi.S.obj
                0x10004404                __wrap___aeabi_cdrcmple
                0x10004414                __wrap___aeabi_cdcmple
                0x10004414                __wrap___aeabi_cdcmpeq
 .text.__wrap___aeabi_dcmplt
                0x10004470        0xc CMakeFiles/pico_encoder_test.dir/__/lib/pico-sdk/src/rp2_common/pico_double/double_aeabi.S.obj
                0x10004470                __wrap___aeabi_dcmplt
 .text.__wrap___aeabi_dcmpge
                0x1000447c       0x10 CMakeFiles/pico_encoder_test.dir/__/lib/pico-sdk/src/rp2_common/pico_double/double_aeabi.S.obj
                0x1000447c                __wrap___aeabi_dcmpge
 .text.__wrap___aeabi_dcmpgt
                0x1000448c        0xa CMakeFiles/pico_encoder_test.dir/__/lib/pico-sdk/src/rp2_common/pico_double/double_aeabi.S.obj
                0x1000448c                __wrap___aeabi_dcmpgt
 .text.__wrap___aeabi_dcmpun
                0x10004496       0x1c CMakeFiles/pico_encoder_test.dir/__/lib/pico-sdk/src/rp2_common/pico_double/double_aeabi.S.obj
                0x10004496                __wrap___aeabi_dcmpun
 *fill*         0x100044b2        0x2 
 .text.__wrap___aeabi_i2d
                0x100044b4       0x38 CMakeFiles/pico_encoder_test.dir/__/lib/pico-sdk/src/rp2_common/pico_double/double_aeabi.S.obj
                0x100044b4                __wrap___aeabi_ui2d
                0x100044bc                __wrap___aeabi_i2d
 .text.__wrap___aeabi_d2iz
                0x100044ec       0x48 CMakeFiles/pico_encoder_test.dir/__/lib/pico-sdk/src/rp2_common/pico_double/double_aeabi.S.obj
                0x100044ec                __wrap___aeabi_d2iz
                0x100044ec                double2int_z
 .text.__wrap___aeabi_d2uiz
                0x10004534       0x18 CMakeFiles/pico_encoder_test.dir/__/lib/pico-sdk/src/rp2_common/pico_double/double_aeabi.S.obj
                0x10004534                double2uint
                0x10004534                __wrap___aeabi_d2uiz
 .text.__aeabi_double_init
                0x1000454c       0xbc CMakeFiles/pico_encoder_test.dir/__/lib/pico-sdk/src/rp2_common/pico_double/double_init_rom.c.obj
                0x1000454c                __aeabi_double_init
 .text.double_table_shim_on_use_helper
                0x10004608       0x2c CMakeFiles/pico_encoder_test.dir/__/lib/pico-sdk/src/rp2_common/pico_double/double_v1_rom_shim.S.obj
                0x10004608                double_table_shim_on_use_helper
 .text.__wrap___aeabi_dsub
                0x10004634       0x10 CMakeFiles/pico_encoder_test.dir/__/lib/pico-sdk/src/rp2_common/pico_double/double_v1_rom_shim.S.obj
                0x10004634                drsub_shim
                0x1000463a                dsub_shim
 .text.dadd_shim
                0x10004644      0x15c CMakeFiles/pico_encoder_test.dir/__/lib/pico-sdk/src/rp2_common/pico_double/double_v1_rom_shim.S.obj
                0x10004644                dadd_shim
 .text.dmul_shim
                0x100047a0      0x15c CMakeFiles/pico_encoder_test.dir/__/lib/pico-sdk/src/rp2_common/pico_double/double_v1_rom_shim.S.obj
                0x100047a0                dmul_shim
 .text.ddiv_shim
                0x100048fc      0x1b0 CMakeFiles/pico_encoder_test.dir/__/lib/pico-sdk/src/rp2_common/pico_double/double_v1_rom_shim.S.obj
                0x100048fc                ddiv_shim
 .text.double2uint_shim
                0x10004aac        0xe CMakeFiles/pico_encoder_test.dir/__/lib/pico-sdk/src/rp2_common/pico_double/double_v1_rom_shim.S.obj
                0x10004aac                double2uint_shim
                0x10004aae                double2ufix_shim
 *fill*         0x10004aba        0x2 
 .text.double2uint64_shim
                0x10004abc       0x70 CMakeFiles/pico_encoder_test.dir/__/lib/pico-sdk/src/rp2_common/pico_double/double_v1_rom_shim.S.obj
                0x10004abc                double2uint64_shim
                0x10004abe                double2ufix64_shim
                0x10004ade                d2fix_a
 .text.dunpacks
                0x10004b2c       0x3c CMakeFiles/pico_encoder_test.dir/__/lib/pico-sdk/src/rp2_common/pico_double/double_v1_rom_shim.S.obj
                0x10004b2c                dunpacks
 .text.__aeabi_lmul
                0x10004b68       0x32 CMakeFiles/pico_encoder_test.dir/__/lib/pico-sdk/src/rp2_common/pico_int64_ops/pico_int64_ops_aeabi.S.obj
                0x10004b68                __wrap___aeabi_lmul
 *fill*         0x10004b9a        0x2 
 .text.__aeabi_float_init
                0x10004b9c       0x68 CMakeFiles/pico_encoder_test.dir/__/lib/pico-sdk/src/rp2_common/pico_float/float_init_rom.c.obj
                0x10004b9c                __aeabi_float_init
 .text.float_table_shim_on_use_helper
                0x10004c04       0x2c CMakeFiles/pico_encoder_test.dir/__/lib/pico-sdk/src/rp2_common/pico_float/float_v1_rom_shim.S.obj
                0x10004c04                float_table_shim_on_use_helper
 .text          0x10004c30       0x10 CMakeFiles/pico_encoder_test.dir/__/lib/pico-sdk/src/rp2_common/pico_mem_ops/mem_ops_aeabi.S.obj
                0x10004c30                __aeabi_mem_init
 .text.memset   0x10004c40        0xc CMakeFiles/pico_encoder_test.dir/__/lib/pico-sdk/src/rp2_common/pico_mem_ops/mem_ops_aeabi.S.obj
                0x10004c40                __wrap_memset
 .text.memcpy   0x10004c4c        0xc CMakeFiles/pico_encoder_test.dir/__/lib/pico-sdk/src/rp2_common/pico_mem_ops/mem_ops_aeabi.S.obj
                0x10004c4c                __wrap___aeabi_memcpy
                0x10004c4c                __wrap_memcpy
 .text.stdio_out_chars_no_crlf
                0x10004c58       0x10 CMakeFiles/pico_encoder_test.dir/__/lib/pico-sdk/src/rp2_common/pico_stdio/stdio.c.obj
 .text.stdio_out_chars_crlf
                0x10004c68       0xac CMakeFiles/pico_encoder_test.dir/__/lib/pico-sdk/src/rp2_common/pico_stdio/stdio.c.obj
 .text.stdio_stack_buffer_flush.part.1
                0x10004d14       0xe8 CMakeFiles/pico_encoder_test.dir/__/lib/pico-sdk/src/rp2_common/pico_stdio/stdio.c.obj
 .text.stdio_buffered_printer
                0x10004dfc       0x20 CMakeFiles/pico_encoder_test.dir/__/lib/pico-sdk/src/rp2_common/pico_stdio/stdio.c.obj
 .text.stdio_put_string
                0x10004e1c       0xf8 CMakeFiles/pico_encoder_test.dir/__/lib/pico-sdk/src/rp2_common/pico_stdio/stdio.c.obj
 .text.__wrap_putchar
                0x10004f14       0xa4 CMakeFiles/pico_encoder_test.dir/__/lib/pico-sdk/src/rp2_common/pico_stdio/stdio.c.obj
                0x10004f14                __wrap_putchar
 .text.__wrap_puts
                0x10004fb8       0x3c CMakeFiles/pico_encoder_test.dir/__/lib/pico-sdk/src/rp2_common/pico_stdio/stdio.c.obj
                0x10004fb8                __wrap_puts
 .text._read    0x10004ff4       0x94 CMakeFiles/pico_encoder_test.dir/__/lib/pico-sdk/src/rp2_common/pico_stdio/stdio.c.obj
                0x10004ff4                _read
 .text._write   0x10005088       0x24 CMakeFiles/pico_encoder_test.dir/__/lib/pico-sdk/src/rp2_common/pico_stdio/stdio.c.obj
                0x10005088                _write
 .text.stdio_set_driver_enabled
                0x100050ac       0x30 CMakeFiles/pico_encoder_test.dir/__/lib/pico-sdk/src/rp2_common/pico_stdio/stdio.c.obj
                0x100050ac                stdio_set_driver_enabled
 .text.__wrap_vprintf
                0x100050dc       0x98 CMakeFiles/pico_encoder_test.dir/__/lib/pico-sdk/src/rp2_common/pico_stdio/stdio.c.obj
                0x100050dc                __wrap_vprintf
 .text.__wrap_printf
                0x10005174       0x18 CMakeFiles/pico_encoder_test.dir/__/lib/pico-sdk/src/rp2_common/pico_stdio/stdio.c.obj
                0x10005174                __wrap_printf
 .text.stdio_init_all
                0x1000518c        0x8 CMakeFiles/pico_encoder_test.dir/__/lib/pico-sdk/src/rp2_common/pico_stdio/stdio.c.obj
                0x1000518c                stdio_init_all
 .text.resetd_init
                0x10005194        0x4 CMakeFiles/pico_encoder_test.dir/__/lib/pico-sdk/src/rp2_common/pico_stdio_usb/reset_interface.c.obj
 .text.resetd_reset
                0x10005198        0xc CMakeFiles/pico_encoder_test.dir/__/lib/pico-sdk/src/rp2_common/pico_stdio_usb/reset_interface.c.obj
 .text.resetd_open
                0x100051a4       0x28 CMakeFiles/pico_encoder_test.dir/__/lib/pico-sdk/src/rp2_common/pico_stdio_usb/reset_interface.c.obj
 .text.resetd_xfer_cb
                0x100051cc        0x4 CMakeFiles/pico_encoder_test.dir/__/lib/pico-sdk/src/rp2_common/pico_stdio_usb/reset_interface.c.obj
 .text.resetd_control_xfer_cb
                0x100051d0       0x64 CMakeFiles/pico_encoder_test.dir/__/lib/pico-sdk/src/rp2_common/pico_stdio_usb/reset_interface.c.obj
 .text.usbd_app_driver_get_cb
                0x10005234        0xc CMakeFiles/pico_encoder_test.dir/__/lib/pico-sdk/src/rp2_common/pico_stdio_usb/reset_interface.c.obj
                0x10005234                usbd_app_driver_get_cb
 .text.tud_cdc_line_coding_cb
                0x10005240       0x34 CMakeFiles/pico_encoder_test.dir/__/lib/pico-sdk/src/rp2_common/pico_stdio_usb/reset_interface.c.obj
                0x10005240                tud_cdc_line_coding_cb
 .text.stdio_usb_in_chars
                0x10005274       0x68 CMakeFiles/pico_encoder_test.dir/__/lib/pico-sdk/src/rp2_common/pico_stdio_usb/stdio_usb.c.obj
                0x10005274                stdio_usb_in_chars
 .text.stdio_usb_out_chars
                0x100052dc       0xf0 CMakeFiles/pico_encoder_test.dir/__/lib/pico-sdk/src/rp2_common/pico_stdio_usb/stdio_usb.c.obj
 .text.timer_task
                0x100053cc       0x18 CMakeFiles/pico_encoder_test.dir/__/lib/pico-sdk/src/rp2_common/pico_stdio_usb/stdio_usb.c.obj
 .text.usb_irq  0x100053e4       0x10 CMakeFiles/pico_encoder_test.dir/__/lib/pico-sdk/src/rp2_common/pico_stdio_usb/stdio_usb.c.obj
 .text.low_priority_worker_irq
                0x100053f4       0x24 CMakeFiles/pico_encoder_test.dir/__/lib/pico-sdk/src/rp2_common/pico_stdio_usb/stdio_usb.c.obj
 .text.stdio_usb_init
                0x10005418       0xac CMakeFiles/pico_encoder_test.dir/__/lib/pico-sdk/src/rp2_common/pico_stdio_usb/stdio_usb.c.obj
                0x10005418                stdio_usb_init
 .text.tud_descriptor_device_cb
                0x100054c4        0x8 CMakeFiles/pico_encoder_test.dir/__/lib/pico-sdk/src/rp2_common/pico_stdio_usb/stdio_usb_descriptors.c.obj
                0x100054c4                tud_descriptor_device_cb
 .text.tud_descriptor_configuration_cb
                0x100054cc        0x8 CMakeFiles/pico_encoder_test.dir/__/lib/pico-sdk/src/rp2_common/pico_stdio_usb/stdio_usb_descriptors.c.obj
                0x100054cc                tud_descriptor_configuration_cb
 .text.tud_descriptor_string_cb
                0x100054d4       0x70 CMakeFiles/pico_encoder_test.dir/__/lib/pico-sdk/src/rp2_common/pico_stdio_usb/stdio_usb_descriptors.c.obj
                0x100054d4                tud_descriptor_string_cb
 .text.dcd_rp2040_irq
                0x10005544      0x21c CMakeFiles/pico_encoder_test.dir/__/lib/pico-sdk/lib/tinyusb/src/portable/raspberrypi/rp2040/dcd_rp2040.c.obj
 .text.dcd_int_enable
                0x10005760        0xc CMakeFiles/pico_encoder_test.dir/__/lib/pico-sdk/lib/tinyusb/src/portable/raspberrypi/rp2040/dcd_rp2040.c.obj
                0x10005760                dcd_int_enable
 .text.dcd_set_address
                0x1000576c       0x14 CMakeFiles/pico_encoder_test.dir/__/lib/pico-sdk/lib/tinyusb/src/portable/raspberrypi/rp2040/dcd_rp2040.c.obj
                0x1000576c                dcd_set_address
 .text.dcd_connect
                0x10005780       0x10 CMakeFiles/pico_encoder_test.dir/__/lib/pico-sdk/lib/tinyusb/src/portable/raspberrypi/rp2040/dcd_rp2040.c.obj
                0x10005780                dcd_connect
 .text.dcd_init
                0x10005790      0x144 CMakeFiles/pico_encoder_test.dir/__/lib/pico-sdk/lib/tinyusb/src/portable/raspberrypi/rp2040/dcd_rp2040.c.obj
                0x10005790                dcd_init
 .text.dcd_edpt0_status_complete
                0x100058d4       0x1c CMakeFiles/pico_encoder_test.dir/__/lib/pico-sdk/lib/tinyusb/src/portable/raspberrypi/rp2040/dcd_rp2040.c.obj
                0x100058d4                dcd_edpt0_status_complete
 .text.dcd_edpt_open
                0x100058f0       0xe4 CMakeFiles/pico_encoder_test.dir/__/lib/pico-sdk/lib/tinyusb/src/portable/raspberrypi/rp2040/dcd_rp2040.c.obj
                0x100058f0                dcd_edpt_open
 .text.dcd_edpt_close_all
                0x100059d4       0xbc CMakeFiles/pico_encoder_test.dir/__/lib/pico-sdk/lib/tinyusb/src/portable/raspberrypi/rp2040/dcd_rp2040.c.obj
                0x100059d4                dcd_edpt_close_all
 .text.dcd_edpt_xfer
                0x10005a90       0x24 CMakeFiles/pico_encoder_test.dir/__/lib/pico-sdk/lib/tinyusb/src/portable/raspberrypi/rp2040/dcd_rp2040.c.obj
                0x10005a90                dcd_edpt_xfer
 .text.dcd_edpt_stall
                0x10005ab4       0x34 CMakeFiles/pico_encoder_test.dir/__/lib/pico-sdk/lib/tinyusb/src/portable/raspberrypi/rp2040/dcd_rp2040.c.obj
                0x10005ab4                dcd_edpt_stall
 .text.dcd_edpt_clear_stall
                0x10005ae8       0x2c CMakeFiles/pico_encoder_test.dir/__/lib/pico-sdk/lib/tinyusb/src/portable/raspberrypi/rp2040/dcd_rp2040.c.obj
                0x10005ae8                dcd_edpt_clear_stall
 .text._hw_endpoint_buffer_control_update32.part.2
                0x10005b14       0x20 CMakeFiles/pico_encoder_test.dir/__/lib/pico-sdk/lib/tinyusb/src/portable/raspberrypi/rp2040/rp2040_usb.c.obj
 .text.rp2040_usb_init
                0x10005b34       0x4c CMakeFiles/pico_encoder_test.dir/__/lib/pico-sdk/lib/tinyusb/src/portable/raspberrypi/rp2040/rp2040_usb.c.obj
                0x10005b34                rp2040_usb_init
 .text.hw_endpoint_reset_transfer
                0x10005b80        0xc CMakeFiles/pico_encoder_test.dir/__/lib/pico-sdk/lib/tinyusb/src/portable/raspberrypi/rp2040/rp2040_usb.c.obj
                0x10005b80                hw_endpoint_reset_transfer
 .text._hw_endpoint_buffer_control_update32
                0x10005b8c       0x40 CMakeFiles/pico_encoder_test.dir/__/lib/pico-sdk/lib/tinyusb/src/portable/raspberrypi/rp2040/rp2040_usb.c.obj
                0x10005b8c                _hw_endpoint_buffer_control_update32
 .text.hw_endpoint_xfer_start
                0x10005bcc      0x138 CMakeFiles/pico_encoder_test.dir/__/lib/pico-sdk/lib/tinyusb/src/portable/raspberrypi/rp2040/rp2040_usb.c.obj
                0x10005bcc                hw_endpoint_xfer_start
 .text.hw_endpoint_xfer_continue
                0x10005d04      0x1e0 CMakeFiles/pico_encoder_test.dir/__/lib/pico-sdk/lib/tinyusb/src/portable/raspberrypi/rp2040/rp2040_usb.c.obj
                0x10005d04                hw_endpoint_xfer_continue
 .text.tud_mounted
                0x10005ee4       0x10 CMakeFiles/pico_encoder_test.dir/__/lib/pico-sdk/lib/tinyusb/src/device/usbd.c.obj
                0x10005ee4                tud_mounted
 .text.tud_suspended
                0x10005ef4       0x10 CMakeFiles/pico_encoder_test.dir/__/lib/pico-sdk/lib/tinyusb/src/device/usbd.c.obj
                0x10005ef4                tud_suspended
 .text.tud_inited
                0x10005f04        0xc CMakeFiles/pico_encoder_test.dir/__/lib/pico-sdk/lib/tinyusb/src/device/usbd.c.obj
                0x10005f04                tud_inited
 .text.tud_init
                0x10005f10       0xd4 CMakeFiles/pico_encoder_test.dir/__/lib/pico-sdk/lib/tinyusb/src/device/usbd.c.obj
                0x10005f10                tud_init
 .text.tud_task
                0x10005fe4      0x928 CMakeFiles/pico_encoder_test.dir/__/lib/pico-sdk/lib/tinyusb/src/device/usbd.c.obj
                0x10005fe4                tud_task
 .text.dcd_event_bus_signal
                0x1000690c      0x124 CMakeFiles/pico_encoder_test.dir/__/lib/pico-sdk/lib/tinyusb/src/device/usbd.c.obj
                0x1000690c                dcd_event_bus_signal
 .text.dcd_event_bus_reset
                0x10006a30       0x58 CMakeFiles/pico_encoder_test.dir/__/lib/pico-sdk/lib/tinyusb/src/device/usbd.c.obj
                0x10006a30                dcd_event_bus_reset
 .text.dcd_event_setup_received
                0x10006a88       0x50 CMakeFiles/pico_encoder_test.dir/__/lib/pico-sdk/lib/tinyusb/src/device/usbd.c.obj
                0x10006a88                dcd_event_setup_received
 .text.dcd_event_xfer_complete
                0x10006ad8       0x68 CMakeFiles/pico_encoder_test.dir/__/lib/pico-sdk/lib/tinyusb/src/device/usbd.c.obj
                0x10006ad8                dcd_event_xfer_complete
 .text.usbd_open_edpt_pair
                0x10006b40       0x9c CMakeFiles/pico_encoder_test.dir/__/lib/pico-sdk/lib/tinyusb/src/device/usbd.c.obj
                0x10006b40                usbd_open_edpt_pair
 .text.usbd_edpt_open
                0x10006bdc       0x30 CMakeFiles/pico_encoder_test.dir/__/lib/pico-sdk/lib/tinyusb/src/device/usbd.c.obj
                0x10006bdc                usbd_edpt_open
 .text.usbd_edpt_claim
                0x10006c0c       0x60 CMakeFiles/pico_encoder_test.dir/__/lib/pico-sdk/lib/tinyusb/src/device/usbd.c.obj
                0x10006c0c                usbd_edpt_claim
 .text.usbd_edpt_release
                0x10006c6c       0x4c CMakeFiles/pico_encoder_test.dir/__/lib/pico-sdk/lib/tinyusb/src/device/usbd.c.obj
                0x10006c6c                usbd_edpt_release
 .text.usbd_edpt_xfer
                0x10006cb8       0x48 CMakeFiles/pico_encoder_test.dir/__/lib/pico-sdk/lib/tinyusb/src/device/usbd.c.obj
                0x10006cb8                usbd_edpt_xfer
 .text.tud_control_status
                0x10006d00       0x30 CMakeFiles/pico_encoder_test.dir/__/lib/pico-sdk/lib/tinyusb/src/device/usbd_control.c.obj
                0x10006d00                tud_control_status
 .text.tud_control_xfer
                0x10006d30       0xb4 CMakeFiles/pico_encoder_test.dir/__/lib/pico-sdk/lib/tinyusb/src/device/usbd_control.c.obj
                0x10006d30                tud_control_xfer
 .text.usbd_control_reset
                0x10006de4       0x14 CMakeFiles/pico_encoder_test.dir/__/lib/pico-sdk/lib/tinyusb/src/device/usbd_control.c.obj
                0x10006de4                usbd_control_reset
 .text.usbd_control_set_complete_callback
                0x10006df8        0xc CMakeFiles/pico_encoder_test.dir/__/lib/pico-sdk/lib/tinyusb/src/device/usbd_control.c.obj
                0x10006df8                usbd_control_set_complete_callback
 .text.usbd_control_set_request
                0x10006e04       0x1c CMakeFiles/pico_encoder_test.dir/__/lib/pico-sdk/lib/tinyusb/src/device/usbd_control.c.obj
                0x10006e04                usbd_control_set_request
 .text.usbd_control_xfer_cb
                0x10006e20       0xfc CMakeFiles/pico_encoder_test.dir/__/lib/pico-sdk/lib/tinyusb/src/device/usbd_control.c.obj
                0x10006e20                usbd_control_xfer_cb
 .text.tud_cdc_n_connected
                0x10006f1c       0x30 CMakeFiles/pico_encoder_test.dir/__/lib/pico-sdk/lib/tinyusb/src/class/cdc/cdc_device.c.obj
                0x10006f1c                tud_cdc_n_connected
 .text.tud_cdc_n_available
                0x10006f4c       0x18 CMakeFiles/pico_encoder_test.dir/__/lib/pico-sdk/lib/tinyusb/src/class/cdc/cdc_device.c.obj
                0x10006f4c                tud_cdc_n_available
 .text.tud_cdc_n_read
                0x10006f64       0x70 CMakeFiles/pico_encoder_test.dir/__/lib/pico-sdk/lib/tinyusb/src/class/cdc/cdc_device.c.obj
                0x10006f64                tud_cdc_n_read
 .text.tud_cdc_n_write_flush
                0x10006fd4       0x78 CMakeFiles/pico_encoder_test.dir/__/lib/pico-sdk/lib/tinyusb/src/class/cdc/cdc_device.c.obj
                0x10006fd4                tud_cdc_n_write_flush
 .text.tud_cdc_n_write
                0x1000704c       0x34 CMakeFiles/pico_encoder_test.dir/__/lib/pico-sdk/lib/tinyusb/src/class/cdc/cdc_device.c.obj
                0x1000704c                tud_cdc_n_write
 .text.tud_cdc_n_write_available
                0x10007080       0x18 CMakeFiles/pico_encoder_test.dir/__/lib/pico-sdk/lib/tinyusb/src/class/cdc/cdc_device.c.obj
                0x10007080                tud_cdc_n_write_available
 .text.cdcd_init
                0x10007098      0x118 CMakeFiles/pico_encoder_test.dir/__/lib/pico-sdk/lib/tinyusb/src/class/cdc/cdc_device.c.obj
                0x10007098                cdcd_init
 .text.cdcd_reset
                0x100071b0       0x5c CMakeFiles/pico_encoder_test.dir/__/lib/pico-sdk/lib/tinyusb/src/class/cdc/cdc_device.c.obj
                0x100071b0                cdcd_reset
 .text.cdcd_open
                0x1000720c      0x140 CMakeFiles/pico_encoder_test.dir/__/lib/pico-sdk/lib/tinyusb/src/class/cdc/cdc_device.c.obj
                0x1000720c                cdcd_open
 .text.cdcd_control_xfer_cb
                0x1000734c       0xf4 CMakeFiles/pico_encoder_test.dir/__/lib/pico-sdk/lib/tinyusb/src/class/cdc/cdc_device.c.obj
                0x1000734c                cdcd_control_xfer_cb
 .text.cdcd_xfer_cb
                0x10007440      0x180 CMakeFiles/pico_encoder_test.dir/__/lib/pico-sdk/lib/tinyusb/src/class/cdc/cdc_device.c.obj
                0x10007440                cdcd_xfer_cb
 .text.tusb_init
                0x100075c0        0xc CMakeFiles/pico_encoder_test.dir/__/lib/pico-sdk/lib/tinyusb/src/tusb.c.obj
                0x100075c0                tusb_init
 .text.tusb_inited
                0x100075cc        0x8 CMakeFiles/pico_encoder_test.dir/__/lib/pico-sdk/lib/tinyusb/src/tusb.c.obj
                0x100075cc                tusb_inited
 .text.tu_edpt_validate
                0x100075d4       0x74 CMakeFiles/pico_encoder_test.dir/__/lib/pico-sdk/lib/tinyusb/src/tusb.c.obj
                0x100075d4                tu_edpt_validate
 .text.tu_edpt_bind_driver
                0x10007648       0x2c CMakeFiles/pico_encoder_test.dir/__/lib/pico-sdk/lib/tinyusb/src/tusb.c.obj
                0x10007648                tu_edpt_bind_driver
 .text.tu_fifo_config
                0x10007674       0x78 CMakeFiles/pico_encoder_test.dir/__/lib/pico-sdk/lib/tinyusb/src/common/tusb_fifo.c.obj
                0x10007674                tu_fifo_config
 .text.tu_fifo_count
                0x100076ec       0x24 CMakeFiles/pico_encoder_test.dir/__/lib/pico-sdk/lib/tinyusb/src/common/tusb_fifo.c.obj
                0x100076ec                tu_fifo_count
 .text.tu_fifo_empty
                0x10007710       0x10 CMakeFiles/pico_encoder_test.dir/__/lib/pico-sdk/lib/tinyusb/src/common/tusb_fifo.c.obj
                0x10007710                tu_fifo_empty
 .text.tu_fifo_remaining
                0x10007720       0x20 CMakeFiles/pico_encoder_test.dir/__/lib/pico-sdk/lib/tinyusb/src/common/tusb_fifo.c.obj
                0x10007720                tu_fifo_remaining
 .text.tu_fifo_read
                0x10007740       0xa0 CMakeFiles/pico_encoder_test.dir/__/lib/pico-sdk/lib/tinyusb/src/common/tusb_fifo.c.obj
                0x10007740                tu_fifo_read
 .text.tu_fifo_read_n
                0x100077e0       0xf8 CMakeFiles/pico_encoder_test.dir/__/lib/pico-sdk/lib/tinyusb/src/common/tusb_fifo.c.obj
                0x100077e0                tu_fifo_read_n
 .text.tu_fifo_write
                0x100078d8       0x80 CMakeFiles/pico_encoder_test.dir/__/lib/pico-sdk/lib/tinyusb/src/common/tusb_fifo.c.obj
                0x100078d8                tu_fifo_write
 .text.tu_fifo_write_n
                0x10007958       0xfc CMakeFiles/pico_encoder_test.dir/__/lib/pico-sdk/lib/tinyusb/src/common/tusb_fifo.c.obj
                0x10007958                tu_fifo_write_n
 .text.tu_fifo_clear
                0x10007a54       0x4c CMakeFiles/pico_encoder_test.dir/__/lib/pico-sdk/lib/tinyusb/src/common/tusb_fifo.c.obj
                0x10007a54                tu_fifo_clear
 .text.tu_fifo_set_overwritable
                0x10007aa0       0x3c CMakeFiles/pico_encoder_test.dir/__/lib/pico-sdk/lib/tinyusb/src/common/tusb_fifo.c.obj
                0x10007aa0                tu_fifo_set_overwritable
 .text.startup._retrieve_unique_id_on_boot
                0x10007adc       0x10 CMakeFiles/pico_encoder_test.dir/__/lib/pico-sdk/src/rp2_common/pico_unique_id/unique_id.c.obj
 .text.pico_get_unique_board_id_string
                0x10007aec      0x1cc CMakeFiles/pico_encoder_test.dir/__/lib/pico-sdk/src/rp2_common/pico_unique_id/unique_id.c.obj
                0x10007aec                pico_get_unique_board_id_string
 .text.flash_get_unique_id
                0x10007cb8       0x3c CMakeFiles/pico_encoder_test.dir/__/lib/pico-sdk/src/rp2_common/hardware_flash/flash.c.obj
                0x10007cb8                flash_get_unique_id
 .text.pio_claim_unused_sm
                0x10007cf4       0x3c CMakeFiles/pico_encoder_test.dir/__/lib/pico-sdk/src/rp2_common/hardware_pio/pio.c.obj
                0x10007cf4                pio_claim_unused_sm
 .text.pio_sm_is_claimed
                0x10007d30       0x20 CMakeFiles/pico_encoder_test.dir/__/lib/pico-sdk/src/rp2_common/hardware_pio/pio.c.obj
                0x10007d30                pio_sm_is_claimed
 .text.pio_add_program
                0x10007d50       0xc8 CMakeFiles/pico_encoder_test.dir/__/lib/pico-sdk/src/rp2_common/hardware_pio/pio.c.obj
                0x10007d50                pio_add_program
 .text.pio_sm_set_consecutive_pindirs
                0x10007e18       0x88 CMakeFiles/pico_encoder_test.dir/__/lib/pico-sdk/src/rp2_common/hardware_pio/pio.c.obj
                0x10007e18                pio_sm_set_consecutive_pindirs
 .text.pio_sm_init
                0x10007ea0       0x90 CMakeFiles/pico_encoder_test.dir/__/lib/pico-sdk/src/rp2_common/hardware_pio/pio.c.obj
                0x10007ea0                pio_sm_init
 .text.rc_motor_set
                0x10007f30      0x11c ../rc/librclib.a(motor.c.obj)
                0x10007f30                rc_motor_set
 .text.rc_motor_init
                0x1000804c      0x134 ../rc/librclib.a(motor.c.obj)
                0x1000804c                rc_motor_init
 .text.rc_encoder_init
                0x10008180      0x340 ../rc/librclib.a(encoder.c.obj)
                0x10008180                rc_encoder_init
 .text.rc_encoder_read_delta
                0x100084c0       0xb0 ../rc/librclib.a(encoder.c.obj)
                0x100084c0                rc_encoder_read_delta
 .text.rc_encoder_read_count
                0x10008570       0x60 ../rc/librclib.a(encoder.c.obj)
                0x10008570                rc_encoder_read_count
 .text.rc_encoder_write
                0x100085d0       0x54 ../rc/librclib.a(encoder.c.obj)
                0x100085d0                rc_encoder_write
 .text          0x10008624       0x90 /usr/lib/gcc/arm-none-eabi/8.3.1/../../../arm-none-eabi/lib/thumb/v6-m/nofp/libc.a(lib_a-fwrite.o)
                0x10008624                _fwrite_r
                0x10008694                fwrite
 .text          0x100086b4      0x58c /usr/lib/gcc/arm-none-eabi/8.3.1/../../../arm-none-eabi/lib/thumb/v6-m/nofp/libc.a(lib_a-mallocr.o)
                0x100086b4                _malloc_r
 .text          0x10008c40        0x8 /usr/lib/gcc/arm-none-eabi/8.3.1/../../../arm-none-eabi/lib/thumb/v6-m/nofp/libc.a(lib_a-mlock.o)
                0x10008c40                __malloc_lock
                0x10008c44                __malloc_unlock
 .text          0x10008c48      0x35c /usr/lib/gcc/arm-none-eabi/8.3.1/../../../arm-none-eabi/lib/thumb/v6-m/nofp/libc.a(lib_a-reallocr.o)
                0x10008c48                _realloc_r
 .text          0x10008fa4       0x24 /usr/lib/gcc/arm-none-eabi/8.3.1/../../../arm-none-eabi/lib/thumb/v6-m/nofp/libc.a(lib_a-sbrkr.o)
                0x10008fa4                _sbrk_r
 .text          0x10008fc8       0x68 /usr/lib/gcc/arm-none-eabi/8.3.1/../../../arm-none-eabi/lib/thumb/v6-m/nofp/libc.a(lib_a-strlen-stub.o)
                0x10008fc8                strlen
 .text          0x10009030      0x220 /usr/lib/gcc/arm-none-eabi/8.3.1/../../../arm-none-eabi/lib/thumb/v6-m/nofp/libc.a(lib_a-findfp.o)
                0x10009034                _cleanup_r
                0x10009130                __sfmoreglue
                0x10009160                __sfp
                0x100091e8                _cleanup
                0x10009200                __sinit
                0x10009210                __sfp_lock_acquire
                0x10009214                __sfp_lock_release
                0x10009218                __sinit_lock_acquire
                0x1000921c                __sinit_lock_release
                0x10009220                __fp_lock_all
                0x10009238                __fp_unlock_all
 .text          0x10009250      0x27c /usr/lib/gcc/arm-none-eabi/8.3.1/../../../arm-none-eabi/lib/thumb/v6-m/nofp/libc.a(lib_a-freer.o)
                0x10009250                _malloc_trim_r
                0x100092f0                _free_r
 .text          0x100094cc      0x320 /usr/lib/gcc/arm-none-eabi/8.3.1/../../../arm-none-eabi/lib/thumb/v6-m/nofp/libc.a(lib_a-fvwrite.o)
                0x100094cc                __sfvwrite_r
 .text          0x100097ec       0x90 /usr/lib/gcc/arm-none-eabi/8.3.1/../../../arm-none-eabi/lib/thumb/v6-m/nofp/libc.a(lib_a-fwalk.o)
                0x100097ec                _fwalk
                0x10009830                _fwalk_reent
 .text          0x1000987c       0xa4 /usr/lib/gcc/arm-none-eabi/8.3.1/../../../arm-none-eabi/lib/thumb/v6-m/nofp/libc.a(lib_a-stdio.o)
                0x1000987c                __sread
                0x100098a4                __seofread
                0x100098a8                __swrite
                0x100098e8                __sseek
                0x10009914                __sclose
 .text          0x10009920       0x28 /usr/lib/gcc/arm-none-eabi/8.3.1/../../../arm-none-eabi/lib/thumb/v6-m/nofp/libc.a(lib_a-writer.o)
                0x10009920                _write_r
 .text          0x10009948       0xdc /usr/lib/gcc/arm-none-eabi/8.3.1/../../../arm-none-eabi/lib/thumb/v6-m/nofp/libc.a(lib_a-wsetup.o)
                0x10009948                __swsetup_r
 .text          0x10009a24       0x24 /usr/lib/gcc/arm-none-eabi/8.3.1/../../../arm-none-eabi/lib/thumb/v6-m/nofp/libc.a(lib_a-closer.o)
                0x10009a24                _close_r
 .text          0x10009a48       0xac /usr/lib/gcc/arm-none-eabi/8.3.1/../../../arm-none-eabi/lib/thumb/v6-m/nofp/libc.a(lib_a-fclose.o)
                0x10009a48                _fclose_r
                0x10009ae0                fclose
 .text          0x10009af4      0x1b4 /usr/lib/gcc/arm-none-eabi/8.3.1/../../../arm-none-eabi/lib/thumb/v6-m/nofp/libc.a(lib_a-fflush.o)
                0x10009af4                __sflush_r
                0x10009c54                _fflush_r
                0x10009c80                fflush
 .text          0x10009ca8       0x28 /usr/lib/gcc/arm-none-eabi/8.3.1/../../../arm-none-eabi/lib/thumb/v6-m/nofp/libc.a(lib_a-lseekr.o)
                0x10009ca8                _lseek_r
 .text          0x10009cd0       0xf0 /usr/lib/gcc/arm-none-eabi/8.3.1/../../../arm-none-eabi/lib/thumb/v6-m/nofp/libc.a(lib_a-makebuf.o)
                0x10009cd0                __swhatbuf_r
                0x10009d30                __smakebuf_r
 .text          0x10009dc0       0x28 /usr/lib/gcc/arm-none-eabi/8.3.1/../../../arm-none-eabi/lib/thumb/v6-m/nofp/libc.a(lib_a-readr.o)
                0x10009dc0                _read_r
 .text          0x10009de8       0x28 /usr/lib/gcc/arm-none-eabi/8.3.1/../../../arm-none-eabi/lib/thumb/v6-m/nofp/libc.a(lib_a-fstatr.o)
                0x10009de8                _fstat_r
 .text          0x10009e10       0x24 /usr/lib/gcc/arm-none-eabi/8.3.1/../../../arm-none-eabi/lib/thumb/v6-m/nofp/libc.a(lib_a-isattyr.o)
                0x10009e10                _isatty_r
 .text          0x10009e34       0x10 /usr/lib/gcc/arm-none-eabi/8.3.1/../../../arm-none-eabi/lib/thumb/v6-m/nofp/libnosys.a(close.o)
                0x10009e34                _close
 .text          0x10009e44       0x10 /usr/lib/gcc/arm-none-eabi/8.3.1/../../../arm-none-eabi/lib/thumb/v6-m/nofp/libnosys.a(fstat.o)
                0x10009e44                _fstat
 .text          0x10009e54       0x10 /usr/lib/gcc/arm-none-eabi/8.3.1/../../../arm-none-eabi/lib/thumb/v6-m/nofp/libnosys.a(isatty.o)
                0x10009e54                _isatty
 .text          0x10009e64       0x10 /usr/lib/gcc/arm-none-eabi/8.3.1/../../../arm-none-eabi/lib/thumb/v6-m/nofp/libnosys.a(lseek.o)
                0x10009e64                _lseek
 *(.fini)
 .fini          0x10009e74        0x4 /usr/lib/gcc/arm-none-eabi/8.3.1/thumb/v6-m/nofp/crti.o
                0x10009e74                _fini
 .fini.__stub   0x10009e78       0x90 linker stubs
 *crtbegin.o(.ctors)
 *crtbegin?.o(.ctors)
 *(EXCLUDE_FILE(*crtend.o *crtend?.o) .ctors)
 *(SORT_BY_NAME(.ctors.*))
 *(.ctors)
 *crtbegin.o(.dtors)
 *crtbegin?.o(.dtors)
 *(EXCLUDE_FILE(*crtend.o *crtend?.o) .dtors)
 *(SORT_BY_NAME(.dtors.*))
 *(.dtors)
 *(.eh_frame*)
 .eh_frame      0x10009f08        0x0 /usr/lib/gcc/arm-none-eabi/8.3.1/thumb/v6-m/nofp/crtbegin.o
                0x10009f08                . = ALIGN (0x4)

.glue_7         0x10009f08        0x0
 .glue_7        0x10009f08        0x0 linker stubs

.glue_7t        0x10009f08        0x0
 .glue_7t       0x10009f08        0x0 linker stubs

.vfp11_veneer   0x10009f08        0x0
 .vfp11_veneer  0x10009f08        0x0 linker stubs

.v4_bx          0x10009f08        0x0
 .v4_bx         0x10009f08        0x0 linker stubs

.iplt           0x10009f08        0x0
 .iplt          0x10009f08        0x0 /usr/lib/gcc/arm-none-eabi/8.3.1/thumb/v6-m/nofp/crtbegin.o

.rodata         0x10009f08      0x674
 *(EXCLUDE_FILE(*libm.a: *libc.a:*lib_a-mem*.o *libgcc.a:) .rodata*)
 .rodata.main.str1.4
                0x10009f08       0x6a CMakeFiles/pico_encoder_test.dir/pico_encoder_test.c.obj
 *fill*         0x10009f72        0x2 
 .rodata.spin_lock_claim_unused.str1.4
                0x10009f74       0x1b CMakeFiles/pico_encoder_test.dir/__/lib/pico-sdk/src/rp2_common/hardware_sync/sync.c.obj
 *fill*         0x10009f8f        0x1 
 .rodata.user_irq_claim_unused.str1.4
                0x10009f90       0x1b CMakeFiles/pico_encoder_test.dir/__/lib/pico-sdk/src/rp2_common/hardware_irq/irq.c.obj
 *fill*         0x10009fab        0x5 
 .rodata.at_the_end_of_time
                0x10009fb0        0x8 CMakeFiles/pico_encoder_test.dir/__/lib/pico-sdk/src/common/pico_time/time.c.obj
                0x10009fb0                at_the_end_of_time
 .rodata.hardware_alarm_claim.str1.4
                0x10009fb8       0x22 CMakeFiles/pico_encoder_test.dir/__/lib/pico-sdk/src/rp2_common/hardware_timer/timer.c.obj
 *fill*         0x10009fda        0x2 
 .rodata.hard_assertion_failure.str1.4
                0x10009fdc        0xc CMakeFiles/pico_encoder_test.dir/__/lib/pico-sdk/src/rp2_common/pico_runtime/runtime.c.obj
 .rodata.panic.str1.4
                0x10009fe8       0x10 CMakeFiles/pico_encoder_test.dir/__/lib/pico-sdk/src/rp2_common/pico_runtime/runtime.c.obj
                                 0x12 (size before relaxing)
 .rodata._vsnprintf
                0x10009ff8      0x1e0 CMakeFiles/pico_encoder_test.dir/__/lib/pico-sdk/src/rp2_common/pico_printf/printf.c.obj
 .rodata._ftoa.str1.4
                0x1000a1d8       0x15 CMakeFiles/pico_encoder_test.dir/__/lib/pico-sdk/src/rp2_common/pico_printf/printf.c.obj
 *fill*         0x1000a1ed        0x3 
 .rodata.pow10.5494
                0x1000a1f0       0x50 CMakeFiles/pico_encoder_test.dir/__/lib/pico-sdk/src/rp2_common/pico_printf/printf.c.obj
 .rodata.__bi_44
                0x1000a240        0xc CMakeFiles/pico_encoder_test.dir/__/lib/pico-sdk/src/rp2_common/pico_standard_link/binary_info.c.obj
 .rodata.__bi_75
                0x1000a24c        0xc CMakeFiles/pico_encoder_test.dir/__/lib/pico-sdk/src/rp2_common/pico_standard_link/binary_info.c.obj
 .rodata.__bi_81
                0x1000a258        0xc CMakeFiles/pico_encoder_test.dir/__/lib/pico-sdk/src/rp2_common/pico_standard_link/binary_info.c.obj
 .rodata.str1.4
                0x1000a264       0x48 CMakeFiles/pico_encoder_test.dir/__/lib/pico-sdk/src/rp2_common/pico_standard_link/binary_info.c.obj
 .rodata.crlf_str.5971
                0x1000a2ac        0x2 CMakeFiles/pico_encoder_test.dir/__/lib/pico-sdk/src/rp2_common/pico_stdio/stdio.c.obj
 *fill*         0x1000a2ae        0x2 
 .rodata._resetd_driver
                0x1000a2b0       0x18 CMakeFiles/pico_encoder_test.dir/__/lib/pico-sdk/src/rp2_common/pico_stdio_usb/reset_interface.c.obj
 .rodata.__bi_167.7287
                0x1000a2c8        0xc CMakeFiles/pico_encoder_test.dir/__/lib/pico-sdk/src/rp2_common/pico_stdio_usb/stdio_usb.c.obj
 .rodata.str1.4
                0x1000a2d4       0x13 CMakeFiles/pico_encoder_test.dir/__/lib/pico-sdk/src/rp2_common/pico_stdio_usb/stdio_usb.c.obj
 *fill*         0x1000a2e7        0x1 
 .rodata.str1.4
                0x1000a2e8       0x2e CMakeFiles/pico_encoder_test.dir/__/lib/pico-sdk/src/rp2_common/pico_stdio_usb/stdio_usb_descriptors.c.obj
 *fill*         0x1000a316        0x2 
 .rodata.usbd_desc_cfg
                0x1000a318       0x96 CMakeFiles/pico_encoder_test.dir/__/lib/pico-sdk/src/rp2_common/pico_stdio_usb/stdio_usb_descriptors.c.obj
 *fill*         0x1000a3ae        0x2 
 .rodata.usbd_desc_device
                0x1000a3b0       0x12 CMakeFiles/pico_encoder_test.dir/__/lib/pico-sdk/src/rp2_common/pico_stdio_usb/stdio_usb_descriptors.c.obj
 *fill*         0x1000a3c2        0x2 
 .rodata.usbd_desc_str
                0x1000a3c4       0x18 CMakeFiles/pico_encoder_test.dir/__/lib/pico-sdk/src/rp2_common/pico_stdio_usb/stdio_usb_descriptors.c.obj
 .rodata.dcd_rp2040_irq.str1.4
                0x1000a3dc       0x14 CMakeFiles/pico_encoder_test.dir/__/lib/pico-sdk/lib/tinyusb/src/portable/raspberrypi/rp2040/dcd_rp2040.c.obj
 .rodata._hw_endpoint_buffer_control_update32.part.2.str1.4
                0x1000a3f0       0x1f CMakeFiles/pico_encoder_test.dir/__/lib/pico-sdk/lib/tinyusb/src/portable/raspberrypi/rp2040/rp2040_usb.c.obj
 *fill*         0x1000a40f        0x1 
 .rodata.hw_endpoint_xfer_continue.str1.4
                0x1000a410       0x29 CMakeFiles/pico_encoder_test.dir/__/lib/pico-sdk/lib/tinyusb/src/portable/raspberrypi/rp2040/rp2040_usb.c.obj
 *fill*         0x1000a439        0x3 
 .rodata.str1.4
                0x1000a43c        0x7 CMakeFiles/pico_encoder_test.dir/__/lib/pico-sdk/lib/tinyusb/src/portable/raspberrypi/rp2040/rp2040_usb.c.obj
 *fill*         0x1000a443        0x1 
 .rodata.tud_task
                0x1000a444       0x8c CMakeFiles/pico_encoder_test.dir/__/lib/pico-sdk/lib/tinyusb/src/device/usbd.c.obj
 .rodata._usbd_driver
                0x1000a4d0       0x18 CMakeFiles/pico_encoder_test.dir/__/lib/pico-sdk/lib/tinyusb/src/device/usbd.c.obj
 .rodata.pio_add_program.str1.4
                0x1000a4e8       0x11 CMakeFiles/pico_encoder_test.dir/__/lib/pico-sdk/src/rp2_common/hardware_pio/pio.c.obj
 *fill*         0x1000a4f9        0x3 
 .rodata.pio_claim_unused_sm.str1.4
                0x1000a4fc       0x24 CMakeFiles/pico_encoder_test.dir/__/lib/pico-sdk/src/rp2_common/hardware_pio/pio.c.obj
 .rodata.rc_motor_set.str1.4
                0x1000a520       0x12 ../rc/librclib.a(motor.c.obj)
 *fill*         0x1000a532        0x2 
 .rodata.quadrature_encoder_program
                0x1000a534        0x6 ../rc/librclib.a(encoder.c.obj)
 *fill*         0x1000a53a        0x2 
 .rodata.quadrature_encoder_program_instructions
                0x1000a53c       0x3c ../rc/librclib.a(encoder.c.obj)
 .rodata.rc_encoder_read_delta.str1.4
                0x1000a578       0x12 ../rc/librclib.a(encoder.c.obj)
 .rodata        0x1000a578        0x4 /usr/lib/gcc/arm-none-eabi/8.3.1/../../../arm-none-eabi/lib/thumb/v6-m/nofp/libc.a(lib_a-impure.o)
                0x1000a578                _global_impure_ptr
                0x1000a58c                . = ALIGN (0x4)
 *(SORT_BY_ALIGNMENT(SORT_BY_NAME(.flashdata*)))
                0x1000a58c                . = ALIGN (0x4)

.rel.dyn        0x1000a57c        0x0
 .rel.iplt      0x1000a57c        0x0 /usr/lib/gcc/arm-none-eabi/8.3.1/thumb/v6-m/nofp/crtbegin.o

.ARM.extab
 *(.ARM.extab* .gnu.linkonce.armextab.*)
                0x1000a57c                __exidx_start = .

.ARM.exidx
 *(.ARM.exidx* .gnu.linkonce.armexidx.*)
                0x1000a57c                __exidx_end = .
                0x1000a57c                . = ALIGN (0x4)
                0x1000a57c                __binary_info_start = .

.binary_info    0x1000a57c       0x20
 *(.binary_info.keep.*)
 .binary_info.keep.__bi_ptr22
                0x1000a57c        0x4 CMakeFiles/pico_encoder_test.dir/__/lib/pico-sdk/src/rp2_common/pico_standard_link/binary_info.c.obj
 .binary_info.keep.__bi_ptr30
                0x1000a580        0x4 CMakeFiles/pico_encoder_test.dir/__/lib/pico-sdk/src/rp2_common/pico_standard_link/binary_info.c.obj
 .binary_info.keep.__bi_ptr38
                0x1000a584        0x4 CMakeFiles/pico_encoder_test.dir/__/lib/pico-sdk/src/rp2_common/pico_standard_link/binary_info.c.obj
 .binary_info.keep.__bi_ptr44
                0x1000a588        0x4 CMakeFiles/pico_encoder_test.dir/__/lib/pico-sdk/src/rp2_common/pico_standard_link/binary_info.c.obj
 .binary_info.keep.__bi_ptr50
                0x1000a58c        0x4 CMakeFiles/pico_encoder_test.dir/__/lib/pico-sdk/src/rp2_common/pico_standard_link/binary_info.c.obj
 .binary_info.keep.__bi_ptr75
                0x1000a590        0x4 CMakeFiles/pico_encoder_test.dir/__/lib/pico-sdk/src/rp2_common/pico_standard_link/binary_info.c.obj
 .binary_info.keep.__bi_ptr81
                0x1000a594        0x4 CMakeFiles/pico_encoder_test.dir/__/lib/pico-sdk/src/rp2_common/pico_standard_link/binary_info.c.obj
 *(.binary_info.*)
 .binary_info.__bi_ptr167
                0x1000a598        0x4 CMakeFiles/pico_encoder_test.dir/__/lib/pico-sdk/src/rp2_common/pico_stdio_usb/stdio_usb.c.obj
                0x1000a59c                __binary_info_end = .
                0x1000a59c                . = ALIGN (0x4)
                0x1000a59c                __etext = .

.ram_vector_table
                0x20000000       0xc0
 *(.ram_vector_table)
 .ram_vector_table
                0x20000000       0xc0 CMakeFiles/pico_encoder_test.dir/__/lib/pico-sdk/src/rp2_common/pico_runtime/runtime.c.obj
                0x20000000                ram_vector_table

.data           0x200000c0      0xd40 load address 0x1000a59c
                0x200000c0                __data_start__ = .
 *(vtable)
 *(.time_critical*)
 .time_critical.mutex_enter_blocking
                0x200000c0       0x48 CMakeFiles/pico_encoder_test.dir/__/lib/pico-sdk/src/common/pico_sync/mutex.c.obj
                0x200000c0                mutex_enter_blocking
 .time_critical.mutex_try_enter
                0x20000108       0x48 CMakeFiles/pico_encoder_test.dir/__/lib/pico-sdk/src/common/pico_sync/mutex.c.obj
                0x20000108                mutex_try_enter
 .time_critical.mutex_enter_timeout_ms
                0x20000150       0x98 CMakeFiles/pico_encoder_test.dir/__/lib/pico-sdk/src/common/pico_sync/mutex.c.obj
                0x20000150                mutex_enter_timeout_ms
 .time_critical.mutex_exit
                0x200001e8       0x28 CMakeFiles/pico_encoder_test.dir/__/lib/pico-sdk/src/common/pico_sync/mutex.c.obj
                0x200001e8                mutex_exit
 .time_critical.flash_init_boot2_copyout
                0x20000210       0x30 CMakeFiles/pico_encoder_test.dir/__/lib/pico-sdk/src/rp2_common/hardware_flash/flash.c.obj
 .time_critical.flash_enable_xip_via_boot2
                0x20000240       0x10 CMakeFiles/pico_encoder_test.dir/__/lib/pico-sdk/src/rp2_common/hardware_flash/flash.c.obj
 .time_critical.flash_cs_force
                0x20000250       0x38 CMakeFiles/pico_encoder_test.dir/__/lib/pico-sdk/src/rp2_common/hardware_flash/flash.c.obj
 .time_critical.flash_do_cmd
                0x20000288       0xb4 CMakeFiles/pico_encoder_test.dir/__/lib/pico-sdk/src/rp2_common/hardware_flash/flash.c.obj
                0x20000288                flash_do_cmd
 *(.text*)
 .text          0x2000033c        0x4 /usr/lib/gcc/arm-none-eabi/8.3.1/thumb/v6-m/nofp/libgcc.a(_dvmd_tls.o)
                0x2000033c                __aeabi_ldiv0
                0x2000033c                __aeabi_idiv0
 .text          0x20000340       0x80 /usr/lib/gcc/arm-none-eabi/8.3.1/../../../arm-none-eabi/lib/thumb/v6-m/nofp/libc.a(lib_a-memchr-stub.o)
                0x20000340                memchr
 .text          0x200003c0       0xbc /usr/lib/gcc/arm-none-eabi/8.3.1/../../../arm-none-eabi/lib/thumb/v6-m/nofp/libc.a(lib_a-memmove.o)
                0x200003c0                memmove
 *fill*         0x2000047c        0x4 
 .text.__stub   0x20000480       0x30 linker stubs
                0x200004b0                . = ALIGN (0x4)
 *(.rodata*)
                0x200004b0                . = ALIGN (0x4)
 *(.data*)
 .data.striped_spin_lock_num
                0x200004b0        0x1 CMakeFiles/pico_encoder_test.dir/__/lib/pico-sdk/src/rp2_common/hardware_sync/sync.c.obj
 *fill*         0x200004b1        0x3 
 .data          0x200004b4       0x48 CMakeFiles/pico_encoder_test.dir/__/lib/pico-sdk/src/rp2_common/hardware_irq/irq_handler_chain.S.obj
                0x200004b4                irq_handler_chain_slots
                0x200004e4                irq_handler_chain_first_slot
                0x200004ee                irq_handler_chain_remove_tail
 .data.default_alarm_pool
                0x200004fc       0x18 CMakeFiles/pico_encoder_test.dir/__/lib/pico-sdk/src/common/pico_time/time.c.obj
 .data.default_alarm_pool_heap
                0x20000514       0x10 CMakeFiles/pico_encoder_test.dir/__/lib/pico-sdk/src/common/pico_time/time.c.obj
 *fill*         0x20000524        0xc 
 .data.aeabi_bits_funcs
                0x20000530       0x10 CMakeFiles/pico_encoder_test.dir/__/lib/pico-sdk/src/rp2_common/pico_bit_ops/bit_ops_aeabi.S.obj
                0x20000530                aeabi_bits_funcs
                0x20000540                aeabi_bits_funcs_end
 .data.aeabi_mem_funcs
                0x20000540       0x10 CMakeFiles/pico_encoder_test.dir/__/lib/pico-sdk/src/rp2_common/pico_mem_ops/mem_ops_aeabi.S.obj
                0x20000540                aeabi_mem_funcs
                0x20000550                aeabi_mem_funcs_end
 .data.stdio_usb
                0x20000550       0x14 CMakeFiles/pico_encoder_test.dir/__/lib/pico-sdk/src/rp2_common/pico_stdio_usb/stdio_usb.c.obj
                0x20000550                stdio_usb
 .data.ep_dir_string
                0x20000564        0x8 CMakeFiles/pico_encoder_test.dir/__/lib/pico-sdk/lib/tinyusb/src/portable/raspberrypi/rp2040/rp2040_usb.c.obj
                0x20000564                ep_dir_string
 .data._usbd_qdef
                0x2000056c       0x24 CMakeFiles/pico_encoder_test.dir/__/lib/pico-sdk/lib/tinyusb/src/device/usbd.c.obj
                0x2000056c                _usbd_qdef
 .data.FREQ     0x20000590        0x4 ../rc/librclib.a(motor.c.obj)
                0x20000590                FREQ
 *fill*         0x20000594        0x4 
 .data          0x20000598      0x430 /usr/lib/gcc/arm-none-eabi/8.3.1/../../../arm-none-eabi/lib/thumb/v6-m/nofp/libc.a(lib_a-impure.o)
                0x20000598                _impure_ptr
 .data          0x200009c8      0x410 /usr/lib/gcc/arm-none-eabi/8.3.1/../../../arm-none-eabi/lib/thumb/v6-m/nofp/libc.a(lib_a-mallocr.o)
                0x200009c8                __malloc_sbrk_base
                0x200009cc                __malloc_trim_threshold
                0x200009d0                __malloc_av_
                0x20000dd8                . = ALIGN (0x4)
 *(.after_data.*)
                0x20000dd8                . = ALIGN (0x4)
                0x20000dd8                PROVIDE (__mutex_array_start = .)
 *(SORT_BY_NAME(.mutex_array.*))
 *(.mutex_array)
 .mutex_array   0x20000dd8        0x8 CMakeFiles/pico_encoder_test.dir/__/lib/pico-sdk/src/rp2_common/pico_malloc/pico_malloc.c.obj
 .mutex_array   0x20000de0        0x8 CMakeFiles/pico_encoder_test.dir/__/lib/pico-sdk/src/rp2_common/pico_stdio/stdio.c.obj
                0x20000de8                PROVIDE (__mutex_array_end = .)
                0x20000de8                . = ALIGN (0x4)
                0x20000de8                PROVIDE (__preinit_array_start = .)
 *(SORT_BY_NAME(.preinit_array.*))
 .preinit_array.00001
                0x20000de8        0x4 CMakeFiles/pico_encoder_test.dir/__/lib/pico-sdk/src/rp2_common/pico_mem_ops/mem_ops_aeabi.S.obj
 .preinit_array.00010
                0x20000dec        0x4 CMakeFiles/pico_encoder_test.dir/__/lib/pico-sdk/src/rp2_common/pico_bit_ops/bit_ops_aeabi.S.obj
 .preinit_array.00020
                0x20000df0        0x4 CMakeFiles/pico_encoder_test.dir/__/lib/pico-sdk/src/rp2_common/pico_double/double_aeabi.S.obj
 .preinit_array.00020
                0x20000df4        0x4 CMakeFiles/pico_encoder_test.dir/__/lib/pico-sdk/src/rp2_common/pico_float/float_aeabi.S.obj
 *(.preinit_array)
                0x20000df8                PROVIDE (__preinit_array_end = .)
                0x20000df8                . = ALIGN (0x4)
                0x20000df8                PROVIDE (__init_array_start = .)
 *(SORT_BY_NAME(.init_array.*))
 *(.init_array)
 .init_array    0x20000df8        0x4 /usr/lib/gcc/arm-none-eabi/8.3.1/thumb/v6-m/nofp/crtbegin.o
 .init_array    0x20000dfc        0x4 CMakeFiles/pico_encoder_test.dir/__/lib/pico-sdk/src/rp2_common/pico_unique_id/unique_id.c.obj
                0x20000e00                PROVIDE (__init_array_end = .)
                0x20000e00                . = ALIGN (0x4)
                0x20000e00                PROVIDE (__fini_array_start = .)
 *(SORT_BY_NAME(.fini_array.*))
 *(.fini_array)
                0x20000e00                PROVIDE (__fini_array_end = .)
 *(.jcr)
                0x20000e00                . = ALIGN (0x4)
                0x20000e00                __data_end__ = .

.tm_clone_table
                0x20000e00        0x0 load address 0x1000b2dc
 .tm_clone_table
                0x20000e00        0x0 /usr/lib/gcc/arm-none-eabi/8.3.1/thumb/v6-m/nofp/crtbegin.o
 .tm_clone_table
                0x20000e00        0x0 /usr/lib/gcc/arm-none-eabi/8.3.1/thumb/v6-m/nofp/crtend.o

.igot.plt       0x20000e00        0x0 load address 0x1000b2dc
 .igot.plt      0x20000e00        0x0 /usr/lib/gcc/arm-none-eabi/8.3.1/thumb/v6-m/nofp/crtbegin.o

.uninitialized_data
                0x20000e00        0x0 load address 0x1000b2dc
                0x20000e00                . = ALIGN (0x4)
 *(.uninitialized_data*)

.scratch_x      0x20040000        0x0 load address 0x1000b2dc
                0x20040000                __scratch_x_start__ = .
 *(.scratch_x.*)
                0x20040000                . = ALIGN (0x4)
                0x20040000                __scratch_x_end__ = .
                0x1000b2dc                __scratch_x_source__ = LOADADDR (.scratch_x)

.scratch_y      0x20041000        0x0 load address 0x1000b2dc
                0x20041000                __scratch_y_start__ = .
 *(.scratch_y.*)
                0x20041000                . = ALIGN (0x4)
                0x20041000                __scratch_y_end__ = .
                0x1000b2dc                __scratch_y_source__ = LOADADDR (.scratch_y)

.bss            0x20000e00     0x10cc
                0x20000e00                . = ALIGN (0x4)
                0x20000e00                __bss_start__ = .
 *(SORT_BY_ALIGNMENT(SORT_BY_NAME(.bss*)))
 .bss.default_alarm_pool_entries
                0x20000e00      0x100 CMakeFiles/pico_encoder_test.dir/__/lib/pico-sdk/src/common/pico_time/time.c.obj
 .bss.last_avail_time.7244
                0x20000f00        0x8 CMakeFiles/pico_encoder_test.dir/__/lib/pico-sdk/src/rp2_common/pico_stdio_usb/stdio_usb.c.obj
 .bss           0x20000f08       0x1c /usr/lib/gcc/arm-none-eabi/8.3.1/thumb/v6-m/nofp/crtbegin.o
 .bss           0x20000f24       0x34 /usr/lib/gcc/arm-none-eabi/8.3.1/../../../arm-none-eabi/lib/thumb/v6-m/nofp/libc.a(lib_a-mallocr.o)
                0x20000f24                __malloc_top_pad
                0x20000f28                __malloc_current_mallinfo
                0x20000f50                __malloc_max_sbrked_mem
                0x20000f54                __malloc_max_total_mem
 .bss._app_driver
                0x20000f58        0x4 CMakeFiles/pico_encoder_test.dir/__/lib/pico-sdk/lib/tinyusb/src/device/usbd.c.obj
 .bss._cdcd_itf
                0x20000f5c      0x5b0 CMakeFiles/pico_encoder_test.dir/__/lib/pico-sdk/lib/tinyusb/src/class/cdc/cdc_device.c.obj
 .bss._ctrl_xfer
                0x2000150c       0x14 CMakeFiles/pico_encoder_test.dir/__/lib/pico-sdk/lib/tinyusb/src/device/usbd_control.c.obj
 .bss._ubsd_mutexdef
                0x20001520        0x8 CMakeFiles/pico_encoder_test.dir/__/lib/pico-sdk/lib/tinyusb/src/device/usbd.c.obj
 .bss._usbd_ctrl_buf
                0x20001528       0x40 CMakeFiles/pico_encoder_test.dir/__/lib/pico-sdk/lib/tinyusb/src/device/usbd_control.c.obj
 .bss._usbd_dev
                0x20001568       0x53 CMakeFiles/pico_encoder_test.dir/__/lib/pico-sdk/lib/tinyusb/src/device/usbd.c.obj
 *fill*         0x200015bb        0x1 
 .bss._usbd_mutex
                0x200015bc        0x4 CMakeFiles/pico_encoder_test.dir/__/lib/pico-sdk/lib/tinyusb/src/device/usbd.c.obj
 .bss._usbd_q   0x200015c0        0x4 CMakeFiles/pico_encoder_test.dir/__/lib/pico-sdk/lib/tinyusb/src/device/usbd.c.obj
 .bss._used_instruction_space
                0x200015c4        0x8 CMakeFiles/pico_encoder_test.dir/__/lib/pico-sdk/src/rp2_common/hardware_pio/pio.c.obj
 .bss.alarm_callbacks
                0x200015cc       0x10 CMakeFiles/pico_encoder_test.dir/__/lib/pico-sdk/src/rp2_common/hardware_timer/timer.c.obj
 .bss.boot2_copyout
                0x200015dc      0x100 CMakeFiles/pico_encoder_test.dir/__/lib/pico-sdk/src/rp2_common/hardware_flash/flash.c.obj
 .bss.claimed   0x200016dc        0x4 CMakeFiles/pico_encoder_test.dir/__/lib/pico-sdk/src/rp2_common/hardware_sync/sync.c.obj
 .bss.configured_freq
                0x200016e0       0x28 CMakeFiles/pico_encoder_test.dir/__/lib/pico-sdk/src/rp2_common/hardware_clocks/clocks.c.obj
 .bss.count     0x20001708       0x10 ../rc/librclib.a(encoder.c.obj)
                0x20001708                count
 .bss.default_alarm_pool_entry_ids_high
                0x20001718       0x10 CMakeFiles/pico_encoder_test.dir/__/lib/pico-sdk/src/common/pico_time/time.c.obj
 .bss.default_alarm_pool_heap_nodes
                0x20001728       0x30 CMakeFiles/pico_encoder_test.dir/__/lib/pico-sdk/src/common/pico_time/time.c.obj
 .bss.desc_str.7129
                0x20001758       0x28 CMakeFiles/pico_encoder_test.dir/__/lib/pico-sdk/src/rp2_common/pico_stdio_usb/stdio_usb_descriptors.c.obj
 .bss.drivers   0x20001780        0x4 CMakeFiles/pico_encoder_test.dir/__/lib/pico-sdk/src/rp2_common/pico_stdio/stdio.c.obj
 .bss.filter    0x20001784        0x4 CMakeFiles/pico_encoder_test.dir/__/lib/pico-sdk/src/rp2_common/pico_stdio/stdio.c.obj
 .bss.heap_end.5915
                0x20001788        0x4 CMakeFiles/pico_encoder_test.dir/__/lib/pico-sdk/src/rp2_common/pico_runtime/runtime.c.obj
 .bss.hw_endpoints
                0x2000178c      0x400 CMakeFiles/pico_encoder_test.dir/__/lib/pico-sdk/lib/tinyusb/src/portable/raspberrypi/rp2040/dcd_rp2040.c.obj
 .bss.lazy_vsnprintf
                0x20001b8c        0x4 CMakeFiles/pico_encoder_test.dir/__/lib/pico-sdk/src/rp2_common/pico_printf/printf.c.obj
 .bss.load_value
                0x20001b90        0x4 CMakeFiles/pico_encoder_test.dir/__/lib/pico-sdk/src/rp2_common/hardware_watchdog/watchdog.c.obj
 .bss.next_buffer_ptr
                0x20001b94        0x4 CMakeFiles/pico_encoder_test.dir/__/lib/pico-sdk/lib/tinyusb/src/portable/raspberrypi/rp2040/dcd_rp2040.c.obj
 .bss.pools     0x20001b98       0x10 CMakeFiles/pico_encoder_test.dir/__/lib/pico-sdk/src/common/pico_time/time.c.obj
 .bss.retrieved_id
                0x20001ba8        0x8 CMakeFiles/pico_encoder_test.dir/__/lib/pico-sdk/src/rp2_common/pico_unique_id/unique_id.c.obj
 .bss.sf_clz_func
                0x20001bb0        0x4 CMakeFiles/pico_encoder_test.dir/__/lib/pico-sdk/src/rp2_common/pico_double/double_init_rom.c.obj
                0x20001bb0                sf_clz_func
 .bss.sleep_notifier
                0x20001bb4        0x4 CMakeFiles/pico_encoder_test.dir/__/lib/pico-sdk/src/common/pico_time/time.c.obj
 .bss.stdio_usb_mutex
                0x20001bb8        0x8 CMakeFiles/pico_encoder_test.dir/__/lib/pico-sdk/src/rp2_common/pico_stdio_usb/stdio_usb.c.obj
 .bss.target_hi
                0x20001bc0       0x10 CMakeFiles/pico_encoder_test.dir/__/lib/pico-sdk/src/rp2_common/hardware_timer/timer.c.obj
 .bss.usbd_serial_str
                0x20001bd0       0x11 CMakeFiles/pico_encoder_test.dir/__/lib/pico-sdk/src/rp2_common/pico_stdio_usb/stdio_usb_descriptors.c.obj
 *fill*         0x20001be1        0x3 
 .bss.user_irq_claimed
                0x20001be4        0x2 CMakeFiles/pico_encoder_test.dir/__/lib/pico-sdk/src/rp2_common/hardware_irq/irq.c.obj
 .bss._app_driver_count
                0x20001be6        0x1 CMakeFiles/pico_encoder_test.dir/__/lib/pico-sdk/lib/tinyusb/src/device/usbd.c.obj
 .bss._usbd_initialized
                0x20001be7        0x1 CMakeFiles/pico_encoder_test.dir/__/lib/pico-sdk/lib/tinyusb/src/device/usbd.c.obj
 .bss.boot2_copyout_valid
                0x20001be8        0x1 CMakeFiles/pico_encoder_test.dir/__/lib/pico-sdk/src/rp2_common/hardware_flash/flash.c.obj
 .bss.claimed   0x20001be9        0x1 CMakeFiles/pico_encoder_test.dir/__/lib/pico-sdk/src/rp2_common/hardware_timer/timer.c.obj
 .bss.claimed   0x20001bea        0x1 CMakeFiles/pico_encoder_test.dir/__/lib/pico-sdk/src/rp2_common/hardware_pio/pio.c.obj
 .bss.irq_hander_chain_free_slot_head
                0x20001beb        0x1 CMakeFiles/pico_encoder_test.dir/__/lib/pico-sdk/src/rp2_common/hardware_irq/irq.c.obj
 .bss.itf_num   0x20001bec        0x1 CMakeFiles/pico_encoder_test.dir/__/lib/pico-sdk/src/rp2_common/pico_stdio_usb/reset_interface.c.obj
 .bss.low_priority_irq_num
                0x20001bed        0x1 CMakeFiles/pico_encoder_test.dir/__/lib/pico-sdk/src/rp2_common/pico_stdio_usb/stdio_usb.c.obj
 .bss.timer_callbacks_pending
                0x20001bee        0x1 CMakeFiles/pico_encoder_test.dir/__/lib/pico-sdk/src/rp2_common/hardware_timer/timer.c.obj
 *(COMMON)
 *fill*         0x20001bef        0x1 
 COMMON         0x20001bf0      0x100 CMakeFiles/pico_encoder_test.dir/__/lib/pico-sdk/src/rp2_common/pico_double/double_init_rom.c.obj
                0x20001bf0                sd_table
 COMMON         0x20001cf0      0x100 CMakeFiles/pico_encoder_test.dir/__/lib/pico-sdk/src/rp2_common/pico_float/float_init_rom.c.obj
                0x20001cf0                sf_table
 COMMON         0x20001df0       0xc0 CMakeFiles/pico_encoder_test.dir/__/lib/pico-sdk/lib/tinyusb/src/device/usbd.c.obj
                0x20001df0                _usbd_qdef_buf
 COMMON         0x20001eb0        0x8 ../rc/librclib.a(motor.c.obj)
                0x20001eb0                MOTOR_STATE
                0x20001eb4                WRAP
 COMMON         0x20001eb8       0x10 ../rc/librclib.a(encoder.c.obj)
                0x20001eb8                pio
                0x20001ebc                sm1
                0x20001ec0                sm2
                0x20001ec4                sm0
 COMMON         0x20001ec8        0x4 /usr/lib/gcc/arm-none-eabi/8.3.1/../../../arm-none-eabi/lib/thumb/v6-m/nofp/libc.a(lib_a-reent.o)
                0x20001ec8                errno
                0x20001ecc                . = ALIGN (0x4)
                0x20001ecc                __bss_end__ = .

.heap           0x20001ecc      0x800
                0x20001ecc                __end__ = .
                0x20001ecc                end = __end__
 *(.heap*)
 .heap          0x20001ecc      0x800 CMakeFiles/pico_encoder_test.dir/__/lib/pico-sdk/src/rp2_common/pico_standard_link/crt0.S.obj
                0x200026cc                __HeapLimit = .

.stack1_dummy   0x20040000        0x0
 *(.stack1*)

.stack_dummy    0x20041000      0x800
 *(.stack*)
 .stack         0x20041000      0x800 CMakeFiles/pico_encoder_test.dir/__/lib/pico-sdk/src/rp2_common/pico_standard_link/crt0.S.obj

.flash_end      0x1000b2dc        0x0
                0x1000b2dc                __flash_binary_end = .
                0x20040000                __StackLimit = (ORIGIN (RAM) + LENGTH (RAM))
                0x20041000                __StackOneTop = (ORIGIN (SCRATCH_X) + LENGTH (SCRATCH_X))
                0x20042000                __StackTop = (ORIGIN (SCRATCH_Y) + LENGTH (SCRATCH_Y))
                0x20041000                __StackOneBottom = (__StackOneTop - SIZEOF (.stack1_dummy))
                0x20041800                __StackBottom = (__StackTop - SIZEOF (.stack_dummy))
                0x20042000                PROVIDE (__stack = __StackTop)
                0x00000001                ASSERT ((__StackLimit >= __HeapLimit), region RAM overflowed)
                0x00000001                ASSERT (((__binary_info_header_end - __logical_binary_start) <= 0x100), Binary info must be in first 256 bytes of the binary)
LOAD CMakeFiles/pico_encoder_test.dir/pico_encoder_test.c.obj
LOAD CMakeFiles/pico_encoder_test.dir/__/lib/pico-sdk/src/rp2_common/pico_stdlib/stdlib.c.obj
LOAD CMakeFiles/pico_encoder_test.dir/__/lib/pico-sdk/src/rp2_common/hardware_gpio/gpio.c.obj
LOAD CMakeFiles/pico_encoder_test.dir/__/lib/pico-sdk/src/rp2_common/hardware_claim/claim.c.obj
LOAD CMakeFiles/pico_encoder_test.dir/__/lib/pico-sdk/src/rp2_common/pico_platform/platform.c.obj
LOAD CMakeFiles/pico_encoder_test.dir/__/lib/pico-sdk/src/rp2_common/hardware_sync/sync.c.obj
LOAD CMakeFiles/pico_encoder_test.dir/__/lib/pico-sdk/src/rp2_common/hardware_irq/irq.c.obj
LOAD CMakeFiles/pico_encoder_test.dir/__/lib/pico-sdk/src/rp2_common/hardware_irq/irq_handler_chain.S.obj
LOAD CMakeFiles/pico_encoder_test.dir/__/lib/pico-sdk/src/common/pico_sync/sem.c.obj
LOAD CMakeFiles/pico_encoder_test.dir/__/lib/pico-sdk/src/common/pico_sync/lock_core.c.obj
LOAD CMakeFiles/pico_encoder_test.dir/__/lib/pico-sdk/src/common/pico_time/time.c.obj
LOAD CMakeFiles/pico_encoder_test.dir/__/lib/pico-sdk/src/common/pico_time/timeout_helper.c.obj
LOAD CMakeFiles/pico_encoder_test.dir/__/lib/pico-sdk/src/rp2_common/hardware_timer/timer.c.obj
LOAD CMakeFiles/pico_encoder_test.dir/__/lib/pico-sdk/src/common/pico_util/datetime.c.obj
LOAD CMakeFiles/pico_encoder_test.dir/__/lib/pico-sdk/src/common/pico_util/pheap.c.obj
LOAD CMakeFiles/pico_encoder_test.dir/__/lib/pico-sdk/src/common/pico_util/queue.c.obj
LOAD CMakeFiles/pico_encoder_test.dir/__/lib/pico-sdk/src/common/pico_sync/mutex.c.obj
LOAD CMakeFiles/pico_encoder_test.dir/__/lib/pico-sdk/src/common/pico_sync/critical_section.c.obj
LOAD CMakeFiles/pico_encoder_test.dir/__/lib/pico-sdk/src/rp2_common/hardware_uart/uart.c.obj
LOAD CMakeFiles/pico_encoder_test.dir/__/lib/pico-sdk/src/rp2_common/hardware_divider/divider.S.obj
LOAD CMakeFiles/pico_encoder_test.dir/__/lib/pico-sdk/src/rp2_common/pico_runtime/runtime.c.obj
LOAD CMakeFiles/pico_encoder_test.dir/__/lib/pico-sdk/src/rp2_common/hardware_clocks/clocks.c.obj
LOAD CMakeFiles/pico_encoder_test.dir/__/lib/pico-sdk/src/rp2_common/hardware_pll/pll.c.obj
LOAD CMakeFiles/pico_encoder_test.dir/__/lib/pico-sdk/src/rp2_common/hardware_vreg/vreg.c.obj
LOAD CMakeFiles/pico_encoder_test.dir/__/lib/pico-sdk/src/rp2_common/hardware_watchdog/watchdog.c.obj
LOAD CMakeFiles/pico_encoder_test.dir/__/lib/pico-sdk/src/rp2_common/hardware_xosc/xosc.c.obj
LOAD CMakeFiles/pico_encoder_test.dir/__/lib/pico-sdk/src/rp2_common/pico_printf/printf.c.obj
LOAD CMakeFiles/pico_encoder_test.dir/__/lib/pico-sdk/src/rp2_common/pico_bit_ops/bit_ops_aeabi.S.obj
LOAD CMakeFiles/pico_encoder_test.dir/__/lib/pico-sdk/src/rp2_common/pico_bootrom/bootrom.c.obj
LOAD CMakeFiles/pico_encoder_test.dir/__/lib/pico-sdk/src/rp2_common/pico_divider/divider.S.obj
LOAD CMakeFiles/pico_encoder_test.dir/__/lib/pico-sdk/src/rp2_common/pico_double/double_aeabi.S.obj
LOAD CMakeFiles/pico_encoder_test.dir/__/lib/pico-sdk/src/rp2_common/pico_double/double_init_rom.c.obj
LOAD CMakeFiles/pico_encoder_test.dir/__/lib/pico-sdk/src/rp2_common/pico_double/double_math.c.obj
LOAD CMakeFiles/pico_encoder_test.dir/__/lib/pico-sdk/src/rp2_common/pico_double/double_v1_rom_shim.S.obj
LOAD CMakeFiles/pico_encoder_test.dir/__/lib/pico-sdk/src/rp2_common/pico_int64_ops/pico_int64_ops_aeabi.S.obj
LOAD CMakeFiles/pico_encoder_test.dir/__/lib/pico-sdk/src/rp2_common/pico_float/float_aeabi.S.obj
LOAD CMakeFiles/pico_encoder_test.dir/__/lib/pico-sdk/src/rp2_common/pico_float/float_init_rom.c.obj
LOAD CMakeFiles/pico_encoder_test.dir/__/lib/pico-sdk/src/rp2_common/pico_float/float_math.c.obj
LOAD CMakeFiles/pico_encoder_test.dir/__/lib/pico-sdk/src/rp2_common/pico_float/float_v1_rom_shim.S.obj
LOAD CMakeFiles/pico_encoder_test.dir/__/lib/pico-sdk/src/rp2_common/pico_malloc/pico_malloc.c.obj
LOAD CMakeFiles/pico_encoder_test.dir/__/lib/pico-sdk/src/rp2_common/pico_mem_ops/mem_ops_aeabi.S.obj
LOAD CMakeFiles/pico_encoder_test.dir/__/lib/pico-sdk/src/rp2_common/pico_standard_link/crt0.S.obj
LOAD CMakeFiles/pico_encoder_test.dir/__/lib/pico-sdk/src/rp2_common/pico_standard_link/new_delete.cpp.obj
LOAD CMakeFiles/pico_encoder_test.dir/__/lib/pico-sdk/src/rp2_common/pico_standard_link/binary_info.c.obj
LOAD CMakeFiles/pico_encoder_test.dir/__/lib/pico-sdk/src/rp2_common/pico_stdio/stdio.c.obj
LOAD CMakeFiles/pico_encoder_test.dir/__/lib/pico-sdk/src/rp2_common/pico_stdio_usb/reset_interface.c.obj
LOAD CMakeFiles/pico_encoder_test.dir/__/lib/pico-sdk/src/rp2_common/pico_stdio_usb/stdio_usb.c.obj
LOAD CMakeFiles/pico_encoder_test.dir/__/lib/pico-sdk/src/rp2_common/pico_stdio_usb/stdio_usb_descriptors.c.obj
LOAD CMakeFiles/pico_encoder_test.dir/__/lib/pico-sdk/lib/tinyusb/src/portable/raspberrypi/rp2040/dcd_rp2040.c.obj
LOAD CMakeFiles/pico_encoder_test.dir/__/lib/pico-sdk/lib/tinyusb/src/portable/raspberrypi/rp2040/rp2040_usb.c.obj
LOAD CMakeFiles/pico_encoder_test.dir/__/lib/pico-sdk/lib/tinyusb/src/device/usbd.c.obj
LOAD CMakeFiles/pico_encoder_test.dir/__/lib/pico-sdk/lib/tinyusb/src/device/usbd_control.c.obj
LOAD CMakeFiles/pico_encoder_test.dir/__/lib/pico-sdk/lib/tinyusb/src/class/audio/audio_device.c.obj
LOAD CMakeFiles/pico_encoder_test.dir/__/lib/pico-sdk/lib/tinyusb/src/class/cdc/cdc_device.c.obj
LOAD CMakeFiles/pico_encoder_test.dir/__/lib/pico-sdk/lib/tinyusb/src/class/dfu/dfu_device.c.obj
LOAD CMakeFiles/pico_encoder_test.dir/__/lib/pico-sdk/lib/tinyusb/src/class/dfu/dfu_rt_device.c.obj
LOAD CMakeFiles/pico_encoder_test.dir/__/lib/pico-sdk/lib/tinyusb/src/class/hid/hid_device.c.obj
LOAD CMakeFiles/pico_encoder_test.dir/__/lib/pico-sdk/lib/tinyusb/src/class/midi/midi_device.c.obj
LOAD CMakeFiles/pico_encoder_test.dir/__/lib/pico-sdk/lib/tinyusb/src/class/msc/msc_device.c.obj
LOAD CMakeFiles/pico_encoder_test.dir/__/lib/pico-sdk/lib/tinyusb/src/class/net/ecm_rndis_device.c.obj
LOAD CMakeFiles/pico_encoder_test.dir/__/lib/pico-sdk/lib/tinyusb/src/class/net/ncm_device.c.obj
LOAD CMakeFiles/pico_encoder_test.dir/__/lib/pico-sdk/lib/tinyusb/src/class/usbtmc/usbtmc_device.c.obj
LOAD CMakeFiles/pico_encoder_test.dir/__/lib/pico-sdk/lib/tinyusb/src/class/vendor/vendor_device.c.obj
LOAD CMakeFiles/pico_encoder_test.dir/__/lib/pico-sdk/lib/tinyusb/src/class/video/video_device.c.obj
LOAD CMakeFiles/pico_encoder_test.dir/__/lib/pico-sdk/lib/tinyusb/src/tusb.c.obj
LOAD CMakeFiles/pico_encoder_test.dir/__/lib/pico-sdk/lib/tinyusb/src/common/tusb_fifo.c.obj
LOAD CMakeFiles/pico_encoder_test.dir/__/lib/pico-sdk/src/rp2_common/pico_fix/rp2040_usb_device_enumeration/rp2040_usb_device_enumeration.c.obj
LOAD CMakeFiles/pico_encoder_test.dir/__/lib/pico-sdk/src/rp2_common/pico_unique_id/unique_id.c.obj
LOAD CMakeFiles/pico_encoder_test.dir/__/lib/pico-sdk/src/rp2_common/hardware_flash/flash.c.obj
LOAD CMakeFiles/pico_encoder_test.dir/__/lib/pico-sdk/src/rp2_common/pico_multicore/multicore.c.obj
LOAD CMakeFiles/pico_encoder_test.dir/__/lib/pico-sdk/src/rp2_common/hardware_pio/pio.c.obj
LOAD CMakeFiles/pico_encoder_test.dir/__/lib/pico-sdk/src/rp2_common/hardware_i2c/i2c.c.obj
LOAD CMakeFiles/pico_encoder_test.dir/__/lib/pico-sdk/src/rp2_common/hardware_adc/adc.c.obj
LOAD ../rc/librclib.a
LOAD /tmp/cc9Hv7zQ.o
LOAD /usr/lib/gcc/arm-none-eabi/8.3.1/../../../arm-none-eabi/lib/thumb/v6-m/nofp/libstdc++.a
LOAD /usr/lib/gcc/arm-none-eabi/8.3.1/../../../arm-none-eabi/lib/thumb/v6-m/nofp/libm.a
START GROUP
LOAD /usr/lib/gcc/arm-none-eabi/8.3.1/thumb/v6-m/nofp/libgcc.a
LOAD /usr/lib/gcc/arm-none-eabi/8.3.1/../../../arm-none-eabi/lib/thumb/v6-m/nofp/libc.a
END GROUP
START GROUP
LOAD /usr/lib/gcc/arm-none-eabi/8.3.1/thumb/v6-m/nofp/libgcc.a
LOAD /usr/lib/gcc/arm-none-eabi/8.3.1/../../../arm-none-eabi/lib/thumb/v6-m/nofp/libc.a
LOAD /usr/lib/gcc/arm-none-eabi/8.3.1/../../../arm-none-eabi/lib/thumb/v6-m/nofp/libnosys.a
END GROUP
LOAD /usr/lib/gcc/arm-none-eabi/8.3.1/thumb/v6-m/nofp/crtend.o
LOAD /usr/lib/gcc/arm-none-eabi/8.3.1/thumb/v6-m/nofp/crtn.o
OUTPUT(pico_encoder_test.elf elf32-littlearm)
LOAD linker stubs

.ARM.attributes
                0x00000000       0x28
 .ARM.attributes
                0x00000000       0x1e /usr/lib/gcc/arm-none-eabi/8.3.1/thumb/v6-m/nofp/crti.o
 .ARM.attributes
                0x0000001e       0x2c /usr/lib/gcc/arm-none-eabi/8.3.1/thumb/v6-m/nofp/crtbegin.o
 .ARM.attributes
                0x0000004a       0x2c CMakeFiles/pico_encoder_test.dir/pico_encoder_test.c.obj
 .ARM.attributes
                0x00000076       0x2c CMakeFiles/pico_encoder_test.dir/__/lib/pico-sdk/src/rp2_common/hardware_gpio/gpio.c.obj
 .ARM.attributes
                0x000000a2       0x2c CMakeFiles/pico_encoder_test.dir/__/lib/pico-sdk/src/rp2_common/hardware_claim/claim.c.obj
 .ARM.attributes
                0x000000ce       0x2c CMakeFiles/pico_encoder_test.dir/__/lib/pico-sdk/src/rp2_common/pico_platform/platform.c.obj
 .ARM.attributes
                0x000000fa       0x2c CMakeFiles/pico_encoder_test.dir/__/lib/pico-sdk/src/rp2_common/hardware_sync/sync.c.obj
 .ARM.attributes
                0x00000126       0x2c CMakeFiles/pico_encoder_test.dir/__/lib/pico-sdk/src/rp2_common/hardware_irq/irq.c.obj
 .ARM.attributes
                0x00000152       0x22 CMakeFiles/pico_encoder_test.dir/__/lib/pico-sdk/src/rp2_common/hardware_irq/irq_handler_chain.S.obj
 .ARM.attributes
                0x00000174       0x2c CMakeFiles/pico_encoder_test.dir/__/lib/pico-sdk/src/common/pico_sync/lock_core.c.obj
 .ARM.attributes
                0x000001a0       0x2c CMakeFiles/pico_encoder_test.dir/__/lib/pico-sdk/src/common/pico_time/time.c.obj
 .ARM.attributes
                0x000001cc       0x2c CMakeFiles/pico_encoder_test.dir/__/lib/pico-sdk/src/rp2_common/hardware_timer/timer.c.obj
 .ARM.attributes
                0x000001f8       0x2c CMakeFiles/pico_encoder_test.dir/__/lib/pico-sdk/src/common/pico_util/pheap.c.obj
 .ARM.attributes
                0x00000224       0x2c CMakeFiles/pico_encoder_test.dir/__/lib/pico-sdk/src/common/pico_sync/mutex.c.obj
 .ARM.attributes
                0x00000250       0x2c CMakeFiles/pico_encoder_test.dir/__/lib/pico-sdk/src/common/pico_sync/critical_section.c.obj
 .ARM.attributes
                0x0000027c       0x2c CMakeFiles/pico_encoder_test.dir/__/lib/pico-sdk/src/rp2_common/pico_runtime/runtime.c.obj
 .ARM.attributes
                0x000002a8       0x2c CMakeFiles/pico_encoder_test.dir/__/lib/pico-sdk/src/rp2_common/hardware_clocks/clocks.c.obj
 .ARM.attributes
                0x000002d4       0x2c CMakeFiles/pico_encoder_test.dir/__/lib/pico-sdk/src/rp2_common/hardware_pll/pll.c.obj
 .ARM.attributes
                0x00000300       0x2c CMakeFiles/pico_encoder_test.dir/__/lib/pico-sdk/src/rp2_common/hardware_watchdog/watchdog.c.obj
 .ARM.attributes
                0x0000032c       0x2c CMakeFiles/pico_encoder_test.dir/__/lib/pico-sdk/src/rp2_common/hardware_xosc/xosc.c.obj
 .ARM.attributes
                0x00000358       0x2c CMakeFiles/pico_encoder_test.dir/__/lib/pico-sdk/src/rp2_common/pico_printf/printf.c.obj
 .ARM.attributes
                0x00000384       0x22 CMakeFiles/pico_encoder_test.dir/__/lib/pico-sdk/src/rp2_common/pico_bit_ops/bit_ops_aeabi.S.obj
 .ARM.attributes