Archive member included to satisfy reference by file (symbol)

../rc/librclib.a(filter.c.obj)
                              CMakeFiles/pico_current_control.dir/pico_current_control.c.obj (rc_filter_march)
../rc/librclib.a(polynomial.c.obj)
                              ../rc/librclib.a(filter.c.obj) (rc_poly_conv)
../rc/librclib.a(ring_buffer.c.obj)
                              ../rc/librclib.a(filter.c.obj) (rc_ringbuf_alloc)
../rc/librclib.a(vector.c.obj)
                              ../rc/librclib.a(filter.c.obj) (rc_vector_alloc)
../rc/librclib.a(motor.c.obj)
                              CMakeFiles/pico_current_control.dir/pico_current_control.c.obj (rc_motor_set)
../rc/librclib.a(encoder.c.obj)
                              CMakeFiles/pico_current_control.dir/pico_current_control.c.obj (rc_encoder_init)
../rc/librclib.a(algebra_common.c.obj)
                              ../rc/librclib.a(vector.c.obj) (__vectorized_mult_accumulate)
../rc/librclib.a(algebra.c.obj)
                              ../rc/librclib.a(filter.c.obj) (zero_tolerance)
../rc/librclib.a(matrix.c.obj)
                              ../rc/librclib.a(algebra.c.obj) (rc_matrix_free)
../rc/librclib.a(other.c.obj)
                              ../rc/librclib.a(vector.c.obj) (rc_get_random_double)
/usr/lib/gcc/arm-none-eabi/8.3.1/thumb/v6-m/nofp/libgcc.a(_dvmd_tls.o)
                              CMakeFiles/pico_current_control.dir/__/lib/pico-sdk/src/rp2_common/pico_divider/divider.S.obj (__aeabi_idiv0)
/usr/lib/gcc/arm-none-eabi/8.3.1/../../../arm-none-eabi/lib/thumb/v6-m/nofp/libc.a(lib_a-atexit.o)
                              /usr/lib/gcc/arm-none-eabi/8.3.1/../../../arm-none-eabi/lib/thumb/v6-m/nofp/crt0.o (atexit)
/usr/lib/gcc/arm-none-eabi/8.3.1/../../../arm-none-eabi/lib/thumb/v6-m/nofp/libc.a(lib_a-calloc.o)
                              CMakeFiles/pico_current_control.dir/__/lib/pico-sdk/src/rp2_common/pico_malloc/pico_malloc.c.obj (calloc)
/usr/lib/gcc/arm-none-eabi/8.3.1/../../../arm-none-eabi/lib/thumb/v6-m/nofp/libc.a(lib_a-callocr.o)
                              /usr/lib/gcc/arm-none-eabi/8.3.1/../../../arm-none-eabi/lib/thumb/v6-m/nofp/libc.a(lib_a-calloc.o) (_calloc_r)
/usr/lib/gcc/arm-none-eabi/8.3.1/../../../arm-none-eabi/lib/thumb/v6-m/nofp/libc.a(lib_a-fini.o)
                              /usr/lib/gcc/arm-none-eabi/8.3.1/../../../arm-none-eabi/lib/thumb/v6-m/nofp/crt0.o (__libc_fini_array)
/usr/lib/gcc/arm-none-eabi/8.3.1/../../../arm-none-eabi/lib/thumb/v6-m/nofp/libc.a(lib_a-fprintf.o)
                              ../rc/librclib.a(matrix.c.obj) (fprintf)
/usr/lib/gcc/arm-none-eabi/8.3.1/../../../arm-none-eabi/lib/thumb/v6-m/nofp/libc.a(lib_a-fwrite.o)
                              ../rc/librclib.a(filter.c.obj) (fwrite)
/usr/lib/gcc/arm-none-eabi/8.3.1/../../../arm-none-eabi/lib/thumb/v6-m/nofp/libc.a(lib_a-impure.o)
                              ../rc/librclib.a(filter.c.obj) (_impure_ptr)
/usr/lib/gcc/arm-none-eabi/8.3.1/../../../arm-none-eabi/lib/thumb/v6-m/nofp/libc.a(lib_a-init.o)
                              /usr/lib/gcc/arm-none-eabi/8.3.1/../../../arm-none-eabi/lib/thumb/v6-m/nofp/crt0.o (__libc_init_array)
/usr/lib/gcc/arm-none-eabi/8.3.1/../../../arm-none-eabi/lib/thumb/v6-m/nofp/libc.a(lib_a-malloc.o)
                              CMakeFiles/pico_current_control.dir/__/lib/pico-sdk/src/rp2_common/pico_malloc/pico_malloc.c.obj (malloc)
/usr/lib/gcc/arm-none-eabi/8.3.1/../../../arm-none-eabi/lib/thumb/v6-m/nofp/libc.a(lib_a-mallocr.o)
                              /usr/lib/gcc/arm-none-eabi/8.3.1/../../../arm-none-eabi/lib/thumb/v6-m/nofp/libc.a(lib_a-callocr.o) (_malloc_r)
/usr/lib/gcc/arm-none-eabi/8.3.1/../../../arm-none-eabi/lib/thumb/v6-m/nofp/libc.a(lib_a-mlock.o)
                              /usr/lib/gcc/arm-none-eabi/8.3.1/../../../arm-none-eabi/lib/thumb/v6-m/nofp/libc.a(lib_a-mallocr.o) (__malloc_lock)
/usr/lib/gcc/arm-none-eabi/8.3.1/../../../arm-none-eabi/lib/thumb/v6-m/nofp/libc.a(lib_a-perror.o)
                              ../rc/librclib.a(matrix.c.obj) (perror)
/usr/lib/gcc/arm-none-eabi/8.3.1/../../../arm-none-eabi/lib/thumb/v6-m/nofp/libc.a(lib_a-rand.o)
                              ../rc/librclib.a(other.c.obj) (rand)
/usr/lib/gcc/arm-none-eabi/8.3.1/../../../arm-none-eabi/lib/thumb/v6-m/nofp/libc.a(lib_a-realloc.o)
                              CMakeFiles/pico_current_control.dir/__/lib/pico-sdk/src/rp2_common/pico_malloc/pico_malloc.c.obj (realloc)
/usr/lib/gcc/arm-none-eabi/8.3.1/../../../arm-none-eabi/lib/thumb/v6-m/nofp/libc.a(lib_a-reallocr.o)
                              /usr/lib/gcc/arm-none-eabi/8.3.1/../../../arm-none-eabi/lib/thumb/v6-m/nofp/libc.a(lib_a-realloc.o) (_realloc_r)
/usr/lib/gcc/arm-none-eabi/8.3.1/../../../arm-none-eabi/lib/thumb/v6-m/nofp/libc.a(lib_a-sbrkr.o)
                              /usr/lib/gcc/arm-none-eabi/8.3.1/../../../arm-none-eabi/lib/thumb/v6-m/nofp/libc.a(lib_a-mallocr.o) (_sbrk_r)
[...]
Memory Configuration

Name             Origin             Length             Attributes
FLASH            0x10000000         0x00200000         xr
RAM              0x20000000         0x00040000         xrw
SCRATCH_X        0x20040000         0x00001000         xrw
SCRATCH_Y        0x20041000         0x00001000         xrw
*default*        0x00000000         0xffffffff

Linker script and memory map

LOAD /usr/lib/gcc/arm-none-eabi/8.3.1/thumb/v6-m/nofp/crti.o
LOAD /usr/lib/gcc/arm-none-eabi/8.3.1/thumb/v6-m/nofp/crtbegin.o
LOAD /usr/lib/gcc/arm-none-eabi/8.3.1/../../../arm-none-eabi/lib/thumb/v6-m/nofp/crt0.o

.flash_begin    0x10000000        0x0
                0x10000000                __flash_binary_start = .

.boot2          0x10000000      0x100
                0x10000000                __boot2_start__ = .
 *(.boot2)
 .boot2         0x10000000      0x100 /tmp/ccvgqcpQ.o
                0x10000100                __boot2_end__ = .
                0x00000001                ASSERT (((__boot2_end__ - __boot2_start__) == 0x100), ERROR: Pico second stage bootloader must be 256 bytes in size)

.text           0x10000100     0xad70
                0x10000100                __logical_binary_start = .
 *(.vectors)
 .vectors       0x10000100       0xd4 CMakeFiles/pico_current_control.dir/__/lib/pico-sdk/src/rp2_common/pico_standard_link/crt0.S.obj
                0x10000100                __vectors
                0x10000100                __VECTOR_TABLE
                0x100001c0                isr_invalid
                0x100001c0                __default_isrs_start
                0x100001c2                isr_nmi
                0x100001c4                isr_hardfault
                0x100001c6                isr_svcall
                0x100001c8                isr_pendsv
                0x100001ca                isr_systick
                0x100001cc                isr_irq30
                0x100001cc                __unhandled_user_irq
                0x100001cc                isr_irq13
                0x100001cc                isr_irq27
                0x100001cc                isr_irq31
                0x100001cc                isr_irq5
                0x100001cc                isr_irq11
                0x100001cc                isr_irq23
                0x100001cc                isr_irq18
                0x100001cc                isr_irq28
                0x100001cc                isr_irq19
                0x100001cc                isr_irq0
                0x100001cc                isr_irq6
                0x100001cc                isr_irq22
                0x100001cc                isr_irq17
                0x100001cc                isr_irq14
                0x100001cc                isr_irq2
                0x100001cc                isr_irq10
                0x100001cc                isr_irq8
                0x100001cc                isr_irq24
                0x100001cc                isr_irq1
                0x100001cc                isr_irq7
                0x100001cc                isr_irq21
                0x100001cc                isr_irq20
                0x100001cc                isr_irq15
                0x100001cc                isr_irq25
                0x100001cc                isr_irq4
                0x100001cc                isr_irq16
                0x100001cc                isr_irq29
                0x100001cc                isr_irq26
                0x100001cc                __default_isrs_end
                0x100001cc                isr_irq3
                0x100001cc                isr_irq12
                0x100001cc                isr_irq9
                0x100001d2                unhandled_user_irq_num_in_r0
 *(.binary_info_header)
 .binary_info_header
                0x100001d4       0x14 CMakeFiles/pico_current_control.dir/__/lib/pico-sdk/src/rp2_common/pico_standard_link/crt0.S.obj
                0x100001e8                __binary_info_header_end = .
 *(.reset)
 .reset         0x100001e8       0xa8 CMakeFiles/pico_current_control.dir/__/lib/pico-sdk/src/rp2_common/pico_standard_link/crt0.S.obj
                0x100001e8                _entry_point
                0x10000266                __get_current_exception
 .reset         0x10000290       0x30 CMakeFiles/pico_current_control.dir/__/lib/pico-sdk/src/rp2_common/pico_standard_link/binary_info.c.obj
 *(.init)
 .init          0x100002c0        0x4 /usr/lib/gcc/arm-none-eabi/8.3.1/thumb/v6-m/nofp/crti.o
                0x100002c0                _init
 *(EXCLUDE_FILE(*libm.a: *libc.a:*lib_a-mem*.o *libgcc.a:) .text*)
 .text          0x100002c4       0x98 /usr/lib/gcc/arm-none-eabi/8.3.1/thumb/v6-m/nofp/crtbegin.o
 .text.adc_gpio_init
                0x1000035c       0x20 CMakeFiles/pico_current_control.dir/pico_current_control.c.obj
 .text.startup.main
                0x1000037c      0x298 CMakeFiles/pico_current_control.dir/pico_current_control.c.obj
                0x1000037c                main
 .text.gpio_set_function
                0x10000614       0x30 CMakeFiles/pico_current_control.dir/__/lib/pico-sdk/src/rp2_common/hardware_gpio/gpio.c.obj
                0x10000614                gpio_set_function
 .text.gpio_get_function
                0x10000644       0x14 CMakeFiles/pico_current_control.dir/__/lib/pico-sdk/src/rp2_common/hardware_gpio/gpio.c.obj
                0x10000644                gpio_get_function
 .text.gpio_set_pulls
                0x10000658       0x30 CMakeFiles/pico_current_control.dir/__/lib/pico-sdk/src/rp2_common/hardware_gpio/gpio.c.obj
                0x10000658                gpio_set_pulls
 .text.gpio_set_input_enabled
                0x10000688       0x28 CMakeFiles/pico_current_control.dir/__/lib/pico-sdk/src/rp2_common/hardware_gpio/gpio.c.obj
                0x10000688                gpio_set_input_enabled
 .text.gpio_init
                0x100006b0       0x3c CMakeFiles/pico_current_control.dir/__/lib/pico-sdk/src/rp2_common/hardware_gpio/gpio.c.obj
                0x100006b0                gpio_init
 .text.hw_claim_lock
                0x100006ec       0x18 CMakeFiles/pico_current_control.dir/__/lib/pico-sdk/src/rp2_common/hardware_claim/claim.c.obj
                0x100006ec                hw_claim_lock
 .text.hw_claim_unlock
                0x10000704       0x14 CMakeFiles/pico_current_control.dir/__/lib/pico-sdk/src/rp2_common/hardware_claim/claim.c.obj
                0x10000704                hw_claim_unlock
 .text.hw_is_claimed
                0x10000718       0x18 CMakeFiles/pico_current_control.dir/__/lib/pico-sdk/src/rp2_common/hardware_claim/claim.c.obj
                0x10000718                hw_is_claimed
 .text.hw_claim_or_assert
                0x10000730       0x44 CMakeFiles/pico_current_control.dir/__/lib/pico-sdk/src/rp2_common/hardware_claim/claim.c.obj
                0x10000730                hw_claim_or_assert
 .text.hw_claim_unused_from_range
                0x10000774       0x9c CMakeFiles/pico_current_control.dir/__/lib/pico-sdk/src/rp2_common/hardware_claim/claim.c.obj
                0x10000774                hw_claim_unused_from_range
 .text.running_on_fpga
                0x10000810       0x10 CMakeFiles/pico_current_control.dir/__/lib/pico-sdk/src/rp2_common/pico_platform/platform.c.obj
                0x10000810                running_on_fpga
 .text.spin_locks_reset
                0x10000820       0x1c CMakeFiles/pico_current_control.dir/__/lib/pico-sdk/src/rp2_common/hardware_sync/sync.c.obj
                0x10000820                spin_locks_reset
 .text.next_striped_spin_lock_num
                0x1000083c       0x18 CMakeFiles/pico_current_control.dir/__/lib/pico-sdk/src/rp2_common/hardware_sync/sync.c.obj
                0x1000083c                next_striped_spin_lock_num
 .text.spin_lock_claim_unused
                0x10000854       0x20 CMakeFiles/pico_current_control.dir/__/lib/pico-sdk/src/rp2_common/hardware_sync/sync.c.obj
                0x10000854                spin_lock_claim_unused
 .text.irq_set_enabled
                0x10000874       0x24 CMakeFiles/pico_current_control.dir/__/lib/pico-sdk/src/rp2_common/hardware_irq/irq.c.obj
                0x10000874                irq_set_enabled
 .text.irq_set_pending
                0x10000898       0x10 CMakeFiles/pico_current_control.dir/__/lib/pico-sdk/src/rp2_common/hardware_irq/irq.c.obj
                0x10000898                irq_set_pending
 .text.irq_has_shared_handler
                0x100008a8       0x2c CMakeFiles/pico_current_control.dir/__/lib/pico-sdk/src/rp2_common/hardware_irq/irq.c.obj
                0x100008a8                irq_has_shared_handler
 .text.irq_get_vtable_handler
                0x100008d4       0x10 CMakeFiles/pico_current_control.dir/__/lib/pico-sdk/src/rp2_common/hardware_irq/irq.c.obj
                0x100008d4                irq_get_vtable_handler
 .text.irq_set_exclusive_handler
                0x100008e4       0x54 CMakeFiles/pico_current_control.dir/__/lib/pico-sdk/src/rp2_common/hardware_irq/irq.c.obj
                0x100008e4                irq_set_exclusive_handler
 .text.irq_add_shared_handler
                0x10000938      0x1c8 CMakeFiles/pico_current_control.dir/__/lib/pico-sdk/src/rp2_common/hardware_irq/irq.c.obj
                0x10000938                irq_add_shared_handler
 .text.irq_remove_handler
                0x10000b00      0x1b4 CMakeFiles/pico_current_control.dir/__/lib/pico-sdk/src/rp2_common/hardware_irq/irq.c.obj
                0x10000b00                irq_remove_handler
 .text.irq_add_tail_to_free_list
                0x10000cb4       0xb4 CMakeFiles/pico_current_control.dir/__/lib/pico-sdk/src/rp2_common/hardware_irq/irq.c.obj
                0x10000cb4                irq_add_tail_to_free_list
 .text.irq_init_priorities
                0x10000d68       0x24 CMakeFiles/pico_current_control.dir/__/lib/pico-sdk/src/rp2_common/hardware_irq/irq.c.obj
                0x10000d68                irq_init_priorities
 .text.user_irq_claim_unused
                0x10000d8c       0x30 CMakeFiles/pico_current_control.dir/__/lib/pico-sdk/src/rp2_common/hardware_irq/irq.c.obj
                0x10000d8c                user_irq_claim_unused
 .text.lock_init
                0x10000dbc       0x10 CMakeFiles/pico_current_control.dir/__/lib/pico-sdk/src/common/pico_sync/lock_core.c.obj
                0x10000dbc                lock_init
 .text.timer_pool_entry_comparator
                0x10000dcc       0x34 CMakeFiles/pico_current_control.dir/__/lib/pico-sdk/src/common/pico_time/time.c.obj
                0x10000dcc                timer_pool_entry_comparator
 .text.sleep_until_callback
                0x10000e00       0x30 CMakeFiles/pico_current_control.dir/__/lib/pico-sdk/src/common/pico_time/time.c.obj
 .text.add_alarm_under_lock
                0x10000e30      0x114 CMakeFiles/pico_current_control.dir/__/lib/pico-sdk/src/common/pico_time/time.c.obj
 .text.alarm_pool_alarm_callback
                0x10000f44      0x1d0 CMakeFiles/pico_current_control.dir/__/lib/pico-sdk/src/common/pico_time/time.c.obj
 .text.alarm_pool_init_default
                0x10001114       0x64 CMakeFiles/pico_current_control.dir/__/lib/pico-sdk/src/common/pico_time/time.c.obj
                0x10001114                alarm_pool_init_default
 .text.alarm_pool_get_default
                0x10001178        0x8 CMakeFiles/pico_current_control.dir/__/lib/pico-sdk/src/common/pico_time/time.c.obj
                0x10001178                alarm_pool_get_default
 .text.alarm_pool_add_alarm_at
                0x10001180      0x19c CMakeFiles/pico_current_control.dir/__/lib/pico-sdk/src/common/pico_time/time.c.obj
                0x10001180                alarm_pool_add_alarm_at
 .text.alarm_pool_cancel_alarm
                0x1000131c       0x70 CMakeFiles/pico_current_control.dir/__/lib/pico-sdk/src/common/pico_time/time.c.obj
                0x1000131c                alarm_pool_cancel_alarm
 .text.sleep_until
                0x1000138c       0xc4 CMakeFiles/pico_current_control.dir/__/lib/pico-sdk/src/common/pico_time/time.c.obj
                0x1000138c                sleep_until
 .text.sleep_ms
                0x10001450       0x38 CMakeFiles/pico_current_control.dir/__/lib/pico-sdk/src/common/pico_time/time.c.obj
                0x10001450                sleep_ms
 .text.best_effort_wfe_or_timeout
                0x10001488       0x58 CMakeFiles/pico_current_control.dir/__/lib/pico-sdk/src/common/pico_time/time.c.obj
                0x10001488                best_effort_wfe_or_timeout
 .text.hardware_alarm_irq_handler
                0x100014e0       0xb0 CMakeFiles/pico_current_control.dir/__/lib/pico-sdk/src/rp2_common/hardware_timer/timer.c.obj
 .text.hardware_alarm_claim
                0x10001590       0x18 CMakeFiles/pico_current_control.dir/__/lib/pico-sdk/src/rp2_common/hardware_timer/timer.c.obj
                0x10001590                hardware_alarm_claim
 .text.time_us_64
                0x100015a8       0x18 CMakeFiles/pico_current_control.dir/__/lib/pico-sdk/src/rp2_common/hardware_timer/timer.c.obj
                0x100015a8                time_us_64
 .text.busy_wait_us
                0x100015c0       0x60 CMakeFiles/pico_current_control.dir/__/lib/pico-sdk/src/rp2_common/hardware_timer/timer.c.obj
                0x100015c0                busy_wait_us
 .text.busy_wait_until
                0x10001620       0x20 CMakeFiles/pico_current_control.dir/__/lib/pico-sdk/src/rp2_common/hardware_timer/timer.c.obj
                0x10001620                busy_wait_until
 .text.hardware_alarm_set_callback
                0x10001640       0x8c CMakeFiles/pico_current_control.dir/__/lib/pico-sdk/src/rp2_common/hardware_timer/timer.c.obj
                0x10001640                hardware_alarm_set_callback
 .text.hardware_alarm_set_target
                0x100016cc       0xe8 CMakeFiles/pico_current_control.dir/__/lib/pico-sdk/src/rp2_common/hardware_timer/timer.c.obj
                0x100016cc                hardware_alarm_set_target
 .text.hardware_alarm_cancel
                0x100017b4       0x40 CMakeFiles/pico_current_control.dir/__/lib/pico-sdk/src/rp2_common/hardware_timer/timer.c.obj
                0x100017b4                hardware_alarm_cancel
 .text.ph_merge_nodes
                0x100017f4       0x5c CMakeFiles/pico_current_control.dir/__/lib/pico-sdk/src/common/pico_util/pheap.c.obj
 .text.ph_post_alloc_init
                0x10001850      0x1b8 CMakeFiles/pico_current_control.dir/__/lib/pico-sdk/src/common/pico_util/pheap.c.obj
                0x10001850                ph_post_alloc_init
 .text.ph_merge_two_pass
                0x10001a08       0x4c CMakeFiles/pico_current_control.dir/__/lib/pico-sdk/src/common/pico_util/pheap.c.obj
                0x10001a08                ph_merge_two_pass
 .text.ph_remove_any_head
                0x10001a54      0x1b8 CMakeFiles/pico_current_control.dir/__/lib/pico-sdk/src/common/pico_util/pheap.c.obj
 .text.ph_remove_head
                0x10001c0c      0x1bc CMakeFiles/pico_current_control.dir/__/lib/pico-sdk/src/common/pico_util/pheap.c.obj
                0x10001c0c                ph_remove_head
 .text.ph_remove_and_free_node
                0x10001dc8       0x7c CMakeFiles/pico_current_control.dir/__/lib/pico-sdk/src/common/pico_util/pheap.c.obj
                0x10001dc8                ph_remove_and_free_node
 .text.mutex_init
                0x10001e44       0x1c CMakeFiles/pico_current_control.dir/__/lib/pico-sdk/src/common/pico_sync/mutex.c.obj
                0x10001e44                mutex_init
 .text.recursive_mutex_init
                0x10001e60       0x1c CMakeFiles/pico_current_control.dir/__/lib/pico-sdk/src/common/pico_sync/mutex.c.obj
                0x10001e60                recursive_mutex_init
 .text.critical_section_init
                0x10001e7c       0x20 CMakeFiles/pico_current_control.dir/__/lib/pico-sdk/src/common/pico_sync/critical_section.c.obj
                0x10001e7c                critical_section_init
 .text.runtime_init
                0x10001e9c       0xf4 CMakeFiles/pico_current_control.dir/__/lib/pico-sdk/src/rp2_common/pico_runtime/runtime.c.obj
                0x10001e9c                runtime_init
 .text._sbrk    0x10001f90       0x34 CMakeFiles/pico_current_control.dir/__/lib/pico-sdk/src/rp2_common/pico_runtime/runtime.c.obj
                0x10001f90                _sbrk
 .text.exit     0x10001fc4        0x4 CMakeFiles/pico_current_control.dir/__/lib/pico-sdk/src/rp2_common/pico_runtime/runtime.c.obj
                0x10001fc4                exit
 .text.panic    0x10001fc8       0x30 CMakeFiles/pico_current_control.dir/__/lib/pico-sdk/src/rp2_common/pico_runtime/runtime.c.obj
                0x10001fc8                panic
 .text.hard_assertion_failure
                0x10001ff8        0xc CMakeFiles/pico_current_control.dir/__/lib/pico-sdk/src/rp2_common/pico_runtime/runtime.c.obj
                0x10001ff8                hard_assertion_failure
 .text.clocks_init
                0x10002004      0x2c0 CMakeFiles/pico_current_control.dir/__/lib/pico-sdk/src/rp2_common/hardware_clocks/clocks.c.obj
                0x10002004                clocks_init
 .text.pll_init
                0x100022c4       0xa8 CMakeFiles/pico_current_control.dir/__/lib/pico-sdk/src/rp2_common/hardware_pll/pll.c.obj
                0x100022c4                pll_init
 .text.watchdog_start_tick
                0x1000236c       0x10 CMakeFiles/pico_current_control.dir/__/lib/pico-sdk/src/rp2_common/hardware_watchdog/watchdog.c.obj
                0x1000236c                watchdog_start_tick
 .text.watchdog_reboot
                0x1000237c       0x98 CMakeFiles/pico_current_control.dir/__/lib/pico-sdk/src/rp2_common/hardware_watchdog/watchdog.c.obj
                0x1000237c                watchdog_reboot
 .text.xosc_init
                0x10002414       0x28 CMakeFiles/pico_current_control.dir/__/lib/pico-sdk/src/rp2_common/hardware_xosc/xosc.c.obj
                0x10002414                xosc_init
 .text._out_null
                0x1000243c        0x4 CMakeFiles/pico_current_control.dir/__/lib/pico-sdk/src/rp2_common/pico_printf/printf.c.obj
 .text._out_rev
                0x10002440       0x9c CMakeFiles/pico_current_control.dir/__/lib/pico-sdk/src/rp2_common/pico_printf/printf.c.obj
 .text._ntoa_format
                0x100024dc      0x1c8 CMakeFiles/pico_current_control.dir/__/lib/pico-sdk/src/rp2_common/pico_printf/printf.c.obj
 .text._out_char
                0x100026a4       0x10 CMakeFiles/pico_current_control.dir/__/lib/pico-sdk/src/rp2_common/pico_printf/printf.c.obj
 .text._out_fct
                0x100026b4       0x10 CMakeFiles/pico_current_control.dir/__/lib/pico-sdk/src/rp2_common/pico_printf/printf.c.obj
 .text._etoa    0x100026c4      0x45c CMakeFiles/pico_current_control.dir/__/lib/pico-sdk/src/rp2_common/pico_printf/printf.c.obj
 .text._ftoa    0x10002b20      0x4c0 CMakeFiles/pico_current_control.dir/__/lib/pico-sdk/src/rp2_common/pico_printf/printf.c.obj
 .text._vsnprintf
                0x10002fe0      0xad0 CMakeFiles/pico_current_control.dir/__/lib/pico-sdk/src/rp2_common/pico_printf/printf.c.obj
 .text.vfctprintf
                0x10003ab0       0x20 CMakeFiles/pico_current_control.dir/__/lib/pico-sdk/src/rp2_common/pico_printf/printf.c.obj
                0x10003ab0                vfctprintf
 .text.weak_raw_vprintf
                0x10003ad0       0x30 CMakeFiles/pico_current_control.dir/__/lib/pico-sdk/src/rp2_common/pico_printf/printf.c.obj
                0x10003ad0                weak_raw_vprintf
 .text          0x10003b00       0x10 CMakeFiles/pico_current_control.dir/__/lib/pico-sdk/src/rp2_common/pico_bit_ops/bit_ops_aeabi.S.obj
 .text.rom_func_lookup
                0x10003b10       0x10 CMakeFiles/pico_current_control.dir/__/lib/pico-sdk/src/rp2_common/pico_bootrom/bootrom.c.obj
                0x10003b10                rom_func_lookup
 .text.rom_data_lookup
                0x10003b20       0x10 CMakeFiles/pico_current_control.dir/__/lib/pico-sdk/src/rp2_common/pico_bootrom/bootrom.c.obj
                0x10003b20                rom_data_lookup
 .text.rom_funcs_lookup
                0x10003b30       0x3c CMakeFiles/pico_current_control.dir/__/lib/pico-sdk/src/rp2_common/pico_bootrom/bootrom.c.obj
                0x10003b30                rom_funcs_lookup
 .text.__wrap___aeabi_idiv
                0x10003b6c       0x50 CMakeFiles/pico_current_control.dir/__/lib/pico-sdk/src/rp2_common/pico_divider/divider.S.obj
                0x10003b6c                __wrap___aeabi_idivmod
                0x10003b6c                divmod_s32s32
                0x10003b6c                div_s32s32
                0x10003b6c                __wrap___aeabi_idiv
                0x10003b74                divmod_s32s32_unsafe
                0x10003ba0                divmod_s32s32_savestate
 .text.__wrap___aeabi_uidiv
                0x10003bbc       0x4c CMakeFiles/pico_current_control.dir/__/lib/pico-sdk/src/rp2_common/pico_divider/divider.S.obj
                0x10003bbc                __wrap___aeabi_uidiv
                0x10003bbc                __wrap___aeabi_uidivmod
                0x10003bbc                div_u32u32
                0x10003bbc                divmod_u32u32
                0x10003bc4                divmod_u32u32_unsafe
                0x10003bec                divmod_u32u32_savestate
 .text.__wrap___aeabi_ldiv
                0x10003c08      0x434 CMakeFiles/pico_current_control.dir/__/lib/pico-sdk/src/rp2_common/pico_divider/divider.S.obj
                0x10003c08                div_s64s64
                0x10003c08                divmod_s64s64
                0x10003c08                __wrap___aeabi_ldivmod
                0x10003c40                div_u64u64
                0x10003c40                divmod_u64u64
                0x10003c40                __wrap___aeabi_uldivmod
                0x10003c50                divmod_u64u64_savestate
                0x10003c78                divmod_s64s64_unsafe
                0x10003d00                divmod_u64u64_unsafe
 .text.__wrap___aeabi_darithmetic
                0x1000403c       0x80 CMakeFiles/pico_current_control.dir/__/lib/pico-sdk/src/rp2_common/pico_double/double_aeabi.S.obj
                0x1000403c                __wrap___aeabi_drsub
                0x10004042                __wrap___aeabi_dsub
                0x10004054                __wrap___aeabi_dadd
                0x10004066                __wrap___aeabi_ddiv
                0x100040a2                __wrap___aeabi_dmul
 .text.__wrap___aeabi_cdcmple
                0x100040bc       0x6c CMakeFiles/pico_current_control.dir/__/lib/pico-sdk/src/rp2_common/pico_double/double_aeabi.S.obj
                0x100040bc                __wrap___aeabi_cdrcmple
                0x100040cc                __wrap___aeabi_cdcmple
                0x100040cc                __wrap___aeabi_cdcmpeq
 .text.__wrap___aeabi_dcmplt
                0x10004128        0xc CMakeFiles/pico_current_control.dir/__/lib/pico-sdk/src/rp2_common/pico_double/double_aeabi.S.obj
                0x10004128                __wrap___aeabi_dcmplt
 .text.__wrap___aeabi_dcmple
                0x10004134       0x10 CMakeFiles/pico_current_control.dir/__/lib/pico-sdk/src/rp2_common/pico_double/double_aeabi.S.obj
                0x10004134                __wrap___aeabi_dcmple
 .text.__wrap___aeabi_dcmpge
                0x10004144       0x10 CMakeFiles/pico_current_control.dir/__/lib/pico-sdk/src/rp2_common/pico_double/double_aeabi.S.obj
                0x10004144                __wrap___aeabi_dcmpge
 .text.__wrap___aeabi_dcmpgt
                0x10004154        0xa CMakeFiles/pico_current_control.dir/__/lib/pico-sdk/src/rp2_common/pico_double/double_aeabi.S.obj
                0x10004154                __wrap___aeabi_dcmpgt
 .text.__wrap___aeabi_dcmpun
                0x1000415e       0x1c CMakeFiles/pico_current_control.dir/__/lib/pico-sdk/src/rp2_common/pico_double/double_aeabi.S.obj
                0x1000415e                __wrap___aeabi_dcmpun
 *fill*         0x1000417a        0x2 
 .text.__wrap___aeabi_i2d
                0x1000417c       0x38 CMakeFiles/pico_current_control.dir/__/lib/pico-sdk/src/rp2_common/pico_double/double_aeabi.S.obj
                0x1000417c                __wrap___aeabi_ui2d
                0x10004184                __wrap___aeabi_i2d
 .text.__wrap___aeabi_d2iz
                0x100041b4       0x48 CMakeFiles/pico_current_control.dir/__/lib/pico-sdk/src/rp2_common/pico_double/double_aeabi.S.obj
                0x100041b4                __wrap___aeabi_d2iz
                0x100041b4                double2int_z
 .text.__wrap___aeabi_d2uiz
                0x100041fc       0x18 CMakeFiles/pico_current_control.dir/__/lib/pico-sdk/src/rp2_common/pico_double/double_aeabi.S.obj
                0x100041fc                double2uint
                0x100041fc                __wrap___aeabi_d2uiz
 .text.__wrap___aeabi_ul2d
                0x10004214       0x18 CMakeFiles/pico_current_control.dir/__/lib/pico-sdk/src/rp2_common/pico_double/double_aeabi.S.obj
                0x10004214                __wrap___aeabi_ul2d
 .text.__wrap___aeabi_d2f
                0x1000422c       0x18 CMakeFiles/pico_current_control.dir/__/lib/pico-sdk/src/rp2_common/pico_double/double_aeabi.S.obj
                0x1000422c                __wrap___aeabi_d2f
 .text.__aeabi_double_init
                0x10004244       0xbc CMakeFiles/pico_current_control.dir/__/lib/pico-sdk/src/rp2_common/pico_double/double_init_rom.c.obj
                0x10004244                __aeabi_double_init
 .text.double_table_shim_on_use_helper
                0x10004300       0x2c CMakeFiles/pico_current_control.dir/__/lib/pico-sdk/src/rp2_common/pico_double/double_v1_rom_shim.S.obj
                0x10004300                double_table_shim_on_use_helper
 .text.__wrap___aeabi_dsub
                0x1000432c       0x10 CMakeFiles/pico_current_control.dir/__/lib/pico-sdk/src/rp2_common/pico_double/double_v1_rom_shim.S.obj
                0x1000432c                drsub_shim
                0x10004332                dsub_shim
 .text.dadd_shim
                0x1000433c      0x15c CMakeFiles/pico_current_control.dir/__/lib/pico-sdk/src/rp2_common/pico_double/double_v1_rom_shim.S.obj
                0x1000433c                dadd_shim
 .text.dmul_shim
                0x10004498      0x15c CMakeFiles/pico_current_control.dir/__/lib/pico-sdk/src/rp2_common/pico_double/double_v1_rom_shim.S.obj
                0x10004498                dmul_shim
 .text.ddiv_shim
                0x100045f4      0x1b0 CMakeFiles/pico_current_control.dir/__/lib/pico-sdk/src/rp2_common/pico_double/double_v1_rom_shim.S.obj
                0x100045f4                ddiv_shim
 .text.double2uint_shim
                0x100047a4        0xe CMakeFiles/pico_current_control.dir/__/lib/pico-sdk/src/rp2_common/pico_double/double_v1_rom_shim.S.obj
                0x100047a4                double2uint_shim
                0x100047a6                double2ufix_shim
 *fill*         0x100047b2        0x2 
 .text.double2uint64_shim
                0x100047b4       0x70 CMakeFiles/pico_current_control.dir/__/lib/pico-sdk/src/rp2_common/pico_double/double_v1_rom_shim.S.obj
                0x100047b4                double2uint64_shim
                0x100047b6                double2ufix64_shim
                0x100047d6                d2fix_a
 .text.double2float_shim
                0x10004824       0x5c CMakeFiles/pico_current_control.dir/__/lib/pico-sdk/src/rp2_common/pico_double/double_v1_rom_shim.S.obj
                0x10004824                double2float_shim
 .text.x2double_shims
                0x10004880       0x90 CMakeFiles/pico_current_control.dir/__/lib/pico-sdk/src/rp2_common/pico_double/double_v1_rom_shim.S.obj
                0x10004880                uint2double_shim
                0x10004882                ufix2double_shim
                0x10004888                int2double_shim
                0x1000488a                fix2double_shim
                0x10004890                uint642double_shim
                0x10004892                ufix642double_shim
                0x10004898                int642double_shim
                0x1000489a                fix642double_shim
 .text.dunpacks
                0x10004910       0x3c CMakeFiles/pico_current_control.dir/__/lib/pico-sdk/src/rp2_common/pico_double/double_v1_rom_shim.S.obj
                0x10004910                dunpacks
 .text.__aeabi_lmul
                0x1000494c       0x32 CMakeFiles/pico_current_control.dir/__/lib/pico-sdk/src/rp2_common/pico_int64_ops/pico_int64_ops_aeabi.S.obj
                0x1000494c                __wrap___aeabi_lmul
 *fill*         0x1000497e        0x2 
 .text.__wrap___aeabi_farithmetic
                0x10004980       0x48 CMakeFiles/pico_current_control.dir/__/lib/pico-sdk/src/rp2_common/pico_float/float_aeabi.S.obj
                0x10004980                __wrap___aeabi_frsub
                0x10004986                __wrap___aeabi_fsub
                0x1000498c                __wrap___aeabi_fadd
                0x10004992                __wrap___aeabi_fdiv
                0x100049ba                __wrap___aeabi_fmul
 .text.__wrap___aeabi_cfcmple
                0x100049c8       0x50 CMakeFiles/pico_current_control.dir/__/lib/pico-sdk/src/rp2_common/pico_float/float_aeabi.S.obj
                0x100049c8                __wrap___aeabi_cfrcmple
                0x100049d4                __wrap___aeabi_cfcmpeq
                0x100049d4                __wrap___aeabi_cfcmple
 .text.__wrap___aeabi_fcmpge
                0x10004a18       0x10 CMakeFiles/pico_current_control.dir/__/lib/pico-sdk/src/rp2_common/pico_float/float_aeabi.S.obj
                0x10004a18                __wrap___aeabi_fcmpge
 .text.__wrap___aeabi_i2f
                0x10004a28       0x44 CMakeFiles/pico_current_control.dir/__/lib/pico-sdk/src/rp2_common/pico_float/float_aeabi.S.obj
                0x10004a28                __wrap___aeabi_i2f
 .text.__wrap___aeabi_f2iz
                0x10004a6c       0x4e CMakeFiles/pico_current_control.dir/__/lib/pico-sdk/src/rp2_common/pico_float/float_aeabi.S.obj
                0x10004a6c                __wrap___aeabi_f2iz
                0x10004a6c                float2int_z
 *fill*         0x10004aba        0x2 
 .text.float2int
                0x10004abc       0x14 CMakeFiles/pico_current_control.dir/__/lib/pico-sdk/src/rp2_common/pico_float/float_aeabi.S.obj
                0x10004abc                float2int
 .text.__wrap___aeabi_f2uiz
                0x10004ad0        0xc CMakeFiles/pico_current_control.dir/__/lib/pico-sdk/src/rp2_common/pico_float/float_aeabi.S.obj
                0x10004ad0                __wrap___aeabi_f2uiz
 .text.__wrap___aeabi_f2d
                0x10004adc       0x14 CMakeFiles/pico_current_control.dir/__/lib/pico-sdk/src/rp2_common/pico_float/float_aeabi.S.obj
                0x10004adc                __wrap___aeabi_f2d
 .text.__aeabi_float_init
                0x10004af0       0x68 CMakeFiles/pico_current_control.dir/__/lib/pico-sdk/src/rp2_common/pico_float/float_init_rom.c.obj
                0x10004af0                __aeabi_float_init
 .text.float_table_shim_on_use_helper
                0x10004b58       0x2c CMakeFiles/pico_current_control.dir/__/lib/pico-sdk/src/rp2_common/pico_float/float_v1_rom_shim.S.obj
                0x10004b58                float_table_shim_on_use_helper
 .text.float232_shims
                0x10004b84       0x18 CMakeFiles/pico_current_control.dir/__/lib/pico-sdk/src/rp2_common/pico_float/float_v1_rom_shim.S.obj
                0x10004b84                float2int_shim
                0x10004b86                float2fix_shim
 .text.float2double_shim
                0x10004b9c       0x30 CMakeFiles/pico_current_control.dir/__/lib/pico-sdk/src/rp2_common/pico_float/float_v1_rom_shim.S.obj
                0x10004b9c                float2double_shim
 .text.__wrap_malloc
                0x10004bcc       0x3c CMakeFiles/pico_current_control.dir/__/lib/pico-sdk/src/rp2_common/pico_malloc/pico_malloc.c.obj
                0x10004bcc                __wrap_malloc
 .text.__wrap_calloc
                0x10004c08       0x40 CMakeFiles/pico_current_control.dir/__/lib/pico-sdk/src/rp2_common/pico_malloc/pico_malloc.c.obj
                0x10004c08                __wrap_calloc
 .text.__wrap_free
                0x10004c48       0x20 CMakeFiles/pico_current_control.dir/__/lib/pico-sdk/src/rp2_common/pico_malloc/pico_malloc.c.obj
                0x10004c48                __wrap_free
 .text          0x10004c68       0x10 CMakeFiles/pico_current_control.dir/__/lib/pico-sdk/src/rp2_common/pico_mem_ops/mem_ops_aeabi.S.obj
                0x10004c68                __aeabi_mem_init
 .text.memset   0x10004c78        0xc CMakeFiles/pico_current_control.dir/__/lib/pico-sdk/src/rp2_common/pico_mem_ops/mem_ops_aeabi.S.obj
                0x10004c78                __wrap_memset
 .text.memcpy   0x10004c84        0xc CMakeFiles/pico_current_control.dir/__/lib/pico-sdk/src/rp2_common/pico_mem_ops/mem_ops_aeabi.S.obj
                0x10004c84                __wrap___aeabi_memcpy
                0x10004c84                __wrap_memcpy
 .text.stdio_out_chars_no_crlf
                0x10004c90       0x10 CMakeFiles/pico_current_control.dir/__/lib/pico-sdk/src/rp2_common/pico_stdio/stdio.c.obj
 .text.stdio_out_chars_crlf
                0x10004ca0       0xac CMakeFiles/pico_current_control.dir/__/lib/pico-sdk/src/rp2_common/pico_stdio/stdio.c.obj
 .text.stdio_stack_buffer_flush.part.1
                0x10004d4c       0xe8 CMakeFiles/pico_current_control.dir/__/lib/pico-sdk/src/rp2_common/pico_stdio/stdio.c.obj
 .text.stdio_buffered_printer
                0x10004e34       0x20 CMakeFiles/pico_current_control.dir/__/lib/pico-sdk/src/rp2_common/pico_stdio/stdio.c.obj
 .text.stdio_put_string
                0x10004e54       0xf8 CMakeFiles/pico_current_control.dir/__/lib/pico-sdk/src/rp2_common/pico_stdio/stdio.c.obj
 .text.__wrap_putchar
                0x10004f4c       0xa4 CMakeFiles/pico_current_control.dir/__/lib/pico-sdk/src/rp2_common/pico_stdio/stdio.c.obj
                0x10004f4c                __wrap_putchar
 .text.__wrap_puts
                0x10004ff0       0x3c CMakeFiles/pico_current_control.dir/__/lib/pico-sdk/src/rp2_common/pico_stdio/stdio.c.obj
                0x10004ff0                __wrap_puts
 .text._read    0x1000502c       0x94 CMakeFiles/pico_current_control.dir/__/lib/pico-sdk/src/rp2_common/pico_stdio/stdio.c.obj
                0x1000502c                _read
 .text._write   0x100050c0       0x24 CMakeFiles/pico_current_control.dir/__/lib/pico-sdk/src/rp2_common/pico_stdio/stdio.c.obj
                0x100050c0                _write
 .text.stdio_set_driver_enabled
                0x100050e4       0x30 CMakeFiles/pico_current_control.dir/__/lib/pico-sdk/src/rp2_common/pico_stdio/stdio.c.obj
                0x100050e4                stdio_set_driver_enabled
 .text.__wrap_vprintf
                0x10005114       0x98 CMakeFiles/pico_current_control.dir/__/lib/pico-sdk/src/rp2_common/pico_stdio/stdio.c.obj
                0x10005114                __wrap_vprintf
 .text.__wrap_printf
                0x100051ac       0x18 CMakeFiles/pico_current_control.dir/__/lib/pico-sdk/src/rp2_common/pico_stdio/stdio.c.obj
                0x100051ac                __wrap_printf
 .text.stdio_init_all
                0x100051c4        0x8 CMakeFiles/pico_current_control.dir/__/lib/pico-sdk/src/rp2_common/pico_stdio/stdio.c.obj
                0x100051c4                stdio_init_all
 .text.resetd_init
                0x100051cc        0x4 CMakeFiles/pico_current_control.dir/__/lib/pico-sdk/src/rp2_common/pico_stdio_usb/reset_interface.c.obj
 .text.resetd_reset
                0x100051d0        0xc CMakeFiles/pico_current_control.dir/__/lib/pico-sdk/src/rp2_common/pico_stdio_usb/reset_interface.c.obj
 .text.resetd_open
                0x100051dc       0x28 CMakeFiles/pico_current_control.dir/__/lib/pico-sdk/src/rp2_common/pico_stdio_usb/reset_interface.c.obj
 .text.resetd_xfer_cb
                0x10005204        0x4 CMakeFiles/pico_current_control.dir/__/lib/pico-sdk/src/rp2_common/pico_stdio_usb/reset_interface.c.obj
 .text.resetd_control_xfer_cb
                0x10005208       0x64 CMakeFiles/pico_current_control.dir/__/lib/pico-sdk/src/rp2_common/pico_stdio_usb/reset_interface.c.obj
 .text.usbd_app_driver_get_cb
                0x1000526c        0xc CMakeFiles/pico_current_control.dir/__/lib/pico-sdk/src/rp2_common/pico_stdio_usb/reset_interface.c.obj
                0x1000526c                usbd_app_driver_get_cb
 .text.tud_cdc_line_coding_cb
                0x10005278       0x34 CMakeFiles/pico_current_control.dir/__/lib/pico-sdk/src/rp2_common/pico_stdio_usb/reset_interface.c.obj
                0x10005278                tud_cdc_line_coding_cb
 .text.stdio_usb_in_chars
                0x100052ac       0x68 CMakeFiles/pico_current_control.dir/__/lib/pico-sdk/src/rp2_common/pico_stdio_usb/stdio_usb.c.obj
                0x100052ac                stdio_usb_in_chars
 .text.stdio_usb_out_chars
                0x10005314       0xf0 CMakeFiles/pico_current_control.dir/__/lib/pico-sdk/src/rp2_common/pico_stdio_usb/stdio_usb.c.obj
 .text.timer_task
                0x10005404       0x18 CMakeFiles/pico_current_control.dir/__/lib/pico-sdk/src/rp2_common/pico_stdio_usb/stdio_usb.c.obj
 .text.usb_irq  0x1000541c       0x10 CMakeFiles/pico_current_control.dir/__/lib/pico-sdk/src/rp2_common/pico_stdio_usb/stdio_usb.c.obj
 .text.low_priority_worker_irq
                0x1000542c       0x24 CMakeFiles/pico_current_control.dir/__/lib/pico-sdk/src/rp2_common/pico_stdio_usb/stdio_usb.c.obj
 .text.stdio_usb_init
                0x10005450       0xac CMakeFiles/pico_current_control.dir/__/lib/pico-sdk/src/rp2_common/pico_stdio_usb/stdio_usb.c.obj
                0x10005450                stdio_usb_init
 .text.tud_descriptor_device_cb
                0x100054fc        0x8 CMakeFiles/pico_current_control.dir/__/lib/pico-sdk/src/rp2_common/pico_stdio_usb/stdio_usb_descriptors.c.obj
                0x100054fc                tud_descriptor_device_cb
 .text.tud_descriptor_configuration_cb
                0x10005504        0x8 CMakeFiles/pico_current_control.dir/__/lib/pico-sdk/src/rp2_common/pico_stdio_usb/stdio_usb_descriptors.c.obj
                0x10005504                tud_descriptor_configuration_cb
 .text.tud_descriptor_string_cb
                0x1000550c       0x70 CMakeFiles/pico_current_control.dir/__/lib/pico-sdk/src/rp2_common/pico_stdio_usb/stdio_usb_descriptors.c.obj
                0x1000550c                tud_descriptor_string_cb
 .text.dcd_rp2040_irq
                0x1000557c      0x21c CMakeFiles/pico_current_control.dir/__/lib/pico-sdk/lib/tinyusb/src/portable/raspberrypi/rp2040/dcd_rp2040.c.obj
 .text.dcd_int_enable
                0x10005798        0xc CMakeFiles/pico_current_control.dir/__/lib/pico-sdk/lib/tinyusb/src/portable/raspberrypi/rp2040/dcd_rp2040.c.obj
                0x10005798                dcd_int_enable
 .text.dcd_set_address
                0x100057a4       0x14 CMakeFiles/pico_current_control.dir/__/lib/pico-sdk/lib/tinyusb/src/portable/raspberrypi/rp2040/dcd_rp2040.c.obj
                0x100057a4                dcd_set_address
 .text.dcd_connect
                0x100057b8       0x10 CMakeFiles/pico_current_control.dir/__/lib/pico-sdk/lib/tinyusb/src/portable/raspberrypi/rp2040/dcd_rp2040.c.obj
                0x100057b8                dcd_connect
 .text.dcd_init
                0x100057c8      0x144 CMakeFiles/pico_current_control.dir/__/lib/pico-sdk/lib/tinyusb/src/portable/raspberrypi/rp2040/dcd_rp2040.c.obj
                0x100057c8                dcd_init
 .text.dcd_edpt0_status_complete
                0x1000590c       0x1c CMakeFiles/pico_current_control.dir/__/lib/pico-sdk/lib/tinyusb/src/portable/raspberrypi/rp2040/dcd_rp2040.c.obj
                0x1000590c                dcd_edpt0_status_complete
 .text.dcd_edpt_open
                0x10005928       0xe4 CMakeFiles/pico_current_control.dir/__/lib/pico-sdk/lib/tinyusb/src/portable/raspberrypi/rp2040/dcd_rp2040.c.obj
                0x10005928                dcd_edpt_open
 .text.dcd_edpt_close_all
                0x10005a0c       0xbc CMakeFiles/pico_current_control.dir/__/lib/pico-sdk/lib/tinyusb/src/portable/raspberrypi/rp2040/dcd_rp2040.c.obj
                0x10005a0c                dcd_edpt_close_all
 .text.dcd_edpt_xfer
                0x10005ac8       0x24 CMakeFiles/pico_current_control.dir/__/lib/pico-sdk/lib/tinyusb/src/portable/raspberrypi/rp2040/dcd_rp2040.c.obj
                0x10005ac8                dcd_edpt_xfer
 .text.dcd_edpt_stall
                0x10005aec       0x34 CMakeFiles/pico_current_control.dir/__/lib/pico-sdk/lib/tinyusb/src/portable/raspberrypi/rp2040/dcd_rp2040.c.obj
                0x10005aec                dcd_edpt_stall
 .text.dcd_edpt_clear_stall
                0x10005b20       0x2c CMakeFiles/pico_current_control.dir/__/lib/pico-sdk/lib/tinyusb/src/portable/raspberrypi/rp2040/dcd_rp2040.c.obj
                0x10005b20                dcd_edpt_clear_stall
 .text._hw_endpoint_buffer_control_update32.part.2
                0x10005b4c       0x20 CMakeFiles/pico_current_control.dir/__/lib/pico-sdk/lib/tinyusb/src/portable/raspberrypi/rp2040/rp2040_usb.c.obj
 .text.rp2040_usb_init
                0x10005b6c       0x4c CMakeFiles/pico_current_control.dir/__/lib/pico-sdk/lib/tinyusb/src/portable/raspberrypi/rp2040/rp2040_usb.c.obj
                0x10005b6c                rp2040_usb_init
 .text.hw_endpoint_reset_transfer
                0x10005bb8        0xc CMakeFiles/pico_current_control.dir/__/lib/pico-sdk/lib/tinyusb/src/portable/raspberrypi/rp2040/rp2040_usb.c.obj
                0x10005bb8                hw_endpoint_reset_transfer
 .text._hw_endpoint_buffer_control_update32
                0x10005bc4       0x40 CMakeFiles/pico_current_control.dir/__/lib/pico-sdk/lib/tinyusb/src/portable/raspberrypi/rp2040/rp2040_usb.c.obj
                0x10005bc4                _hw_endpoint_buffer_control_update32
 .text.hw_endpoint_xfer_start
                0x10005c04      0x138 CMakeFiles/pico_current_control.dir/__/lib/pico-sdk/lib/tinyusb/src/portable/raspberrypi/rp2040/rp2040_usb.c.obj
                0x10005c04                hw_endpoint_xfer_start
 .text.hw_endpoint_xfer_continue
                0x10005d3c      0x1e0 CMakeFiles/pico_current_control.dir/__/lib/pico-sdk/lib/tinyusb/src/portable/raspberrypi/rp2040/rp2040_usb.c.obj
                0x10005d3c                hw_endpoint_xfer_continue
 .text.tud_mounted
                0x10005f1c       0x10 CMakeFiles/pico_current_control.dir/__/lib/pico-sdk/lib/tinyusb/src/device/usbd.c.obj
                0x10005f1c                tud_mounted
 .text.tud_suspended
                0x10005f2c       0x10 CMakeFiles/pico_current_control.dir/__/lib/pico-sdk/lib/tinyusb/src/device/usbd.c.obj
                0x10005f2c                tud_suspended
 .text.tud_inited
                0x10005f3c        0xc CMakeFiles/pico_current_control.dir/__/lib/pico-sdk/lib/tinyusb/src/device/usbd.c.obj
                0x10005f3c                tud_inited
 .text.tud_init
                0x10005f48       0xd4 CMakeFiles/pico_current_control.dir/__/lib/pico-sdk/lib/tinyusb/src/device/usbd.c.obj
                0x10005f48                tud_init
 .text.tud_task
                0x1000601c      0x928 CMakeFiles/pico_current_control.dir/__/lib/pico-sdk/lib/tinyusb/src/device/usbd.c.obj
                0x1000601c                tud_task
 .text.dcd_event_bus_signal
                0x10006944      0x124 CMakeFiles/pico_current_control.dir/__/lib/pico-sdk/lib/tinyusb/src/device/usbd.c.obj
                0x10006944                dcd_event_bus_signal
 .text.dcd_event_bus_reset
                0x10006a68       0x58 CMakeFiles/pico_current_control.dir/__/lib/pico-sdk/lib/tinyusb/src/device/usbd.c.obj
                0x10006a68                dcd_event_bus_reset
 .text.dcd_event_setup_received
                0x10006ac0       0x50 CMakeFiles/pico_current_control.dir/__/lib/pico-sdk/lib/tinyusb/src/device/usbd.c.obj
                0x10006ac0                dcd_event_setup_received
 .text.dcd_event_xfer_complete
                0x10006b10       0x68 CMakeFiles/pico_current_control.dir/__/lib/pico-sdk/lib/tinyusb/src/device/usbd.c.obj
                0x10006b10                dcd_event_xfer_complete
 .text.usbd_open_edpt_pair
                0x10006b78       0x9c CMakeFiles/pico_current_control.dir/__/lib/pico-sdk/lib/tinyusb/src/device/usbd.c.obj
                0x10006b78                usbd_open_edpt_pair
 .text.usbd_edpt_open
                0x10006c14       0x30 CMakeFiles/pico_current_control.dir/__/lib/pico-sdk/lib/tinyusb/src/device/usbd.c.obj
                0x10006c14                usbd_edpt_open
 .text.usbd_edpt_claim
                0x10006c44       0x60 CMakeFiles/pico_current_control.dir/__/lib/pico-sdk/lib/tinyusb/src/device/usbd.c.obj
                0x10006c44                usbd_edpt_claim
 .text.usbd_edpt_release
                0x10006ca4       0x4c CMakeFiles/pico_current_control.dir/__/lib/pico-sdk/lib/tinyusb/src/device/usbd.c.obj
                0x10006ca4                usbd_edpt_release
 .text.usbd_edpt_xfer
                0x10006cf0       0x48 CMakeFiles/pico_current_control.dir/__/lib/pico-sdk/lib/tinyusb/src/device/usbd.c.obj
                0x10006cf0                usbd_edpt_xfer
 .text.tud_control_status
                0x10006d38       0x30 CMakeFiles/pico_current_control.dir/__/lib/pico-sdk/lib/tinyusb/src/device/usbd_control.c.obj
                0x10006d38                tud_control_status
 .text.tud_control_xfer
                0x10006d68       0xb4 CMakeFiles/pico_current_control.dir/__/lib/pico-sdk/lib/tinyusb/src/device/usbd_control.c.obj
                0x10006d68                tud_control_xfer
 .text.usbd_control_reset
                0x10006e1c       0x14 CMakeFiles/pico_current_control.dir/__/lib/pico-sdk/lib/tinyusb/src/device/usbd_control.c.obj
                0x10006e1c                usbd_control_reset
 .text.usbd_control_set_complete_callback
                0x10006e30        0xc CMakeFiles/pico_current_control.dir/__/lib/pico-sdk/lib/tinyusb/src/device/usbd_control.c.obj
                0x10006e30                usbd_control_set_complete_callback
 .text.usbd_control_set_request
                0x10006e3c       0x1c CMakeFiles/pico_current_control.dir/__/lib/pico-sdk/lib/tinyusb/src/device/usbd_control.c.obj
                0x10006e3c                usbd_control_set_request
 .text.usbd_control_xfer_cb
                0x10006e58       0xfc CMakeFiles/pico_current_control.dir/__/lib/pico-sdk/lib/tinyusb/src/device/usbd_control.c.obj
                0x10006e58                usbd_control_xfer_cb
 .text.tud_cdc_n_connected
                0x10006f54       0x30 CMakeFiles/pico_current_control.dir/__/lib/pico-sdk/lib/tinyusb/src/class/cdc/cdc_device.c.obj
                0x10006f54                tud_cdc_n_connected
 .text.tud_cdc_n_available
                0x10006f84       0x18 CMakeFiles/pico_current_control.dir/__/lib/pico-sdk/lib/tinyusb/src/class/cdc/cdc_device.c.obj
                0x10006f84                tud_cdc_n_available
 .text.tud_cdc_n_read
                0x10006f9c       0x70 CMakeFiles/pico_current_control.dir/__/lib/pico-sdk/lib/tinyusb/src/class/cdc/cdc_device.c.obj
                0x10006f9c                tud_cdc_n_read
 .text.tud_cdc_n_write_flush
                0x1000700c       0x78 CMakeFiles/pico_current_control.dir/__/lib/pico-sdk/lib/tinyusb/src/class/cdc/cdc_device.c.obj
                0x1000700c                tud_cdc_n_write_flush
 .text.tud_cdc_n_write
                0x10007084       0x34 CMakeFiles/pico_current_control.dir/__/lib/pico-sdk/lib/tinyusb/src/class/cdc/cdc_device.c.obj
                0x10007084                tud_cdc_n_write
 .text.tud_cdc_n_write_available
                0x100070b8       0x18 CMakeFiles/pico_current_control.dir/__/lib/pico-sdk/lib/tinyusb/src/class/cdc/cdc_device.c.obj
                0x100070b8                tud_cdc_n_write_available
 .text.cdcd_init
                0x100070d0      0x118 CMakeFiles/pico_current_control.dir/__/lib/pico-sdk/lib/tinyusb/src/class/cdc/cdc_device.c.obj
                0x100070d0                cdcd_init
 .text.cdcd_reset
                0x100071e8       0x5c CMakeFiles/pico_current_control.dir/__/lib/pico-sdk/lib/tinyusb/src/class/cdc/cdc_device.c.obj
                0x100071e8                cdcd_reset
 .text.cdcd_open
                0x10007244      0x140 CMakeFiles/pico_current_control.dir/__/lib/pico-sdk/lib/tinyusb/src/class/cdc/cdc_device.c.obj
                0x10007244                cdcd_open
 .text.cdcd_control_xfer_cb
                0x10007384       0xf4 CMakeFiles/pico_current_control.dir/__/lib/pico-sdk/lib/tinyusb/src/class/cdc/cdc_device.c.obj
                0x10007384                cdcd_control_xfer_cb
 .text.cdcd_xfer_cb
                0x10007478      0x180 CMakeFiles/pico_current_control.dir/__/lib/pico-sdk/lib/tinyusb/src/class/cdc/cdc_device.c.obj
                0x10007478                cdcd_xfer_cb
 .text.tusb_init
                0x100075f8        0xc CMakeFiles/pico_current_control.dir/__/lib/pico-sdk/lib/tinyusb/src/tusb.c.obj
                0x100075f8                tusb_init
 .text.tusb_inited
                0x10007604        0x8 CMakeFiles/pico_current_control.dir/__/lib/pico-sdk/lib/tinyusb/src/tusb.c.obj
                0x10007604                tusb_inited
 .text.tu_edpt_validate
                0x1000760c       0x74 CMakeFiles/pico_current_control.dir/__/lib/pico-sdk/lib/tinyusb/src/tusb.c.obj
                0x1000760c                tu_edpt_validate
 .text.tu_edpt_bind_driver
                0x10007680       0x2c CMakeFiles/pico_current_control.dir/__/lib/pico-sdk/lib/tinyusb/src/tusb.c.obj
                0x10007680                tu_edpt_bind_driver
 .text.tu_fifo_config
                0x100076ac       0x78 CMakeFiles/pico_current_control.dir/__/lib/pico-sdk/lib/tinyusb/src/common/tusb_fifo.c.obj
                0x100076ac                tu_fifo_config
 .text.tu_fifo_count
                0x10007724       0x24 CMakeFiles/pico_current_control.dir/__/lib/pico-sdk/lib/tinyusb/src/common/tusb_fifo.c.obj
                0x10007724                tu_fifo_count
 .text.tu_fifo_empty
                0x10007748       0x10 CMakeFiles/pico_current_control.dir/__/lib/pico-sdk/lib/tinyusb/src/common/tusb_fifo.c.obj
                0x10007748                tu_fifo_empty
 .text.tu_fifo_remaining
                0x10007758       0x20 CMakeFiles/pico_current_control.dir/__/lib/pico-sdk/lib/tinyusb/src/common/tusb_fifo.c.obj
                0x10007758                tu_fifo_remaining
 .text.tu_fifo_read
                0x10007778       0xa0 CMakeFiles/pico_current_control.dir/__/lib/pico-sdk/lib/tinyusb/src/common/tusb_fifo.c.obj
                0x10007778                tu_fifo_read
 .text.tu_fifo_read_n
                0x10007818       0xf8 CMakeFiles/pico_current_control.dir/__/lib/pico-sdk/lib/tinyusb/src/common/tusb_fifo.c.obj
                0x10007818                tu_fifo_read_n
 .text.tu_fifo_write
                0x10007910       0x80 CMakeFiles/pico_current_control.dir/__/lib/pico-sdk/lib/tinyusb/src/common/tusb_fifo.c.obj
                0x10007910                tu_fifo_write
 .text.tu_fifo_write_n
                0x10007990       0xfc CMakeFiles/pico_current_control.dir/__/lib/pico-sdk/lib/tinyusb/src/common/tusb_fifo.c.obj
                0x10007990                tu_fifo_write_n
 .text.tu_fifo_clear
                0x10007a8c       0x4c CMakeFiles/pico_current_control.dir/__/lib/pico-sdk/lib/tinyusb/src/common/tusb_fifo.c.obj
                0x10007a8c                tu_fifo_clear
 .text.tu_fifo_set_overwritable
                0x10007ad8       0x3c CMakeFiles/pico_current_control.dir/__/lib/pico-sdk/lib/tinyusb/src/common/tusb_fifo.c.obj
                0x10007ad8                tu_fifo_set_overwritable
 .text.startup._retrieve_unique_id_on_boot
                0x10007b14       0x10 CMakeFiles/pico_current_control.dir/__/lib/pico-sdk/src/rp2_common/pico_unique_id/unique_id.c.obj
 .text.pico_get_unique_board_id_string
                0x10007b24      0x1cc CMakeFiles/pico_current_control.dir/__/lib/pico-sdk/src/rp2_common/pico_unique_id/unique_id.c.obj
                0x10007b24                pico_get_unique_board_id_string
 .text.flash_get_unique_id
                0x10007cf0       0x3c CMakeFiles/pico_current_control.dir/__/lib/pico-sdk/src/rp2_common/hardware_flash/flash.c.obj
                0x10007cf0                flash_get_unique_id
 .text.pio_claim_unused_sm
                0x10007d2c       0x3c CMakeFiles/pico_current_control.dir/__/lib/pico-sdk/src/rp2_common/hardware_pio/pio.c.obj
                0x10007d2c                pio_claim_unused_sm
 .text.pio_sm_is_claimed
                0x10007d68       0x20 CMakeFiles/pico_current_control.dir/__/lib/pico-sdk/src/rp2_common/hardware_pio/pio.c.obj
                0x10007d68                pio_sm_is_claimed
 .text.pio_add_program
                0x10007d88       0xc8 CMakeFiles/pico_current_control.dir/__/lib/pico-sdk/src/rp2_common/hardware_pio/pio.c.obj
                0x10007d88                pio_add_program
 .text.pio_sm_set_consecutive_pindirs
                0x10007e50       0x88 CMakeFiles/pico_current_control.dir/__/lib/pico-sdk/src/rp2_common/hardware_pio/pio.c.obj
                0x10007e50                pio_sm_set_consecutive_pindirs
 .text.pio_sm_init
                0x10007ed8       0x90 CMakeFiles/pico_current_control.dir/__/lib/pico-sdk/src/rp2_common/hardware_pio/pio.c.obj
                0x10007ed8                pio_sm_init
 .text.adc_init
                0x10007f68       0x38 CMakeFiles/pico_current_control.dir/__/lib/pico-sdk/src/rp2_common/hardware_adc/adc.c.obj
                0x10007f68                adc_init
 .text.rc_filter_free
                0x10007fa0       0x70 ../rc/librclib.a(filter.c.obj)
                0x10007fa0                rc_filter_free
 .text.rc_filter_alloc
                0x10008010      0x1c0 ../rc/librclib.a(filter.c.obj)
                0x10008010                rc_filter_alloc
 .text.rc_filter_march
                0x100081d0      0x2c0 ../rc/librclib.a(filter.c.obj)
                0x100081d0                rc_filter_march
 .text.rc_filter_enable_saturation
                0x10008490       0x6c ../rc/librclib.a(filter.c.obj)
                0x10008490                rc_filter_enable_saturation
 .text.rc_filter_first_order_lowpass
                0x100084fc      0x1f8 ../rc/librclib.a(filter.c.obj)
                0x100084fc                rc_filter_first_order_lowpass
 .text.rc_filter_pid
                0x100086f4      0x428 ../rc/librclib.a(filter.c.obj)
                0x100086f4                rc_filter_pid
 .text.rc_ringbuf_alloc
                0x10008b1c       0x9c ../rc/librclib.a(ring_buffer.c.obj)
                0x10008b1c                rc_ringbuf_alloc
 .text.rc_ringbuf_free
                0x10008bb8       0x54 ../rc/librclib.a(ring_buffer.c.obj)
                0x10008bb8                rc_ringbuf_free
 .text.rc_ringbuf_insert
                0x10008c0c       0x6c ../rc/librclib.a(ring_buffer.c.obj)
                0x10008c0c                rc_ringbuf_insert
 .text.rc_ringbuf_get_value
                0x10008c78       0x84 ../rc/librclib.a(ring_buffer.c.obj)
                0x10008c78                rc_ringbuf_get_value
 .text.rc_vector_alloc
                0x10008cfc       0x90 ../rc/librclib.a(vector.c.obj)
                0x10008cfc                rc_vector_alloc
 .text.rc_vector_free
                0x10008d8c       0x40 ../rc/librclib.a(vector.c.obj)
                0x10008d8c                rc_vector_free
 .text.rc_vector_from_array
                0x10008dcc       0xc4 ../rc/librclib.a(vector.c.obj)
                0x10008dcc                rc_vector_from_array
 .text.rc_vector_duplicate
                0x10008e90       0xcc ../rc/librclib.a(vector.c.obj)
                0x10008e90                rc_vector_duplicate
 .text.rc_motor_set
                0x10008f5c      0x11c ../rc/librclib.a(motor.c.obj)
                0x10008f5c                rc_motor_set
 .text.rc_motor_init
                0x10009078      0x134 ../rc/librclib.a(motor.c.obj)
                0x10009078                rc_motor_init
 .text.rc_encoder_init
                0x100091ac      0x340 ../rc/librclib.a(encoder.c.obj)
                0x100091ac                rc_encoder_init
 .text          0x100094ec       0x18 /usr/lib/gcc/arm-none-eabi/8.3.1/../../../arm-none-eabi/lib/thumb/v6-m/nofp/libc.a(lib_a-calloc.o)
                0x100094ec                calloc
 .text          0x10009504       0x5c /usr/lib/gcc/arm-none-eabi/8.3.1/../../../arm-none-eabi/lib/thumb/v6-m/nofp/libc.a(lib_a-callocr.o)
                0x10009504                _calloc_r
 .text          0x10009560       0x90 /usr/lib/gcc/arm-none-eabi/8.3.1/../../../arm-none-eabi/lib/thumb/v6-m/nofp/libc.a(lib_a-fwrite.o)
                0x10009560                _fwrite_r
                0x100095d0                fwrite
 .text          0x100095f0       0x28 /usr/lib/gcc/arm-none-eabi/8.3.1/../../../arm-none-eabi/lib/thumb/v6-m/nofp/libc.a(lib_a-malloc.o)
                0x100095f0                malloc
                0x10009604                free
 .text          0x10009618      0x58c /usr/lib/gcc/arm-none-eabi/8.3.1/../../../arm-none-eabi/lib/thumb/v6-m/nofp/libc.a(lib_a-mallocr.o)
                0x10009618                _malloc_r
 .text          0x10009ba4        0x8 /usr/lib/gcc/arm-none-eabi/8.3.1/../../../arm-none-eabi/lib/thumb/v6-m/nofp/libc.a(lib_a-mlock.o)
                0x10009ba4                __malloc_lock
                0x10009ba8                __malloc_unlock
 .text          0x10009bac      0x35c /usr/lib/gcc/arm-none-eabi/8.3.1/../../../arm-none-eabi/lib/thumb/v6-m/nofp/libc.a(lib_a-reallocr.o)
                0x10009bac                _realloc_r
 .text          0x10009f08       0x24 /usr/lib/gcc/arm-none-eabi/8.3.1/../../../arm-none-eabi/lib/thumb/v6-m/nofp/libc.a(lib_a-sbrkr.o)
                0x10009f08                _sbrk_r
 .text          0x10009f2c       0x68 /usr/lib/gcc/arm-none-eabi/8.3.1/../../../arm-none-eabi/lib/thumb/v6-m/nofp/libc.a(lib_a-strlen-stub.o)
                0x10009f2c                strlen
 .text          0x10009f94       0x28 /usr/lib/gcc/arm-none-eabi/8.3.1/../../../arm-none-eabi/lib/thumb/v6-m/nofp/libc.a(lib_a-writer.o)
                0x10009f94                _write_r
 .text          0x10009fbc       0xdc /usr/lib/gcc/arm-none-eabi/8.3.1/../../../arm-none-eabi/lib/thumb/v6-m/nofp/libc.a(lib_a-wsetup.o)
                0x10009fbc                __swsetup_r
 .text          0x1000a098      0x1b4 /usr/lib/gcc/arm-none-eabi/8.3.1/../../../arm-none-eabi/lib/thumb/v6-m/nofp/libc.a(lib_a-fflush.o)
                0x1000a098                __sflush_r
                0x1000a1f8                _fflush_r
                0x1000a224                fflush
 .text          0x1000a24c      0x220 /usr/lib/gcc/arm-none-eabi/8.3.1/../../../arm-none-eabi/lib/thumb/v6-m/nofp/libc.a(lib_a-findfp.o)
                0x1000a250                _cleanup_r
                0x1000a34c                __sfmoreglue
                0x1000a37c                __sfp
                0x1000a404                _cleanup
                0x1000a41c                __sinit
                0x1000a42c                __sfp_lock_acquire
                0x1000a430                __sfp_lock_release
                0x1000a434                __sinit_lock_acquire
                0x1000a438                __sinit_lock_release
                0x1000a43c                __fp_lock_all
                0x1000a454                __fp_unlock_all
 .text          0x1000a46c      0x27c /usr/lib/gcc/arm-none-eabi/8.3.1/../../../arm-none-eabi/lib/thumb/v6-m/nofp/libc.a(lib_a-freer.o)
                0x1000a46c                _malloc_trim_r
                0x1000a50c                _free_r
 .text          0x1000a6e8      0x320 /usr/lib/gcc/arm-none-eabi/8.3.1/../../../arm-none-eabi/lib/thumb/v6-m/nofp/libc.a(lib_a-fvwrite.o)
                0x1000a6e8                __sfvwrite_r
 .text          0x1000aa08       0x90 /usr/lib/gcc/arm-none-eabi/8.3.1/../../../arm-none-eabi/lib/thumb/v6-m/nofp/libc.a(lib_a-fwalk.o)
                0x1000aa08                _fwalk
                0x1000aa4c                _fwalk_reent
 .text          0x1000aa98       0xf0 /usr/lib/gcc/arm-none-eabi/8.3.1/../../../arm-none-eabi/lib/thumb/v6-m/nofp/libc.a(lib_a-makebuf.o)
                0x1000aa98                __swhatbuf_r
                0x1000aaf8                __smakebuf_r
 .text          0x1000ab88       0xa4 /usr/lib/gcc/arm-none-eabi/8.3.1/../../../arm-none-eabi/lib/thumb/v6-m/nofp/libc.a(lib_a-stdio.o)
                0x1000ab88                __sread
                0x1000abb0                __seofread
                0x1000abb4                __swrite
                0x1000abf4                __sseek
                0x1000ac20                __sclose
 .text          0x1000ac2c       0x24 /usr/lib/gcc/arm-none-eabi/8.3.1/../../../arm-none-eabi/lib/thumb/v6-m/nofp/libc.a(lib_a-closer.o)
                0x1000ac2c                _close_r
 .text          0x1000ac50       0xac /usr/lib/gcc/arm-none-eabi/8.3.1/../../../arm-none-eabi/lib/thumb/v6-m/nofp/libc.a(lib_a-fclose.o)
                0x1000ac50                _fclose_r
                0x1000ace8                fclose
 .text          0x1000acfc       0x28 /usr/lib/gcc/arm-none-eabi/8.3.1/../../../arm-none-eabi/lib/thumb/v6-m/nofp/libc.a(lib_a-fstatr.o)
                0x1000acfc                _fstat_r
 .text          0x1000ad24       0x24 /usr/lib/gcc/arm-none-eabi/8.3.1/../../../arm-none-eabi/lib/thumb/v6-m/nofp/libc.a(lib_a-isattyr.o)
                0x1000ad24                _isatty_r
 .text          0x1000ad48       0x28 /usr/lib/gcc/arm-none-eabi/8.3.1/../../../arm-none-eabi/lib/thumb/v6-m/nofp/libc.a(lib_a-lseekr.o)
                0x1000ad48                _lseek_r
 .text          0x1000ad70       0x28 /usr/lib/gcc/arm-none-eabi/8.3.1/../../../arm-none-eabi/lib/thumb/v6-m/nofp/libc.a(lib_a-readr.o)
                0x1000ad70                _read_r
 .text          0x1000ad98       0x10 /usr/lib/gcc/arm-none-eabi/8.3.1/../../../arm-none-eabi/lib/thumb/v6-m/nofp/libnosys.a(close.o)
                0x1000ad98                _close
 .text          0x1000ada8       0x10 /usr/lib/gcc/arm-none-eabi/8.3.1/../../../arm-none-eabi/lib/thumb/v6-m/nofp/libnosys.a(fstat.o)
                0x1000ada8                _fstat
 .text          0x1000adb8       0x10 /usr/lib/gcc/arm-none-eabi/8.3.1/../../../arm-none-eabi/lib/thumb/v6-m/nofp/libnosys.a(isatty.o)
                0x1000adb8                _isatty
 .text          0x1000adc8       0x10 /usr/lib/gcc/arm-none-eabi/8.3.1/../../../arm-none-eabi/lib/thumb/v6-m/nofp/libnosys.a(lseek.o)
                0x1000adc8                _lseek
 *(.fini)
 .fini          0x1000add8        0x4 /usr/lib/gcc/arm-none-eabi/8.3.1/thumb/v6-m/nofp/crti.o
                0x1000add8                _fini
 *fill*         0x1000addc        0x4 
 .fini.__stub   0x1000ade0       0x90 linker stubs
 *crtbegin.o(.ctors)
 *crtbegin?.o(.ctors)
 *(EXCLUDE_FILE(*crtend.o *crtend?.o) .ctors)
 *(SORT_BY_NAME(.ctors.*))
 *(.ctors)
 *crtbegin.o(.dtors)
 *crtbegin?.o(.dtors)
 *(EXCLUDE_FILE(*crtend.o *crtend?.o) .dtors)
 *(SORT_BY_NAME(.dtors.*))
 *(.dtors)
 *(.eh_frame*)
 .eh_frame      0x1000ae70        0x0 /usr/lib/gcc/arm-none-eabi/8.3.1/thumb/v6-m/nofp/crtbegin.o
                0x1000ae70                . = ALIGN (0x4)

.glue_7         0x1000ae70        0x0
 .glue_7        0x1000ae70        0x0 linker stubs

.glue_7t        0x1000ae70        0x0
 .glue_7t       0x1000ae70        0x0 linker stubs

.vfp11_veneer   0x1000ae70        0x0
 .vfp11_veneer  0x1000ae70        0x0 linker stubs

.v4_bx          0x1000ae70        0x0
 .v4_bx         0x1000ae70        0x0 linker stubs

.iplt           0x1000ae70        0x0
 .iplt          0x1000ae70        0x0 /usr/lib/gcc/arm-none-eabi/8.3.1/thumb/v6-m/nofp/crtbegin.o

.rodata         0x1000ae70      0xfc0
 *(EXCLUDE_FILE(*libm.a: *libc.a:*lib_a-mem*.o *libgcc.a:) .rodata*)
 .rodata.main.str1.4
                0x1000ae70       0x73 CMakeFiles/pico_current_control.dir/pico_current_control.c.obj
 *fill*         0x1000aee3        0x1 
 .rodata.spin_lock_claim_unused.str1.4
                0x1000aee4       0x1b CMakeFiles/pico_current_control.dir/__/lib/pico-sdk/src/rp2_common/hardware_sync/sync.c.obj
 *fill*         0x1000aeff        0x1 
 .rodata.user_irq_claim_unused.str1.4
                0x1000af00       0x1b CMakeFiles/pico_current_control.dir/__/lib/pico-sdk/src/rp2_common/hardware_irq/irq.c.obj
 *fill*         0x1000af1b        0x5 
 .rodata.at_the_end_of_time
                0x1000af20        0x8 CMakeFiles/pico_current_control.dir/__/lib/pico-sdk/src/common/pico_time/time.c.obj
                0x1000af20                at_the_end_of_time
 .rodata.hardware_alarm_claim.str1.4
                0x1000af28       0x22 CMakeFiles/pico_current_control.dir/__/lib/pico-sdk/src/rp2_common/hardware_timer/timer.c.obj
 *fill*         0x1000af4a        0x2 
 .rodata.hard_assertion_failure.str1.4
                0x1000af4c        0xc CMakeFiles/pico_current_control.dir/__/lib/pico-sdk/src/rp2_common/pico_runtime/runtime.c.obj
 .rodata.panic.str1.4
                0x1000af58       0x10 CMakeFiles/pico_current_control.dir/__/lib/pico-sdk/src/rp2_common/pico_runtime/runtime.c.obj
                                 0x12 (size before relaxing)
 .rodata._vsnprintf
                0x1000af68      0x1e0 CMakeFiles/pico_current_control.dir/__/lib/pico-sdk/src/rp2_common/pico_printf/printf.c.obj
 .rodata._ftoa.str1.4
                0x1000b148       0x15 CMakeFiles/pico_current_control.dir/__/lib/pico-sdk/src/rp2_common/pico_printf/printf.c.obj
 *fill*         0x1000b15d        0x3 
 .rodata.pow10.5494
                0x1000b160       0x50 CMakeFiles/pico_current_control.dir/__/lib/pico-sdk/src/rp2_common/pico_printf/printf.c.obj
 .rodata.__wrap_malloc.str1.4
                0x1000b1b0        0xe CMakeFiles/pico_current_control.dir/__/lib/pico-sdk/src/rp2_common/pico_malloc/pico_malloc.c.obj
 *fill*         0x1000b1be        0x2 
 .rodata.__bi_44
                0x1000b1c0        0xc CMakeFiles/pico_current_control.dir/__/lib/pico-sdk/src/rp2_common/pico_standard_link/binary_info.c.obj
 .rodata.__bi_75
                0x1000b1cc        0xc CMakeFiles/pico_current_control.dir/__/lib/pico-sdk/src/rp2_common/pico_standard_link/binary_info.c.obj
 .rodata.__bi_81
                0x1000b1d8        0xc CMakeFiles/pico_current_control.dir/__/lib/pico-sdk/src/rp2_common/pico_standard_link/binary_info.c.obj
 .rodata.str1.4
                0x1000b1e4       0x4c CMakeFiles/pico_current_control.dir/__/lib/pico-sdk/src/rp2_common/pico_standard_link/binary_info.c.obj
 .rodata.crlf_str.5971
                0x1000b230        0x2 CMakeFiles/pico_current_control.dir/__/lib/pico-sdk/src/rp2_common/pico_stdio/stdio.c.obj
 *fill*         0x1000b232        0x2 
 .rodata._resetd_driver
                0x1000b234       0x18 CMakeFiles/pico_current_control.dir/__/lib/pico-sdk/src/rp2_common/pico_stdio_usb/reset_interface.c.obj
 .rodata.__bi_167.7287
                0x1000b24c        0xc CMakeFiles/pico_current_control.dir/__/lib/pico-sdk/src/rp2_common/pico_stdio_usb/stdio_usb.c.obj
 .rodata.str1.4
                0x1000b258       0x13 CMakeFiles/pico_current_control.dir/__/lib/pico-sdk/src/rp2_common/pico_stdio_usb/stdio_usb.c.obj
 *fill*         0x1000b26b        0x1 
 .rodata.str1.4
                0x1000b26c       0x2e CMakeFiles/pico_current_control.dir/__/lib/pico-sdk/src/rp2_common/pico_stdio_usb/stdio_usb_descriptors.c.obj
 *fill*         0x1000b29a        0x2 
 .rodata.usbd_desc_cfg
                0x1000b29c       0x96 CMakeFiles/pico_current_control.dir/__/lib/pico-sdk/src/rp2_common/pico_stdio_usb/stdio_usb_descriptors.c.obj
 *fill*         0x1000b332        0x2 
 .rodata.usbd_desc_device
                0x1000b334       0x12 CMakeFiles/pico_current_control.dir/__/lib/pico-sdk/src/rp2_common/pico_stdio_usb/stdio_usb_descriptors.c.obj
 *fill*         0x1000b346        0x2 
 .rodata.usbd_desc_str
                0x1000b348       0x18 CMakeFiles/pico_current_control.dir/__/lib/pico-sdk/src/rp2_common/pico_stdio_usb/stdio_usb_descriptors.c.obj
 .rodata.dcd_rp2040_irq.str1.4
                0x1000b360       0x14 CMakeFiles/pico_current_control.dir/__/lib/pico-sdk/lib/tinyusb/src/portable/raspberrypi/rp2040/dcd_rp2040.c.obj
 .rodata._hw_endpoint_buffer_control_update32.part.2.str1.4
                0x1000b374       0x1f CMakeFiles/pico_current_control.dir/__/lib/pico-sdk/lib/tinyusb/src/portable/raspberrypi/rp2040/rp2040_usb.c.obj
 *fill*         0x1000b393        0x1 
 .rodata.hw_endpoint_xfer_continue.str1.4
                0x1000b394       0x29 CMakeFiles/pico_current_control.dir/__/lib/pico-sdk/lib/tinyusb/src/portable/raspberrypi/rp2040/rp2040_usb.c.obj
 *fill*         0x1000b3bd        0x3 
 .rodata.str1.4
                0x1000b3c0        0x7 CMakeFiles/pico_current_control.dir/__/lib/pico-sdk/lib/tinyusb/src/portable/raspberrypi/rp2040/rp2040_usb.c.obj
 *fill*         0x1000b3c7        0x1 
 .rodata.tud_task
                0x1000b3c8       0x8c CMakeFiles/pico_current_control.dir/__/lib/pico-sdk/lib/tinyusb/src/device/usbd.c.obj
 .rodata._usbd_driver
                0x1000b454       0x18 CMakeFiles/pico_current_control.dir/__/lib/pico-sdk/lib/tinyusb/src/device/usbd.c.obj
 .rodata.pio_add_program.str1.4
                0x1000b46c       0x11 CMakeFiles/pico_current_control.dir/__/lib/pico-sdk/src/rp2_common/hardware_pio/pio.c.obj
 *fill*         0x1000b47d        0x3 
 .rodata.pio_claim_unused_sm.str1.4
                0x1000b480       0x24 CMakeFiles/pico_current_control.dir/__/lib/pico-sdk/src/rp2_common/hardware_pio/pio.c.obj
 .rodata.rc_filter_alloc.str1.4
                0x1000b4a4      0x18a ../rc/librclib.a(filter.c.obj)
 *fill*         0x1000b62e        0x2 
 .rodata.rc_filter_alloc_from_arrays.str1.4
                0x1000b630      0x18e ../rc/librclib.a(filter.c.obj)
 *fill*         0x1000b7be        0x2 
 .rodata.rc_filter_enable_saturation.str1.4
                0x1000b7c0       0x76 ../rc/librclib.a(filter.c.obj)
 *fill*         0x1000b836        0x2 
 .rodata.rc_filter_first_order_lowpass.str1.4
                0x1000b838       0xbc ../rc/librclib.a(filter.c.obj)
 .rodata.rc_filter_free.str1.4
                0x1000b8f4       0x30 ../rc/librclib.a(filter.c.obj)
 .rodata.rc_filter_march.str1.4
                0x1000b924       0x2f ../rc/librclib.a(filter.c.obj)
 *fill*         0x1000b953        0x1 
 .rodata.rc_filter_pid.str1.4
                0x1000b954       0xf8 ../rc/librclib.a(filter.c.obj)
 .rodata.rc_ringbuf_alloc.str1.4
                0x1000ba4c       0x9a ../rc/librclib.a(ring_buffer.c.obj)
 *fill*         0x1000bae6        0x2 
 .rodata.rc_ringbuf_free.str1.4
                0x1000bae8       0x31 ../rc/librclib.a(ring_buffer.c.obj)
 *fill*         0x1000bb19        0x3 
 .rodata.rc_ringbuf_get_value.str1.4
                0x1000bb1c       0xa6 ../rc/librclib.a(ring_buffer.c.obj)
 *fill*         0x1000bbc2        0x2 
 .rodata.rc_ringbuf_insert.str1.4
                0x1000bbc4       0x67 ../rc/librclib.a(ring_buffer.c.obj)
 *fill*         0x1000bc2b        0x1 
 .rodata.rc_vector_alloc.str1.4
                0x1000bc2c       0x91 ../rc/librclib.a(vector.c.obj)
 *fill*         0x1000bcbd        0x3 
 .rodata.rc_vector_duplicate.str1.4
                0x1000bcc0       0x6d ../rc/librclib.a(vector.c.obj)
 *fill*         0x1000bd2d        0x3 
 .rodata.rc_vector_free.str1.4
                0x1000bd30       0x2d ../rc/librclib.a(vector.c.obj)
 *fill*         0x1000bd5d        0x3 
 .rodata.rc_vector_from_array.str1.4
                0x1000bd60       0x72 ../rc/librclib.a(vector.c.obj)
 *fill*         0x1000bdd2        0x2 
 .rodata.rc_motor_set.str1.4
                0x1000bdd4       0x12 ../rc/librclib.a(motor.c.obj)
 *fill*         0x1000bde6        0x2 
 .rodata.quadrature_encoder_program
                0x1000bde8        0x6 ../rc/librclib.a(encoder.c.obj)
 *fill*         0x1000bdee        0x2 
 .rodata.quadrature_encoder_program_instructions
                0x1000bdf0       0x3c ../rc/librclib.a(encoder.c.obj)
 .rodata        0x1000be2c        0x4 /usr/lib/gcc/arm-none-eabi/8.3.1/../../../arm-none-eabi/lib/thumb/v6-m/nofp/libc.a(lib_a-impure.o)
                0x1000be2c                _global_impure_ptr
                0x1000be30                . = ALIGN (0x4)
 *(SORT_BY_ALIGNMENT(SORT_BY_NAME(.flashdata*)))
                0x1000be30                . = ALIGN (0x4)

.rel.dyn        0x1000be30        0x0
 .rel.iplt      0x1000be30        0x0 /usr/lib/gcc/arm-none-eabi/8.3.1/thumb/v6-m/nofp/crtbegin.o

.ARM.extab
 *(.ARM.extab* .gnu.linkonce.armextab.*)
                0x1000be30                __exidx_start = .

.ARM.exidx
 *(.ARM.exidx* .gnu.linkonce.armexidx.*)
                0x1000be30                __exidx_end = .
                0x1000be30                . = ALIGN (0x4)
                0x1000be30                __binary_info_start = .

.binary_info    0x1000be30       0x20
 *(.binary_info.keep.*)
 .binary_info.keep.__bi_ptr22
                0x1000be30        0x4 CMakeFiles/pico_current_control.dir/__/lib/pico-sdk/src/rp2_common/pico_standard_link/binary_info.c.obj
 .binary_info.keep.__bi_ptr30
                0x1000be34        0x4 CMakeFiles/pico_current_control.dir/__/lib/pico-sdk/src/rp2_common/pico_standard_link/binary_info.c.obj
 .binary_info.keep.__bi_ptr38
                0x1000be38        0x4 CMakeFiles/pico_current_control.dir/__/lib/pico-sdk/src/rp2_common/pico_standard_link/binary_info.c.obj
 .binary_info.keep.__bi_ptr44
                0x1000be3c        0x4 CMakeFiles/pico_current_control.dir/__/lib/pico-sdk/src/rp2_common/pico_standard_link/binary_info.c.obj
 .binary_info.keep.__bi_ptr50
                0x1000be40        0x4 CMakeFiles/pico_current_control.dir/__/lib/pico-sdk/src/rp2_common/pico_standard_link/binary_info.c.obj
 .binary_info.keep.__bi_ptr75
                0x1000be44        0x4 CMakeFiles/pico_current_control.dir/__/lib/pico-sdk/src/rp2_common/pico_standard_link/binary_info.c.obj
 .binary_info.keep.__bi_ptr81
                0x1000be48        0x4 CMakeFiles/pico_current_control.dir/__/lib/pico-sdk/src/rp2_common/pico_standard_link/binary_info.c.obj
 *(.binary_info.*)
 .binary_info.__bi_ptr167
                0x1000be4c        0x4 CMakeFiles/pico_current_control.dir/__/lib/pico-sdk/src/rp2_common/pico_stdio_usb/stdio_usb.c.obj
                0x1000be50                __binary_info_end = .
                0x1000be50                . = ALIGN (0x4)
                0x1000be50                __etext = .

.ram_vector_table
                0x20000000       0xc0
 *(.ram_vector_table)
 .ram_vector_table
                0x20000000       0xc0 CMakeFiles/pico_current_control.dir/__/lib/pico-sdk/src/rp2_common/pico_runtime/runtime.c.obj
                0x20000000                ram_vector_table

.data           0x200000c0      0xf08 load address 0x1000be50
                0x200000c0                __data_start__ = .
 *(vtable)
 *(.time_critical*)
 .time_critical.mutex_enter_blocking
                0x200000c0       0x48 CMakeFiles/pico_current_control.dir/__/lib/pico-sdk/src/common/pico_sync/mutex.c.obj
                0x200000c0                mutex_enter_blocking
 .time_critical.mutex_try_enter
                0x20000108       0x48 CMakeFiles/pico_current_control.dir/__/lib/pico-sdk/src/common/pico_sync/mutex.c.obj
                0x20000108                mutex_try_enter
 .time_critical.mutex_enter_timeout_ms
                0x20000150       0x98 CMakeFiles/pico_current_control.dir/__/lib/pico-sdk/src/common/pico_sync/mutex.c.obj
                0x20000150                mutex_enter_timeout_ms
 .time_critical.mutex_exit
                0x200001e8       0x28 CMakeFiles/pico_current_control.dir/__/lib/pico-sdk/src/common/pico_sync/mutex.c.obj
                0x200001e8                mutex_exit
 .time_critical.flash_init_boot2_copyout
                0x20000210       0x30 CMakeFiles/pico_current_control.dir/__/lib/pico-sdk/src/rp2_common/hardware_flash/flash.c.obj
 .time_critical.flash_enable_xip_via_boot2
                0x20000240       0x10 CMakeFiles/pico_current_control.dir/__/lib/pico-sdk/src/rp2_common/hardware_flash/flash.c.obj
 .time_critical.flash_cs_force
                0x20000250       0x38 CMakeFiles/pico_current_control.dir/__/lib/pico-sdk/src/rp2_common/hardware_flash/flash.c.obj
 .time_critical.flash_do_cmd
                0x20000288       0xb4 CMakeFiles/pico_current_control.dir/__/lib/pico-sdk/src/rp2_common/hardware_flash/flash.c.obj
                0x20000288                flash_do_cmd
 *(.text*)
 .text          0x2000033c        0x4 /usr/lib/gcc/arm-none-eabi/8.3.1/thumb/v6-m/nofp/libgcc.a(_dvmd_tls.o)
                0x2000033c                __aeabi_ldiv0
                0x2000033c                __aeabi_idiv0
 .text          0x20000340       0x80 /usr/lib/gcc/arm-none-eabi/8.3.1/../../../arm-none-eabi/lib/thumb/v6-m/nofp/libc.a(lib_a-memchr-stub.o)
                0x20000340                memchr
 .text          0x200003c0       0xbc /usr/lib/gcc/arm-none-eabi/8.3.1/../../../arm-none-eabi/lib/thumb/v6-m/nofp/libc.a(lib_a-memmove.o)
                0x200003c0                memmove
 *fill*         0x2000047c        0x4 
 .text.__stub   0x20000480       0x30 linker stubs
                0x200004b0                . = ALIGN (0x4)
 *(.rodata*)
                0x200004b0                . = ALIGN (0x4)
 *(.data*)
 *fill*         0x200004b0        0x0 
 .data.cmd_fltr
                0x200004b0       0x98 CMakeFiles/pico_current_control.dir/pico_current_control.c.obj
                0x200004b0                cmd_fltr
 .data.current_ctrlr
                0x20000548       0x98 CMakeFiles/pico_current_control.dir/pico_current_control.c.obj
                0x20000548                current_ctrlr
 .data.current_fltr
                0x200005e0       0x98 CMakeFiles/pico_current_control.dir/pico_current_control.c.obj
                0x200005e0                current_fltr
 .data.striped_spin_lock_num
                0x20000678        0x1 CMakeFiles/pico_current_control.dir/__/lib/pico-sdk/src/rp2_common/hardware_sync/sync.c.obj
 *fill*         0x20000679        0x3 
 .data          0x2000067c       0x48 CMakeFiles/pico_current_control.dir/__/lib/pico-sdk/src/rp2_common/hardware_irq/irq_handler_chain.S.obj
                0x2000067c                irq_handler_chain_slots
                0x200006ac                irq_handler_chain_first_slot
                0x200006b6                irq_handler_chain_remove_tail
 .data.default_alarm_pool
                0x200006c4       0x18 CMakeFiles/pico_current_control.dir/__/lib/pico-sdk/src/common/pico_time/time.c.obj
 .data.default_alarm_pool_heap
                0x200006dc       0x10 CMakeFiles/pico_current_control.dir/__/lib/pico-sdk/src/common/pico_time/time.c.obj
 *fill*         0x200006ec        0x4 
 .data.aeabi_bits_funcs
                0x200006f0       0x10 CMakeFiles/pico_current_control.dir/__/lib/pico-sdk/src/rp2_common/pico_bit_ops/bit_ops_aeabi.S.obj
                0x200006f0                aeabi_bits_funcs
                0x20000700                aeabi_bits_funcs_end
 .data.aeabi_mem_funcs
                0x20000700       0x10 CMakeFiles/pico_current_control.dir/__/lib/pico-sdk/src/rp2_common/pico_mem_ops/mem_ops_aeabi.S.obj
                0x20000700                aeabi_mem_funcs
                0x20000710                aeabi_mem_funcs_end
 .data.stdio_usb
                0x20000710       0x14 CMakeFiles/pico_current_control.dir/__/lib/pico-sdk/src/rp2_common/pico_stdio_usb/stdio_usb.c.obj
                0x20000710                stdio_usb
 .data.ep_dir_string
                0x20000724        0x8 CMakeFiles/pico_current_control.dir/__/lib/pico-sdk/lib/tinyusb/src/portable/raspberrypi/rp2040/rp2040_usb.c.obj
                0x20000724                ep_dir_string
 .data._usbd_qdef
                0x2000072c       0x24 CMakeFiles/pico_current_control.dir/__/lib/pico-sdk/lib/tinyusb/src/device/usbd.c.obj
                0x2000072c                _usbd_qdef
 .data.FREQ     0x20000750        0x4 ../rc/librclib.a(motor.c.obj)
                0x20000750                FREQ
 *fill*         0x20000754        0x4 
 .data.zero_tolerance
                0x20000758        0x8 ../rc/librclib.a(algebra.c.obj)
                0x20000758                zero_tolerance
 .data          0x20000760      0x430 /usr/lib/gcc/arm-none-eabi/8.3.1/../../../arm-none-eabi/lib/thumb/v6-m/nofp/libc.a(lib_a-impure.o)
                0x20000760                _impure_ptr
 .data          0x20000b90      0x410 /usr/lib/gcc/arm-none-eabi/8.3.1/../../../arm-none-eabi/lib/thumb/v6-m/nofp/libc.a(lib_a-mallocr.o)
                0x20000b90                __malloc_sbrk_base
                0x20000b94                __malloc_trim_threshold
                0x20000b98                __malloc_av_
                0x20000fa0                . = ALIGN (0x4)
 *(.after_data.*)
                0x20000fa0                . = ALIGN (0x4)
                0x20000fa0                PROVIDE (__mutex_array_start = .)
 *(SORT_BY_NAME(.mutex_array.*))
 *(.mutex_array)
 .mutex_array   0x20000fa0        0x8 CMakeFiles/pico_current_control.dir/__/lib/pico-sdk/src/rp2_common/pico_malloc/pico_malloc.c.obj
 .mutex_array   0x20000fa8        0x8 CMakeFiles/pico_current_control.dir/__/lib/pico-sdk/src/rp2_common/pico_stdio/stdio.c.obj
                0x20000fb0                PROVIDE (__mutex_array_end = .)
                0x20000fb0                . = ALIGN (0x4)
                0x20000fb0                PROVIDE (__preinit_array_start = .)
 *(SORT_BY_NAME(.preinit_array.*))
 .preinit_array.00001
                0x20000fb0        0x4 CMakeFiles/pico_current_control.dir/__/lib/pico-sdk/src/rp2_common/pico_mem_ops/mem_ops_aeabi.S.obj
 .preinit_array.00010
                0x20000fb4        0x4 CMakeFiles/pico_current_control.dir/__/lib/pico-sdk/src/rp2_common/pico_bit_ops/bit_ops_aeabi.S.obj
 .preinit_array.00020
                0x20000fb8        0x4 CMakeFiles/pico_current_control.dir/__/lib/pico-sdk/src/rp2_common/pico_double/double_aeabi.S.obj
 .preinit_array.00020
                0x20000fbc        0x4 CMakeFiles/pico_current_control.dir/__/lib/pico-sdk/src/rp2_common/pico_float/float_aeabi.S.obj
 *(.preinit_array)
                0x20000fc0                PROVIDE (__preinit_array_end = .)
                0x20000fc0                . = ALIGN (0x4)
                0x20000fc0                PROVIDE (__init_array_start = .)
 *(SORT_BY_NAME(.init_array.*))
 *(.init_array)
 .init_array    0x20000fc0        0x4 /usr/lib/gcc/arm-none-eabi/8.3.1/thumb/v6-m/nofp/crtbegin.o
 .init_array    0x20000fc4        0x4 CMakeFiles/pico_current_control.dir/__/lib/pico-sdk/src/rp2_common/pico_unique_id/unique_id.c.obj
                0x20000fc8                PROVIDE (__init_array_end = .)
                0x20000fc8                . = ALIGN (0x4)
                0x20000fc8                PROVIDE (__fini_array_start = .)
 *(SORT_BY_NAME(.fini_array.*))
 *(.fini_array)
                0x20000fc8                PROVIDE (__fini_array_end = .)
 *(.jcr)
                0x20000fc8                . = ALIGN (0x4)
                0x20000fc8                __data_end__ = .

.tm_clone_table
                0x20000fc8        0x0 load address 0x1000cd58
 .tm_clone_table
                0x20000fc8        0x0 /usr/lib/gcc/arm-none-eabi/8.3.1/thumb/v6-m/nofp/crtbegin.o
 .tm_clone_table
                0x20000fc8        0x0 /usr/lib/gcc/arm-none-eabi/8.3.1/thumb/v6-m/nofp/crtend.o

.igot.plt       0x20000fc8        0x0 load address 0x1000cd58
 .igot.plt      0x20000fc8        0x0 /usr/lib/gcc/arm-none-eabi/8.3.1/thumb/v6-m/nofp/crtbegin.o

.uninitialized_data
                0x20000fc8        0x0 load address 0x1000cd58
                0x20000fc8                . = ALIGN (0x4)
 *(.uninitialized_data*)

.scratch_x      0x20040000        0x0 load address 0x1000cd58
                0x20040000                __scratch_x_start__ = .
 *(.scratch_x.*)
                0x20040000                . = ALIGN (0x4)
                0x20040000                __scratch_x_end__ = .
                0x1000cd58                __scratch_x_source__ = LOADADDR (.scratch_x)

.scratch_y      0x20041000        0x0 load address 0x1000cd58
                0x20041000                __scratch_y_start__ = .
 *(.scratch_y.*)
                0x20041000                . = ALIGN (0x4)
                0x20041000                __scratch_y_end__ = .
                0x1000cd58                __scratch_y_source__ = LOADADDR (.scratch_y)

.bss            0x20000fc8     0x10cc
                0x20000fc8                . = ALIGN (0x4)
                0x20000fc8                __bss_start__ = .
 *(SORT_BY_ALIGNMENT(SORT_BY_NAME(.bss*)))
 .bss.default_alarm_pool_entries
                0x20000fc8      0x100 CMakeFiles/pico_current_control.dir/__/lib/pico-sdk/src/common/pico_time/time.c.obj
 .bss.last_avail_time.7244
                0x200010c8        0x8 CMakeFiles/pico_current_control.dir/__/lib/pico-sdk/src/rp2_common/pico_stdio_usb/stdio_usb.c.obj
 .bss           0x200010d0       0x1c /usr/lib/gcc/arm-none-eabi/8.3.1/thumb/v6-m/nofp/crtbegin.o
 .bss           0x200010ec       0x34 /usr/lib/gcc/arm-none-eabi/8.3.1/../../../arm-none-eabi/lib/thumb/v6-m/nofp/libc.a(lib_a-mallocr.o)
                0x200010ec                __malloc_top_pad
                0x200010f0                __malloc_current_mallinfo
                0x20001118                __malloc_max_sbrked_mem
                0x2000111c                __malloc_max_total_mem
 .bss._app_driver
                0x20001120        0x4 CMakeFiles/pico_current_control.dir/__/lib/pico-sdk/lib/tinyusb/src/device/usbd.c.obj
 .bss._cdcd_itf
                0x20001124      0x5b0 CMakeFiles/pico_current_control.dir/__/lib/pico-sdk/lib/tinyusb/src/class/cdc/cdc_device.c.obj
 .bss._ctrl_xfer
                0x200016d4       0x14 CMakeFiles/pico_current_control.dir/__/lib/pico-sdk/lib/tinyusb/src/device/usbd_control.c.obj
 .bss._ubsd_mutexdef
                0x200016e8        0x8 CMakeFiles/pico_current_control.dir/__/lib/pico-sdk/lib/tinyusb/src/device/usbd.c.obj
 .bss._usbd_ctrl_buf
                0x200016f0       0x40 CMakeFiles/pico_current_control.dir/__/lib/pico-sdk/lib/tinyusb/src/device/usbd_control.c.obj
 .bss._usbd_dev
                0x20001730       0x53 CMakeFiles/pico_current_control.dir/__/lib/pico-sdk/lib/tinyusb/src/device/usbd.c.obj
 *fill*         0x20001783        0x1 
 .bss._usbd_mutex
                0x20001784        0x4 CMakeFiles/pico_current_control.dir/__/lib/pico-sdk/lib/tinyusb/src/device/usbd.c.obj
 .bss._usbd_q   0x20001788        0x4 CMakeFiles/pico_current_control.dir/__/lib/pico-sdk/lib/tinyusb/src/device/usbd.c.obj
 .bss._used_instruction_space
                0x2000178c        0x8 CMakeFiles/pico_current_control.dir/__/lib/pico-sdk/src/rp2_common/hardware_pio/pio.c.obj
 .bss.alarm_callbacks
                0x20001794       0x10 CMakeFiles/pico_current_control.dir/__/lib/pico-sdk/src/rp2_common/hardware_timer/timer.c.obj
 .bss.boot2_copyout
                0x200017a4      0x100 CMakeFiles/pico_current_control.dir/__/lib/pico-sdk/src/rp2_common/hardware_flash/flash.c.obj
 .bss.claimed   0x200018a4        0x4 CMakeFiles/pico_current_control.dir/__/lib/pico-sdk/src/rp2_common/hardware_sync/sync.c.obj
 .bss.configured_freq
                0x200018a8       0x28 CMakeFiles/pico_current_control.dir/__/lib/pico-sdk/src/rp2_common/hardware_clocks/clocks.c.obj
 .bss.count     0x200018d0       0x10 ../rc/librclib.a(encoder.c.obj)
                0x200018d0                count
 .bss.default_alarm_pool_entry_ids_high
                0x200018e0       0x10 CMakeFiles/pico_current_control.dir/__/lib/pico-sdk/src/common/pico_time/time.c.obj
 .bss.default_alarm_pool_heap_nodes
                0x200018f0       0x30 CMakeFiles/pico_current_control.dir/__/lib/pico-sdk/src/common/pico_time/time.c.obj
 .bss.desc_str.7129
                0x20001920       0x28 CMakeFiles/pico_current_control.dir/__/lib/pico-sdk/src/rp2_common/pico_stdio_usb/stdio_usb_descriptors.c.obj
 .bss.drivers   0x20001948        0x4 CMakeFiles/pico_current_control.dir/__/lib/pico-sdk/src/rp2_common/pico_stdio/stdio.c.obj
 .bss.filter    0x2000194c        0x4 CMakeFiles/pico_current_control.dir/__/lib/pico-sdk/src/rp2_common/pico_stdio/stdio.c.obj
 .bss.heap_end.5915
                0x20001950        0x4 CMakeFiles/pico_current_control.dir/__/lib/pico-sdk/src/rp2_common/pico_runtime/runtime.c.obj
 .bss.hw_endpoints
                0x20001954      0x400 CMakeFiles/pico_current_control.dir/__/lib/pico-sdk/lib/tinyusb/src/portable/raspberrypi/rp2040/dcd_rp2040.c.obj
 .bss.lazy_vsnprintf
                0x20001d54        0x4 CMakeFiles/pico_current_control.dir/__/lib/pico-sdk/src/rp2_common/pico_printf/printf.c.obj
 .bss.load_value
                0x20001d58        0x4 CMakeFiles/pico_current_control.dir/__/lib/pico-sdk/src/rp2_common/hardware_watchdog/watchdog.c.obj
 .bss.next_buffer_ptr
                0x20001d5c        0x4 CMakeFiles/pico_current_control.dir/__/lib/pico-sdk/lib/tinyusb/src/portable/raspberrypi/rp2040/dcd_rp2040.c.obj
 .bss.pools     0x20001d60       0x10 CMakeFiles/pico_current_control.dir/__/lib/pico-sdk/src/common/pico_time/time.c.obj
 .bss.retrieved_id
                0x20001d70        0x8 CMakeFiles/pico_current_control.dir/__/lib/pico-sdk/src/rp2_common/pico_unique_id/unique_id.c.obj
 .bss.sf_clz_func
                0x20001d78        0x4 CMakeFiles/pico_current_control.dir/__/lib/pico-sdk/src/rp2_common/pico_double/double_init_rom.c.obj
                0x20001d78                sf_clz_func
 .bss.sleep_notifier
                0x20001d7c        0x4 CMakeFiles/pico_current_control.dir/__/lib/pico-sdk/src/common/pico_time/time.c.obj
 .bss.stdio_usb_mutex
                0x20001d80        0x8 CMakeFiles/pico_current_control.dir/__/lib/pico-sdk/src/rp2_common/pico_stdio_usb/stdio_usb.c.obj
 .bss.target_hi
                0x20001d88       0x10 CMakeFiles/pico_current_control.dir/__/lib/pico-sdk/src/rp2_common/hardware_timer/timer.c.obj
 .bss.usbd_serial_str
                0x20001d98       0x11 CMakeFiles/pico_current_control.dir/__/lib/pico-sdk/src/rp2_common/pico_stdio_usb/stdio_usb_descriptors.c.obj
 *fill*         0x20001da9        0x3 
 .bss.user_irq_claimed
                0x20001dac        0x2 CMakeFiles/pico_current_control.dir/__/lib/pico-sdk/src/rp2_common/hardware_irq/irq.c.obj
 .bss._app_driver_count
                0x20001dae        0x1 CMakeFiles/pico_current_control.dir/__/lib/pico-sdk/lib/tinyusb/src/device/usbd.c.obj
 .bss._usbd_initialized
                0x20001daf        0x1 CMakeFiles/pico_current_control.dir/__/lib/pico-sdk/lib/tinyusb/src/device/usbd.c.obj
 .bss.boot2_copyout_valid
                0x20001db0        0x1 CMakeFiles/pico_current_control.dir/__/lib/pico-sdk/src/rp2_common/hardware_flash/flash.c.obj
 .bss.claimed   0x20001db1        0x1 CMakeFiles/pico_current_control.dir/__/lib/pico-sdk/src/rp2_common/hardware_timer/timer.c.obj
 .bss.claimed   0x20001db2        0x1 CMakeFiles/pico_current_control.dir/__/lib/pico-sdk/src/rp2_common/hardware_pio/pio.c.obj
 .bss.irq_hander_chain_free_slot_head
                0x20001db3        0x1 CMakeFiles/pico_current_control.dir/__/lib/pico-sdk/src/rp2_common/hardware_irq/irq.c.obj
 .bss.itf_num   0x20001db4        0x1 CMakeFiles/pico_current_control.dir/__/lib/pico-sdk/src/rp2_common/pico_stdio_usb/reset_interface.c.obj
 .bss.low_priority_irq_num
                0x20001db5        0x1 CMakeFiles/pico_current_control.dir/__/lib/pico-sdk/src/rp2_common/pico_stdio_usb/stdio_usb.c.obj
 .bss.timer_callbacks_pending
                0x20001db6        0x1 CMakeFiles/pico_current_control.dir/__/lib/pico-sdk/src/rp2_common/hardware_timer/timer.c.obj
 *(COMMON)
 *fill*         0x20001db7        0x1 
 COMMON         0x20001db8      0x100 CMakeFiles/pico_current_control.dir/__/lib/pico-sdk/src/rp2_common/pico_double/double_init_rom.c.obj
                0x20001db8                sd_table
 COMMON         0x20001eb8      0x100 CMakeFiles/pico_current_control.dir/__/lib/pico-sdk/src/rp2_common/pico_float/float_init_rom.c.obj
                0x20001eb8                sf_table
 COMMON         0x20001fb8       0xc0 CMakeFiles/pico_current_control.dir/__/lib/pico-sdk/lib/tinyusb/src/device/usbd.c.obj
                0x20001fb8                _usbd_qdef_buf
 COMMON         0x20002078        0x8 ../rc/librclib.a(motor.c.obj)
                0x20002078                MOTOR_STATE
                0x2000207c                WRAP
 COMMON         0x20002080       0x10 ../rc/librclib.a(encoder.c.obj)
                0x20002080                pio
                0x20002084                sm1
                0x20002088                sm2
                0x2000208c                sm0
 COMMON         0x20002090        0x4 /usr/lib/gcc/arm-none-eabi/8.3.1/../../../arm-none-eabi/lib/thumb/v6-m/nofp/libc.a(lib_a-reent.o)
                0x20002090                errno
                0x20002094                . = ALIGN (0x4)
                0x20002094                __bss_end__ = .

.heap           0x20002094      0x800
                0x20002094                __end__ = .
                0x20002094                end = __end__
 *(.heap*)
 .heap          0x20002094      0x800 CMakeFiles/pico_current_control.dir/__/lib/pico-sdk/src/rp2_common/pico_standard_link/crt0.S.obj
                0x20002894                __HeapLimit = .

.stack1_dummy   0x20040000        0x0
 *(.stack1*)

.stack_dummy    0x20041000      0x800
 *(.stack*)
 .stack         0x20041000      0x800 CMakeFiles/pico_current_control.dir/__/lib/pico-sdk/src/rp2_common/pico_standard_link/crt0.S.obj

.flash_end      0x1000cd58        0x0
                0x1000cd58                __flash_binary_end = .
                0x20040000                __StackLimit = (ORIGIN (RAM) + LENGTH (RAM))
                0x20041000                __StackOneTop = (ORIGIN (SCRATCH_X) + LENGTH (SCRATCH_X))
                0x20042000                __StackTop = (ORIGIN (SCRATCH_Y) + LENGTH (SCRATCH_Y))